Component: ARM Compiler 5.06 update 6 (build 750) Tool: armlink [4d35ed]

==============================================================================

Section Cross References

    system_msp432p401r.o(i.SystemCoreClockUpdate) refers to system_msp432p401r.o(.data) for SystemCoreClock
    startup_msp432p401r_uvision.o(RESET) refers to startup_msp432p401r_uvision.o(STACK) for __initial_sp
    startup_msp432p401r_uvision.o(RESET) refers to startup_msp432p401r_uvision.o(.text) for Reset_Handler
    startup_msp432p401r_uvision.o(RESET) refers to tima.o(i.TA0_0_IRQHandler) for TA0_0_IRQHandler
    startup_msp432p401r_uvision.o(RESET) refers to tima.o(i.TA2_N_IRQHandler) for TA2_N_IRQHandler
    startup_msp432p401r_uvision.o(RESET) refers to main.o(i.EUSCIA0_IRQHandler) for EUSCIA0_IRQHandler
    startup_msp432p401r_uvision.o(RESET) refers to adc.o(i.ADC14_IRQHandler) for ADC14_IRQHandler
    startup_msp432p401r_uvision.o(RESET) refers to tim32.o(i.T32_INT1_IRQHandler) for T32_INT1_IRQHandler
    startup_msp432p401r_uvision.o(RESET) refers to tim32.o(i.T32_INT2_IRQHandler) for T32_INT2_IRQHandler
    startup_msp432p401r_uvision.o(RESET) refers to key.o(i.PORT1_IRQHandler) for PORT1_IRQHandler
    startup_msp432p401r_uvision.o(.text) refers to system_msp432p401r.o(i.SystemInit) for SystemInit
    startup_msp432p401r_uvision.o(.text) refers to entry.o(.ARM.Collect$$$$00000000) for __main
    main.o(i.EUSCIA0_IRQHandler) refers to uart.o(i.UART_getEnabledInterruptStatus) for UART_getEnabledInterruptStatus
    main.o(i.EUSCIA0_IRQHandler) refers to usart.o(i.rxHandler) for rxHandler
    main.o(i.EUSCIA0_IRQHandler) refers to usart.o(.bss) for rc_a0
    main.o(i.cb) refers to strcmp.o(.text) for strcmp
    main.o(i.cb) refers to memseta.o(.text) for __aeabi_memclr
    main.o(i.cb) refers to usart.o(i.uart_A0_RxReload) for uart_A0_RxReload
    main.o(i.cb) refers to strncasecmp.o(.text) for strncasecmp
    main.o(i.cb) refers to atof.o(i.__hardfp_atof) for __hardfp_atof
    main.o(i.cb) refers to d2f.o(.text) for __aeabi_d2f
    main.o(i.cb) refers to servo.o(i.ServoControl2_setAzimuth) for ServoControl2_setAzimuth
    main.o(i.cb) refers to servo.o(i.ServoControl2_setElevation) for ServoControl2_setElevation
    main.o(i.cb) refers to servo.o(i.ServoControl2_calibrate0) for ServoControl2_calibrate0
    main.o(i.cb) refers to servo.o(i.ServoControl2_calibrate90) for ServoControl2_calibrate90
    main.o(i.cb) refers to printfa.o(i.__0printf) for __2printf
    main.o(i.cb) refers to main.o(.bss) for cmd
    main.o(i.cb) refers to main.o(.data) for sc
    main.o(i.main) refers to sysinit.o(i.SysInit) for SysInit
    main.o(i.main) refers to usart.o(i.uart_init_IT) for uart_init_IT
    main.o(i.main) refers to delay.o(i.delay_init) for delay_init
    main.o(i.main) refers to usart.o(i.uart_A0_RxToZero) for uart_A0_RxToZero
    main.o(i.main) refers to gpio.o(i.GPIO_setAsOutputPin) for GPIO_setAsOutputPin
    main.o(i.main) refers to gpio.o(i.GPIO_setOutputHighOnPin) for GPIO_setOutputHighOnPin
    main.o(i.main) refers to gpio.o(i.GPIO_setOutputLowOnPin) for GPIO_setOutputLowOnPin
    main.o(i.main) refers to key.o(i.KEY_Init) for KEY_Init
    main.o(i.main) refers to gpio.o(i.GPIO_setAsPeripheralModuleFunctionOutputPin) for GPIO_setAsPeripheralModuleFunctionOutputPin
    main.o(i.main) refers to servo.o(i.ServoControl2_init) for ServoControl2_init
    main.o(i.main) refers to printfa.o(i.__0printf) for __2printf
    main.o(i.main) refers to gpio.o(i.GPIO_toggleOutputOnPin) for GPIO_toggleOutputOnPin
    main.o(i.main) refers to delay.o(i.delay_ms) for delay_ms
    main.o(i.main) refers to main.o(i.cb) for cb
    main.o(i.main) refers to main.o(.data) for sc
    adc.o(i.ADC14_IRQHandler) refers to adc14.o(i.ADC14_getMultiSequenceResult) for ADC14_getMultiSequenceResult
    adc.o(i.ADC14_IRQHandler) refers to printfa.o(i.__0printf) for __2printf
    adc.o(i.ADC14_IRQHandler) refers to adc.o(.data) for resultsBuffer
    adc.o(i.ADC_Config) refers to adc14.o(i.ADC14_configureMultiSequenceMode) for ADC14_configureMultiSequenceMode
    adc.o(i.ADC_Config) refers to adc14.o(i.ADC14_configureConversionMemory) for ADC14_configureConversionMemory
    key.o(i.KEY_Scan) refers to key.o(i.key_delay) for key_delay
    key.o(i.KEY_Scan) refers to key.o(.data) for key_up
    key.o(i.PORT1_IRQHandler) refers to key.o(i.key_delay) for key_delay
    key4x4.o(i.KEY4x4_Scan) refers to key4x4.o(i.key_delay) for key_delay
    key4x4.o(i.KEY4x4_Scan) refers to key4x4.o(.data) for key_up
    led.o(i.LED_C_On) refers to led.o(i.LED_R_Off) for LED_R_Off
    led.o(i.LED_C_On) refers to led.o(i.LED_G_On) for LED_G_On
    led.o(i.LED_C_On) refers to led.o(i.LED_B_On) for LED_B_On
    led.o(i.LED_Init) refers to led.o(i.LED_RED_Off) for LED_RED_Off
    led.o(i.LED_Init) refers to led.o(i.LED_R_Off) for LED_R_Off
    led.o(i.LED_Init) refers to led.o(i.LED_G_Off) for LED_G_Off
    led.o(i.LED_Init) refers to led.o(i.LED_B_Off) for LED_B_Off
[...]
    Removing key.o(.rev16_text), (4 bytes).
    Removing key.o(.revsh_text), (4 bytes).
    Removing key.o(.rrx_text), (6 bytes).
    Removing key.o(i.KEY_Scan), (144 bytes).
    Removing key.o(.data), (1 bytes).
    Removing key4x4.o(.rev16_text), (4 bytes).
    Removing key4x4.o(.revsh_text), (4 bytes).
    Removing key4x4.o(.rrx_text), (6 bytes).
    Removing key4x4.o(i.KEY4x4_Init), (56 bytes).
    Removing key4x4.o(i.KEY4x4_Scan), (184 bytes).
    Removing key4x4.o(i.key_delay), (42 bytes).
    Removing key4x4.o(.data), (1 bytes).
    Removing led.o(.rev16_text), (4 bytes).
    Removing led.o(.revsh_text), (4 bytes).
    Removing led.o(.rrx_text), (6 bytes).
    Removing led.o(i.LED_B_Off), (18 bytes).
    Removing led.o(i.LED_B_On), (18 bytes).
    Removing led.o(i.LED_B_Tog), (34 bytes).
    Removing led.o(i.LED_C_On), (16 bytes).
    Removing led.o(i.LED_G_Off), (18 bytes).
    Removing led.o(i.LED_G_On), (18 bytes).
    Removing led.o(i.LED_G_Tog), (34 bytes).
    Removing led.o(i.LED_Init), (48 bytes).
    Removing led.o(i.LED_P_On), (16 bytes).
    Removing led.o(i.LED_RED_Off), (18 bytes).
    Removing led.o(i.LED_RED_On), (18 bytes).
    Removing led.o(i.LED_RED_Tog), (34 bytes).
    Removing led.o(i.LED_R_Off), (18 bytes).
    Removing led.o(i.LED_R_On), (18 bytes).
    Removing led.o(i.LED_R_Tog), (34 bytes).
    Removing led.o(i.LED_W_Off), (16 bytes).
    Removing led.o(i.LED_W_On), (16 bytes).
    Removing led.o(i.LED_W_Tog), (16 bytes).
    Removing led.o(i.LED_Y_On), (16 bytes).
    Removing oled.o(.rev16_text), (4 bytes).
    Removing oled.o(.revsh_text), (4 bytes).
    Removing oled.o(.rrx_text), (6 bytes).
    Removing oled.o(i.I2C_Configuration), (100 bytes).
    Removing oled.o(i.OLED_Clear), (64 bytes).
    Removing oled.o(i.OLED_ColorTurn), (28 bytes).
    Removing oled.o(i.OLED_DisplayTurn), (44 bytes).
    Removing oled.o(i.OLED_Display_Off), (28 bytes).
    Removing oled.o(i.OLED_Display_On), (28 bytes).
    Removing oled.o(i.OLED_DrawBMP), (118 bytes).
    Removing oled.o(i.OLED_Init), (236 bytes).
    Removing oled.o(i.OLED_Set_Pos), (42 bytes).
    Removing oled.o(i.OLED_ShowChar), (212 bytes).
    Removing oled.o(i.OLED_ShowChinese), (120 bytes).
    Removing oled.o(i.OLED_ShowNum), (154 bytes).
    Removing oled.o(i.OLED_ShowString), (66 bytes).
    Removing oled.o(i.OLED_WR_Byte), (40 bytes).
    Removing oled.o(i.oled_pow), (22 bytes).
    Removing oled.o(.constdata), (2336 bytes).
    Removing tim32.o(.rev16_text), (4 bytes).
    Removing tim32.o(.revsh_text), (4 bytes).
    Removing tim32.o(.rrx_text), (6 bytes).
    Removing tim32.o(i.Tim32_0_Int_Init), (80 bytes).
    Removing tim32.o(i.Tim32_1_Int_Init), (80 bytes).
    Removing tima.o(.rev16_text), (4 bytes).
    Removing tima.o(.revsh_text), (4 bytes).
    Removing tima.o(.rrx_text), (6 bytes).
    Removing tima.o(i.TimA0_Int_Init), (88 bytes).
    Removing tima.o(i.TimA1_PWM_Init), (72 bytes).
    Removing tima.o(i.TimA2_Cap_Init), (140 bytes).
    Removing tima.o(.constdata), (40 bytes).
    Removing servo.o(.rev16_text), (4 bytes).
    Removing servo.o(.revsh_text), (4 bytes).
    Removing servo.o(.rrx_text), (6 bytes).
    Removing servo.o(i.ServoControl2_setParams), (14 bytes).
    Removing usart.o(.rev16_text), (4 bytes).
    Removing usart.o(.revsh_text), (4 bytes).
    Removing usart.o(.rrx_text), (6 bytes).
    Removing usart.o(i._sys_exit), (4 bytes).
    Removing usart.o(i.uart_init), (76 bytes).
    Removing sysinit.o(.rev16_text), (4 bytes).
    Removing sysinit.o(.revsh_text), (4 bytes).
    Removing sysinit.o(.rrx_text), (6 bytes).
    Removing delay.o(.rev16_text), (4 bytes).
    Removing delay.o(.revsh_text), (4 bytes).
    Removing delay.o(.rrx_text), (6 bytes).
    Removing baudrate_calculate.o(.rev16_text), (4 bytes).
    Removing baudrate_calculate.o(.revsh_text), (4 bytes).
    Removing baudrate_calculate.o(.rrx_text), (6 bytes).
    Removing adc14.o(.rev16_text), (4 bytes).
    Removing adc14.o(.revsh_text), (4 bytes).
    Removing adc14.o(.rrx_text), (6 bytes).
    Removing adc14.o(i.ADC14_clearInterruptFlag), (28 bytes).
    Removing adc14.o(i.ADC14_configureConversionMemory), (100 bytes).
    Removing adc14.o(i.ADC14_configureMultiSequenceMode), (124 bytes).
    Removing adc14.o(i.ADC14_configureSingleSampleMode), (60 bytes).
    Removing adc14.o(i.ADC14_disableComparatorWindow), (64 bytes).
    Removing adc14.o(i.ADC14_disableConversion), (16 bytes).
    Removing adc14.o(i.ADC14_disableInterrupt), (28 bytes).
    Removing adc14.o(i.ADC14_disableModule), (28 bytes).
    Removing adc14.o(i.ADC14_disableReferenceBurst), (28 bytes).
    Removing adc14.o(i.ADC14_disableSampleTimer), (28 bytes).
    Removing adc14.o(i.ADC14_enableComparatorWindow), (96 bytes).
    Removing adc14.o(i.ADC14_enableConversion), (40 bytes).
    Removing adc14.o(i.ADC14_enableInterrupt), (28 bytes).
    Removing adc14.o(i.ADC14_enableModule), (12 bytes).
    Removing adc14.o(i.ADC14_enableReferenceBurst), (28 bytes).
    Removing adc14.o(i.ADC14_enableSampleTimer), (40 bytes).
    Removing adc14.o(i.ADC14_getEnabledInterruptStatus), (28 bytes).
    Removing adc14.o(i.ADC14_getInterruptStatus), (16 bytes).
    Removing adc14.o(i.ADC14_getResolution), (16 bytes).
    Removing adc14.o(i.ADC14_getResult), (32 bytes).
    Removing adc14.o(i.ADC14_getResultArray), (92 bytes).
    Removing adc14.o(i.ADC14_initModule), (64 bytes).
    Removing adc14.o(i.ADC14_isBusy), (20 bytes).
    Removing adc14.o(i.ADC14_registerInterrupt), (20 bytes).
    Removing adc14.o(i.ADC14_setComparatorWindowValue), (76 bytes).
    Removing adc14.o(i.ADC14_setPowerMode), (48 bytes).
    Removing adc14.o(i.ADC14_setResolution), (20 bytes).
    Removing adc14.o(i.ADC14_setResultFormat), (44 bytes).
    Removing adc14.o(i.ADC14_setSampleHoldTime), (40 bytes).
    Removing adc14.o(i.ADC14_setSampleHoldTrigger), (44 bytes).
    Removing adc14.o(i.ADC14_toggleConversionTrigger), (32 bytes).
    Removing adc14.o(i.ADC14_unregisterInterrupt), (18 bytes).
    Removing adc14.o(i.ADCIsConversionRunning), (20 bytes).
    Removing adc14.o(i._getIndexForMemRegister), (342 bytes).
    Removing adc14.o(.constdata), (128 bytes).
    Removing cs.o(.rev16_text), (4 bytes).
    Removing cs.o(.revsh_text), (4 bytes).
    Removing cs.o(.rrx_text), (6 bytes).
    Removing cs.o(i.CS_disableClockRequest), (36 bytes).
    Removing cs.o(i.CS_disableDCOExternalResistor), (32 bytes).
    Removing cs.o(i.CS_disableFaultCounter), (40 bytes).
    Removing cs.o(i.CS_disableInterrupt), (36 bytes).
    Removing cs.o(i.CS_enableClockRequest), (36 bytes).
    Removing cs.o(i.CS_enableDCOExternalResistor), (28 bytes).
    Removing cs.o(i.CS_enableFaultCounter), (40 bytes).
    Removing cs.o(i.CS_enableInterrupt), (36 bytes).
    Removing cs.o(i.CS_getBCLK), (28 bytes).
    Removing cs.o(i.CS_getEnabledInterruptStatus), (20 bytes).
    Removing cs.o(i.CS_getHSMCLK), (24 bytes).
    Removing cs.o(i.CS_getInterruptStatus), (12 bytes).
    Removing cs.o(i.CS_initClockSignal), (232 bytes).
    Removing cs.o(i.CS_registerInterrupt), (20 bytes).
    Removing cs.o(i.CS_resetFaultCounter), (40 bytes).
    Removing cs.o(i.CS_setDCOCenteredFrequency), (36 bytes).
    Removing cs.o(i.CS_setDCOExternalResistorCalibration), (100 bytes).
    Removing cs.o(i.CS_setDCOFrequency), (300 bytes).
    Removing cs.o(i.CS_setReferenceOscillatorFrequency), (32 bytes).
    Removing cs.o(i.CS_startFaultCounter), (52 bytes).
    Removing cs.o(i.CS_tuneDCOFrequency), (52 bytes).
    Removing cs.o(i.CS_unregisterInterrupt), (18 bytes).
    Removing gpio.o(.rev16_text), (4 bytes).
    Removing gpio.o(.revsh_text), (4 bytes).
    Removing gpio.o(.rrx_text), (6 bytes).
    Removing gpio.o(i.GPIO_clearInterruptFlag), (20 bytes).
    Removing gpio.o(i.GPIO_disableInterrupt), (20 bytes).
    Removing gpio.o(i.GPIO_enableInterrupt), (20 bytes).
    Removing gpio.o(i.GPIO_getEnabledInterruptStatus), (56 bytes).
    Removing gpio.o(i.GPIO_getInputPinValue), (20 bytes).
    Removing gpio.o(i.GPIO_getInterruptStatus), (16 bytes).
    Removing gpio.o(i.GPIO_interruptEdgeSelect), (28 bytes).
    Removing gpio.o(i.GPIO_registerInterrupt), (28 bytes).
    Removing gpio.o(i.GPIO_setAsInputPin), (36 bytes).
    Removing gpio.o(i.GPIO_setAsInputPinWithPullDownResistor), (44 bytes).
    Removing gpio.o(i.GPIO_setAsInputPinWithPullUpResistor), (44 bytes).
    Removing gpio.o(i.GPIO_setAsPeripheralModuleFunctionInputPin), (60 bytes).
    Removing gpio.o(i.GPIO_setDriveStrengthHigh), (20 bytes).
    Removing gpio.o(i.GPIO_setDriveStrengthLow), (20 bytes).
    Removing gpio.o(i.GPIO_unregisterInterrupt), (28 bytes).
    Removing i2c.o(.rev16_text), (4 bytes).
    Removing i2c.o(.revsh_text), (4 bytes).
    Removing i2c.o(.rrx_text), (6 bytes).
    Removing i2c.o(i.I2C_clearInterruptFlag), (8 bytes).
    Removing i2c.o(i.I2C_disableInterrupt), (8 bytes).
    Removing i2c.o(i.I2C_disableModule), (12 bytes).
    Removing i2c.o(i.I2C_disableMultiMasterMode), (18 bytes).
    Removing i2c.o(i.I2C_enableInterrupt), (8 bytes).
    Removing i2c.o(i.I2C_enableModule), (12 bytes).
    Removing i2c.o(i.I2C_enableMultiMasterMode), (16 bytes).
    Removing i2c.o(i.I2C_getEnabledInterruptStatus), (8 bytes).
    Removing i2c.o(i.I2C_getInterruptStatus), (6 bytes).
    Removing i2c.o(i.I2C_getMode), (8 bytes).
    Removing i2c.o(i.I2C_getReceiveBufferAddressForDMA), (4 bytes).
    Removing i2c.o(i.I2C_getTransmitBufferAddressForDMA), (4 bytes).
    Removing i2c.o(i.I2C_initMaster), (58 bytes).
    Removing i2c.o(i.I2C_initSlave), (32 bytes).
    Removing i2c.o(i.I2C_isBusBusy), (12 bytes).
    Removing i2c.o(i.I2C_masterIsStartSent), (16 bytes).
    Removing i2c.o(i.I2C_masterIsStopSent), (10 bytes).
    Removing i2c.o(i.I2C_masterReceiveMultiByteFinish), (32 bytes).
    Removing i2c.o(i.I2C_masterReceiveMultiByteFinishWithTimeout), (50 bytes).
    Removing i2c.o(i.I2C_masterReceiveMultiByteNext), (6 bytes).
    Removing i2c.o(i.I2C_masterReceiveMultiByteStop), (12 bytes).
    Removing i2c.o(i.I2C_masterReceiveSingle), (24 bytes).
    Removing i2c.o(i.I2C_masterReceiveSingleByte), (56 bytes).
    Removing i2c.o(i.I2C_masterReceiveStart), (14 bytes).
    Removing i2c.o(i.I2C_masterSendMultiByteFinish), (52 bytes).
    Removing i2c.o(i.I2C_masterSendMultiByteFinishWithTimeout), (64 bytes).
    Removing i2c.o(i.I2C_masterSendMultiByteNext), (22 bytes).
    Removing i2c.o(i.I2C_masterSendMultiByteNextWithTimeout), (36 bytes).
    Removing i2c.o(i.I2C_masterSendMultiByteStart), (52 bytes).
    Removing i2c.o(i.I2C_masterSendMultiByteStartWithTimeout), (60 bytes).
    Removing i2c.o(i.I2C_masterSendMultiByteStop), (24 bytes).
    Removing i2c.o(i.I2C_masterSendMultiByteStopWithTimeout), (36 bytes).
    Removing i2c.o(i.I2C_masterSendSingleByte), (74 bytes).
    Removing i2c.o(i.I2C_masterSendSingleByteWithTimeout), (80 bytes).
    Removing i2c.o(i.I2C_masterSendStart), (12 bytes).
    Removing i2c.o(i.I2C_registerInterrupt), (80 bytes).
    Removing i2c.o(i.I2C_setMode), (12 bytes).
    Removing i2c.o(i.I2C_setSlaveAddress), (4 bytes).
    Removing i2c.o(i.I2C_setTimeout), (28 bytes).
    Removing i2c.o(i.I2C_slaveGetData), (6 bytes).
    Removing i2c.o(i.I2C_slavePutData), (4 bytes).
    Removing i2c.o(i.I2C_slaveSendNAK), (12 bytes).
    Removing i2c.o(i.I2C_unregisterInterrupt), (80 bytes).
    Removing interrupt.o(.rev16_text), (4 bytes).
    Removing interrupt.o(.revsh_text), (4 bytes).
    Removing interrupt.o(.rrx_text), (6 bytes).
    Removing interrupt.o(i.IntDefaultHandler), (2 bytes).
    Removing interrupt.o(i.Interrupt_disableInterrupt), (92 bytes).
    Removing interrupt.o(i.Interrupt_disableMaster), (14 bytes).
    Removing interrupt.o(i.Interrupt_disableSleepOnIsrExit), (16 bytes).
    Removing interrupt.o(i.Interrupt_enableSleepOnIsrExit), (16 bytes).
    Removing interrupt.o(i.Interrupt_getPriority), (24 bytes).
    Removing interrupt.o(i.Interrupt_getPriorityGrouping), (36 bytes).
    Removing interrupt.o(i.Interrupt_getPriorityMask), (10 bytes).
    Removing interrupt.o(i.Interrupt_getVectorTableAddress), (12 bytes).
    Removing interrupt.o(i.Interrupt_isEnabled), (100 bytes).
    Removing interrupt.o(i.Interrupt_pendInterrupt), (76 bytes).
    Removing interrupt.o(i.Interrupt_registerInterrupt), (48 bytes).
    Removing interrupt.o(i.Interrupt_setPriority), (36 bytes).
    Removing interrupt.o(i.Interrupt_setPriorityGrouping), (40 bytes).
    Removing interrupt.o(i.Interrupt_setPriorityMask), (4 bytes).
    Removing interrupt.o(i.Interrupt_setVectorTableAddress), (12 bytes).
    Removing interrupt.o(i.Interrupt_unpendInterrupt), (64 bytes).
    Removing interrupt.o(i.Interrupt_unregisterInterrupt), (20 bytes).
    Removing interrupt.o(vtable), (232 bytes).
    Removing timer_a.o(.rev16_text), (4 bytes).
    Removing timer_a.o(.revsh_text), (4 bytes).
    Removing timer_a.o(.rrx_text), (6 bytes).
    Removing timer_a.o(i.Timer_A_clearCaptureCompareInterrupt), (26 bytes).
    Removing timer_a.o(i.Timer_A_clearInterruptFlag), (12 bytes).
    Removing timer_a.o(i.Timer_A_clearTimer), (12 bytes).
    Removing timer_a.o(i.Timer_A_configureContinuousMode), (40 bytes).
    Removing timer_a.o(i.Timer_A_configureUpDownMode), (70 bytes).
    Removing timer_a.o(i.Timer_A_configureUpMode), (70 bytes).
    Removing timer_a.o(i.Timer_A_disableCaptureCompareInterrupt), (26 bytes).
    Removing timer_a.o(i.Timer_A_disableInterrupt), (12 bytes).
    Removing timer_a.o(i.Timer_A_enableCaptureCompareInterrupt), (26 bytes).
    Removing timer_a.o(i.Timer_A_enableInterrupt), (12 bytes).
    Removing timer_a.o(i.Timer_A_getCaptureCompareEnabledInterruptStatus), (34 bytes).
    Removing timer_a.o(i.Timer_A_getCaptureCompareInterruptStatus), (18 bytes).
    Removing timer_a.o(i.Timer_A_getCounterValue), (28 bytes).
    Removing timer_a.o(i.Timer_A_getEnabledInterruptStatus), (18 bytes).
    Removing timer_a.o(i.Timer_A_getInterruptStatus), (8 bytes).
    Removing timer_a.o(i.Timer_A_getOutputForOutputModeOutBitValue), (30 bytes).
    Removing timer_a.o(i.Timer_A_getSynchronizedCaptureCompareInput), (22 bytes).
    Removing timer_a.o(i.Timer_A_initCapture), (52 bytes).
    Removing timer_a.o(i.Timer_A_initCompare), (38 bytes).
    Removing timer_a.o(i.Timer_A_registerInterrupt), (164 bytes).
    Removing timer_a.o(i.Timer_A_setOutputForOutputModeOutBitValue), (24 bytes).
    Removing timer_a.o(i.Timer_A_startCounter), (8 bytes).
    Removing timer_a.o(i.Timer_A_stopTimer), (10 bytes).
    Removing timer_a.o(i.Timer_A_unregisterInterrupt), (140 bytes).
    Removing uart.o(.rev16_text), (4 bytes).
    Removing uart.o(.revsh_text), (4 bytes).
    Removing uart.o(.rrx_text), (6 bytes).
    Removing uart.o(i.UART_clearInterruptFlag), (8 bytes).
    Removing uart.o(i.UART_disableInterrupt), (22 bytes).
    Removing uart.o(i.UART_disableModule), (12 bytes).
    Removing uart.o(i.UART_enableModule), (12 bytes).
    Removing uart.o(i.UART_getInterruptStatus), (6 bytes).
    Removing uart.o(i.UART_getReceiveBufferAddressForDMA), (4 bytes).
    Removing uart.o(i.UART_getTransmitBufferAddressForDMA), (4 bytes).
    Removing uart.o(i.UART_queryStatusFlags), (6 bytes).
    Removing uart.o(i.UART_receiveData), (24 bytes).
    Removing uart.o(i.UART_registerInterrupt), (80 bytes).
    Removing uart.o(i.UART_resetDormant), (12 bytes).
    Removing uart.o(i.UART_selectDeglitchTime), (12 bytes).
    Removing uart.o(i.UART_setDormant), (12 bytes).
    Removing uart.o(i.UART_transmitAddress), (14 bytes).
    Removing uart.o(i.UART_transmitBreak), (44 bytes).
    Removing uart.o(i.UART_unregisterInterrupt), (80 bytes).
    Removing cpu.o(.rev16_text), (4 bytes).
    Removing cpu.o(.revsh_text), (4 bytes).
    Removing cpu.o(.rrx_text), (6 bytes).
    Removing sysctl_a.o(.rev16_text), (4 bytes).
    Removing sysctl_a.o(.revsh_text), (4 bytes).
    Removing sysctl_a.o(.rrx_text), (6 bytes).
    Removing sysctl_a.o(i.SysCtl_A_disableGlitchFilter), (16 bytes).
    Removing sysctl_a.o(i.SysCtl_A_disablePeripheralAtCPUHalt), (16 bytes).
    Removing sysctl_a.o(i.SysCtl_A_disableSRAM), (96 bytes).
    Removing sysctl_a.o(i.SysCtl_A_disableSRAMRetention), (272 bytes).
    Removing sysctl_a.o(i.SysCtl_A_enableGlitchFilter), (16 bytes).
    Removing sysctl_a.o(i.SysCtl_A_enablePeripheralAtCPUHalt), (16 bytes).
    Removing sysctl_a.o(i.SysCtl_A_enableSRAM), (96 bytes).
    Removing sysctl_a.o(i.SysCtl_A_enableSRAMRetention), (284 bytes).
    Removing sysctl_a.o(i.SysCtl_A_getFlashSize), (12 bytes).
    Removing sysctl_a.o(i.SysCtl_A_getInfoFlashSize), (12 bytes).
    Removing sysctl_a.o(i.SysCtl_A_getSRAMSize), (12 bytes).
    Removing sysctl_a.o(i.SysCtl_A_getTempCalibrationConstant), (12 bytes).
    Removing sysctl_a.o(i.SysCtl_A_rebootDevice), (16 bytes).
    Removing sysctl_a.o(i.SysCtl_A_setWDTPasswordViolationResetType), (28 bytes).
    Removing sysctl_a.o(i.SysCtl_A_setWDTTimeoutResetType), (28 bytes).

311 unused section(s) (total 13982 bytes) removed from the image.

==============================================================================

Image Symbol Table

    Local Symbols

    Symbol Name                              Value     Ov Type        Size  Object(Section)

    RESET                                    0x00000000   Section      324  startup_msp432p401r_uvision.o(RESET)
    ../clib/microlib/ctype/ctype.c           0x00000000   Number         0  ctype_c.o ABSOLUTE
    ../clib/microlib/ctype/ctype.c           0x00000000   Number         0  isspace_c.o ABSOLUTE
    ../clib/microlib/ctype/tolower.c         0x00000000   Number         0  tolower.o ABSOLUTE
    ../clib/microlib/division.c              0x00000000   Number         0  uldiv.o ABSOLUTE
    ../clib/microlib/division.c              0x00000000   Number         0  uidiv.o ABSOLUTE
    ../clib/microlib/errno.c                 0x00000000   Number         0  errno.o ABSOLUTE
    ../clib/microlib/init/entry.s            0x00000000   Number         0  entry8a.o ABSOLUTE
    ../clib/microlib/init/entry.s            0x00000000   Number         0  entry10a.o ABSOLUTE
    ../clib/microlib/init/entry.s            0x00000000   Number         0  entry5.o ABSOLUTE
    ../clib/microlib/init/entry.s            0x00000000   Number         0  entry7b.o ABSOLUTE
    ../clib/microlib/init/entry.s            0x00000000   Number         0  entry7a.o ABSOLUTE
    ../clib/microlib/init/entry.s            0x00000000   Number         0  entry9b.o ABSOLUTE
    ../clib/microlib/init/entry.s            0x00000000   Number         0  entry9a.o ABSOLUTE
    ../clib/microlib/init/entry.s            0x00000000   Number         0  entry8b.o ABSOLUTE
    ../clib/microlib/init/entry.s            0x00000000   Number         0  entry.o ABSOLUTE
    ../clib/microlib/init/entry.s            0x00000000   Number         0  entry11b.o ABSOLUTE
    ../clib/microlib/init/entry.s            0x00000000   Number         0  entry11a.o ABSOLUTE
    ../clib/microlib/init/entry.s            0x00000000   Number         0  entry2.o ABSOLUTE
    ../clib/microlib/init/entry.s            0x00000000   Number         0  entry10b.o ABSOLUTE
    ../clib/microlib/longlong.c              0x00000000   Number         0  llsshr.o ABSOLUTE
    ../clib/microlib/longlong.c              0x00000000   Number         0  llshl.o ABSOLUTE
    ../clib/microlib/longlong.c              0x00000000   Number         0  llushr.o ABSOLUTE
    ../clib/microlib/malloc/malloc.c         0x00000000   Number         0  malloca.o ABSOLUTE
    ../clib/microlib/malloc/malloc.c         0x00000000   Number         0  mallocra.o ABSOLUTE
    ../clib/microlib/malloc/malloc.c         0x00000000   Number         0  mallocr.o ABSOLUTE
    ../clib/microlib/malloc/malloc.c         0x00000000   Number         0  malloc.o ABSOLUTE
    ../clib/microlib/malloc/mvars.c          0x00000000   Number         0  mvars.o ABSOLUTE
    ../clib/microlib/printf/printf.c         0x00000000   Number         0  printfa.o ABSOLUTE
    ../clib/microlib/printf/printf.c         0x00000000   Number         0  printf0.o ABSOLUTE
    ../clib/microlib/printf/printf.c         0x00000000   Number         0  printf1.o ABSOLUTE
    ../clib/microlib/printf/printf.c         0x00000000   Number         0  printf2.o ABSOLUTE
    ../clib/microlib/printf/printf.c         0x00000000   Number         0  printf3.o ABSOLUTE
    ../clib/microlib/printf/printf.c         0x00000000   Number         0  printf4.o ABSOLUTE
    ../clib/microlib/printf/printf.c         0x00000000   Number         0  printf5.o ABSOLUTE
    ../clib/microlib/printf/printf.c         0x00000000   Number         0  printf6.o ABSOLUTE
    ../clib/microlib/printf/printf.c         0x00000000   Number         0  printf7.o ABSOLUTE
    ../clib/microlib/printf/printf.c         0x00000000   Number         0  printfb.o ABSOLUTE
    ../clib/microlib/printf/printf.c         0x00000000   Number         0  printf8.o ABSOLUTE
    ../clib/microlib/printf/stubs.s          0x00000000   Number         0  stubs.o ABSOLUTE
    ../clib/microlib/string/memcpy.c         0x00000000   Number         0  memmoveb.o ABSOLUTE
    ../clib/microlib/string/memcpy.c         0x00000000   Number         0  memcpyb.o ABSOLUTE
    ../clib/microlib/string/memcpy.c         0x00000000   Number         0  memcpya.o ABSOLUTE
    ../clib/microlib/string/memcpy.c         0x00000000   Number         0  memmovea.o ABSOLUTE
    ../clib/microlib/string/memset.c         0x00000000   Number         0  memseta.o ABSOLUTE
    ../clib/microlib/string/strcmp.c         0x00000000   Number         0  strcmp.o ABSOLUTE
    ../clib/microlib/string/strncasecmp.c    0x00000000   Number         0  strncasecmp.o ABSOLUTE
    ../clib/microlib/stubs.s                 0x00000000   Number         0  useno.o ABSOLUTE
    ../clib/microlib/stubs.s                 0x00000000   Number         0  iusefp.o ABSOLUTE
    ../clib/scanf.c                          0x00000000   Number         0  strtod.o ABSOLUTE
    ../clib/scanf.c                          0x00000000   Number         0  scanf_fp.o ABSOLUTE
    ../clib/scanf.c                          0x00000000   Number         0  _sgetc.o ABSOLUTE
    ../fplib/microlib/d2f.c                  0x00000000   Number         0  d2f.o ABSOLUTE
    ../fplib/microlib/f2d.c                  0x00000000   Number         0  f2d.o ABSOLUTE
    ../fplib/microlib/fpadd.c                0x00000000   Number         0  dadd.o ABSOLUTE
    ../fplib/microlib/fpdiv.c                0x00000000   Number         0  ddiv.o ABSOLUTE
    ../fplib/microlib/fpepilogue.c           0x00000000   Number         0  fepilogue.o ABSOLUTE
    ../fplib/microlib/fpepilogue.c           0x00000000   Number         0  depilogue.o ABSOLUTE
    ../fplib/microlib/fpfix.c                0x00000000   Number         0  dfixul.o ABSOLUTE
    ../fplib/microlib/fpfix.c                0x00000000   Number         0  dfixi.o ABSOLUTE
    ../fplib/microlib/fpflt.c                0x00000000   Number         0  dfltui.o ABSOLUTE
    ../fplib/microlib/fpflt.c                0x00000000   Number         0  dflti.o ABSOLUTE
    ../fplib/microlib/fpflt.c                0x00000000   Number         0  dfltul.o ABSOLUTE
    ../fplib/microlib/fpmul.c                0x00000000   Number         0  dmul.o ABSOLUTE
    ../mathlib/atof.c                        0x00000000   Number         0  atof.o ABSOLUTE
    ..\..\hardware\adc.c                     0x00000000   Number         0  adc.o ABSOLUTE
    ..\..\hardware\key.c                     0x00000000   Number         0  key.o ABSOLUTE
    ..\..\hardware\key4x4.c                  0x00000000   Number         0  key4x4.o ABSOLUTE
    ..\..\hardware\led.c                     0x00000000   Number         0  led.o ABSOLUTE
    ..\..\hardware\oled.c                    0x00000000   Number         0  oled.o ABSOLUTE
    ..\..\hardware\servo.c                   0x00000000   Number         0  servo.o ABSOLUTE
    ..\..\hardware\tim32.c                   0x00000000   Number         0  tim32.o ABSOLUTE
    ..\..\hardware\timA.c                    0x00000000   Number         0  tima.o ABSOLUTE
    ..\..\main.c                             0x00000000   Number         0  main.o ABSOLUTE
    ..\..\sys\baudrate_calculate.c           0x00000000   Number         0  baudrate_calculate.o ABSOLUTE
    ..\..\sys\delay.c                        0x00000000   Number         0  delay.o ABSOLUTE
    ..\..\sys\sysinit.c                      0x00000000   Number         0  sysinit.o ABSOLUTE
    ..\..\sys\usart.c                        0x00000000   Number         0  usart.o ABSOLUTE
    ..\..\system_msp432p401r.c               0x00000000   Number         0  system_msp432p401r.o ABSOLUTE
    ..\\..\\hardware\\adc.c                  0x00000000   Number         0  adc.o ABSOLUTE
    ..\\..\\hardware\\key.c                  0x00000000   Number         0  key.o ABSOLUTE
    ..\\..\\hardware\\key4x4.c               0x00000000   Number         0  key4x4.o ABSOLUTE
    ..\\..\\hardware\\led.c                  0x00000000   Number         0  led.o ABSOLUTE
    ..\\..\\hardware\\oled.c                 0x00000000   Number         0  oled.o ABSOLUTE
    ..\\..\\hardware\\servo.c                0x00000000   Number         0  servo.o ABSOLUTE
    ..\\..\\hardware\\tim32.c                0x00000000   Number         0  tim32.o ABSOLUTE
    ..\\..\\hardware\\timA.c                 0x00000000   Number         0  tima.o ABSOLUTE
    ..\\..\\main.c                           0x00000000   Number         0  main.o ABSOLUTE
    ..\\..\\sys\\baudrate_calculate.c        0x00000000   Number         0  baudrate_calculate.o ABSOLUTE
    ..\\..\\sys\\delay.c                     0x00000000   Number         0  delay.o ABSOLUTE
    ..\\..\\sys\\sysinit.c                   0x00000000   Number         0  sysinit.o ABSOLUTE
    ..\\..\\sys\\usart.c                     0x00000000   Number         0  usart.o ABSOLUTE
    ..\\..\\system_msp432p401r.c             0x00000000   Number         0  system_msp432p401r.o ABSOLUTE
    cdrcmple.s                               0x00000000   Number         0  cdrcmple.o ABSOLUTE
    dc.s                                     0x00000000   Number         0  dc.o ABSOLUTE
    handlers.s                               0x00000000   Number         0  handlers.o ABSOLUTE
    init.s                                   0x00000000   Number         0  init.o ABSOLUTE
    source/ti/devices/msp432p4xx/driverlib/adc14.c 0x00000000   Number         0  adc14.o ABSOLUTE
    source/ti/devices/msp432p4xx/driverlib/adc14.c 0x00000000   Number         0  adc14.o ABSOLUTE
    source/ti/devices/msp432p4xx/driverlib/cpu.c 0x00000000   Number         0  cpu.o ABSOLUTE
    source/ti/devices/msp432p4xx/driverlib/cpu.c 0x00000000   Number         0  cpu.o ABSOLUTE
    source/ti/devices/msp432p4xx/driverlib/cs.c 0x00000000   Number         0  cs.o ABSOLUTE
    source/ti/devices/msp432p4xx/driverlib/cs.c 0x00000000   Number         0  cs.o ABSOLUTE
    source/ti/devices/msp432p4xx/driverlib/gpio.c 0x00000000   Number         0  gpio.o ABSOLUTE
    source/ti/devices/msp432p4xx/driverlib/gpio.c 0x00000000   Number         0  gpio.o ABSOLUTE
    source/ti/devices/msp432p4xx/driverlib/i2c.c 0x00000000   Number         0  i2c.o ABSOLUTE
    source/ti/devices/msp432p4xx/driverlib/i2c.c 0x00000000   Number         0  i2c.o ABSOLUTE
    source/ti/devices/msp432p4xx/driverlib/interrupt.c 0x00000000   Number         0  interrupt.o ABSOLUTE
    source/ti/devices/msp432p4xx/driverlib/interrupt.c 0x00000000   Number         0  interrupt.o ABSOLUTE
    source/ti/devices/msp432p4xx/driverlib/sysctl_a.c 0x00000000   Number         0  sysctl_a.o ABSOLUTE
    source/ti/devices/msp432p4xx/driverlib/sysctl_a.c 0x00000000   Number         0  sysctl_a.o ABSOLUTE
    source/ti/devices/msp432p4xx/driverlib/timer_a.c 0x00000000   Number         0  timer_a.o ABSOLUTE
    source/ti/devices/msp432p4xx/driverlib/timer_a.c 0x00000000   Number         0  timer_a.o ABSOLUTE
    source/ti/devices/msp432p4xx/driverlib/uart.c 0x00000000   Number         0  uart.o ABSOLUTE
    source/ti/devices/msp432p4xx/driverlib/uart.c 0x00000000   Number         0  uart.o ABSOLUTE
    startup_msp432p401r_uvision.s            0x00000000   Number         0  startup_msp432p401r_uvision.o ABSOLUTE
    .ARM.Collect$$$$00000000                 0x00000144   Section        0  entry.o(.ARM.Collect$$$$00000000)
    .ARM.Collect$$$$00000001                 0x00000144   Section        4  entry2.o(.ARM.Collect$$$$00000001)
    .ARM.Collect$$$$00000004                 0x00000148   Section        4  entry5.o(.ARM.Collect$$$$00000004)
    .ARM.Collect$$$$00000008                 0x0000014c   Section        0  entry7b.o(.ARM.Collect$$$$00000008)
    .ARM.Collect$$$$0000000A                 0x0000014c   Section        0  entry8b.o(.ARM.Collect$$$$0000000A)
    .ARM.Collect$$$$0000000B                 0x0000014c   Section        8  entry9a.o(.ARM.Collect$$$$0000000B)
    .ARM.Collect$$$$0000000D                 0x00000154   Section        0  entry10a.o(.ARM.Collect$$$$0000000D)
    .ARM.Collect$$$$0000000F                 0x00000154   Section        0  entry11a.o(.ARM.Collect$$$$0000000F)
    .ARM.Collect$$$$00002712                 0x00000154   Section        4  entry2.o(.ARM.Collect$$$$00002712)
    __lit__00000000                          0x00000154   Data           4  entry2.o(.ARM.Collect$$$$00002712)
    .emb_text                                0x00000158   Section       38  cpu.o(.emb_text)
    $v0                                      0x00000158   Number         0  cpu.o(.emb_text)
    .text                                    0x00000180   Section       36  startup_msp432p401r_uvision.o(.text)
    $v0                                      0x00000180   Number         0  startup_msp432p401r_uvision.o(.text)
    .text                                    0x000001a4   Section        0  memmovea.o(.text)
    .text                                    0x000001e4   Section        0  memseta.o(.text)
    .text                                    0x00000208   Section        0  strcmp.o(.text)
    .text                                    0x00000224   Section        0  strncasecmp.o(.text)
    .text                                    0x00000256   Section        0  ddiv.o(.text)
    .text                                    0x00000334   Section        0  dflti.o(.text)
    .text                                    0x00000356   Section        0  dfltui.o(.text)
    .text                                    0x00000370   Section        0  dfixi.o(.text)
    .text                                    0x000003ae   Section        0  f2d.o(.text)
    .text                                    0x000003d4   Section        0  d2f.o(.text)
    .text                                    0x0000040c   Section        0  uidiv.o(.text)
    .text                                    0x00000438   Section        0  uldiv.o(.text)
    .text                                    0x0000049a   Section        0  llushr.o(.text)
    .text                                    0x000004ba   Section        0  tolower.o(.text)
    .text                                    0x000004c8   Section        0  strtod.o(.text)
    _local_sscanf                            0x000004c9   Thumb Code    54  strtod.o(.text)
    .text                                    0x00000564   Section        0  iusefp.o(.text)
    .text                                    0x00000564   Section        0  fepilogue.o(.text)
    .text                                    0x000005d2   Section        0  depilogue.o(.text)
    .text                                    0x0000068c   Section        0  dadd.o(.text)
    .text                                    0x000007da   Section        0  dmul.o(.text)
    .text                                    0x000008be   Section        0  dfixul.o(.text)
    .text                                    0x000008f0   Section       48  cdrcmple.o(.text)
    .text                                    0x00000920   Section       36  init.o(.text)
    .text                                    0x00000944   Section        0  llshl.o(.text)
    .text                                    0x00000962   Section        0  llsshr.o(.text)
    .text                                    0x00000986   Section        0  isspace_c.o(.text)
    .text                                    0x00000990   Section        0  scanf_fp.o(.text)
    _fp_value                                0x00000991   Thumb Code   296  scanf_fp.o(.text)
    .text                                    0x00000cf0   Section        0  _sgetc.o(.text)
    .text                                    0x00000d30   Section        0  ctype_c.o(.text)
    .text                                    0x00000d58   Section        0  dfltul.o(.text)
    i.ADC14_IRQHandler                       0x00000d70   Section        0  adc.o(i.ADC14_IRQHandler)
    i.ADC14_getMultiSequenceResult           0x00000ddc   Section        0  adc14.o(i.ADC14_getMultiSequenceResult)
    i.CS_clearInterruptFlag                  0x00000e08   Section        0  cs.o(i.CS_clearInterruptFlag)
    i.CS_getACLK                             0x00000e2c   Section        0  cs.o(i.CS_getACLK)
    i.CS_getDCOFrequency                     0x00000e44   Section        0  cs.o(i.CS_getDCOFrequency)
    i.CS_getMCLK                             0x00000f50   Section        0  cs.o(i.CS_getMCLK)
    i.CS_getSMCLK                            0x00000f68   Section        0  cs.o(i.CS_getSMCLK)
    i.CS_setExternalClockSourceFrequency     0x00000f80   Section        0  cs.o(i.CS_setExternalClockSourceFrequency)
    i.CS_startHFXT                           0x00000f8c   Section        0  cs.o(i.CS_startHFXT)
    i.CS_startHFXTWithTimeout                0x00000f94   Section        0  cs.o(i.CS_startHFXTWithTimeout)
    i.CS_startLFXT                           0x00001034   Section        0  cs.o(i.CS_startLFXT)
    i.CS_startLFXTWithTimeout                0x0000103c   Section        0  cs.o(i.CS_startLFXTWithTimeout)
    i.EUSCIA0_IRQHandler                     0x000010dc   Section        0  main.o(i.EUSCIA0_IRQHandler)
    i.GPIO_setAsOutputPin                    0x00001110   Section        0  gpio.o(i.GPIO_setAsOutputPin)
    i.GPIO_setAsPeripheralModuleFunctionOutputPin 0x00001130   Section        0  gpio.o(i.GPIO_setAsPeripheralModuleFunctionOutputPin)
    i.GPIO_setOutputHighOnPin                0x0000116c   Section        0  gpio.o(i.GPIO_setOutputHighOnPin)
    i.GPIO_setOutputLowOnPin                 0x00001180   Section        0  gpio.o(i.GPIO_setOutputLowOnPin)
    i.GPIO_toggleOutputOnPin                 0x00001194   Section        0  gpio.o(i.GPIO_toggleOutputOnPin)
    i.Interrupt_enableInterrupt              0x000011a8   Section        0  interrupt.o(i.Interrupt_enableInterrupt)
    i.Interrupt_enableMaster                 0x00001204   Section        0  interrupt.o(i.Interrupt_enableMaster)
    i.KEY_Init                               0x00001214   Section        0  key.o(i.KEY_Init)
    i.PORT1_IRQHandler                       0x00001274   Section        0  key.o(i.PORT1_IRQHandler)
    i.ServoControl2_calibrate0               0x000012c4   Section        0  servo.o(i.ServoControl2_calibrate0)
    i.ServoControl2_calibrate90              0x00001358   Section        0  servo.o(i.ServoControl2_calibrate90)
    i.ServoControl2_init                     0x00001464   Section        0  servo.o(i.ServoControl2_init)
    i.ServoControl2_setAzimuth               0x000015b8   Section        0  servo.o(i.ServoControl2_setAzimuth)
    i.ServoControl2_setElevation             0x00001634   Section        0  servo.o(i.ServoControl2_setElevation)
    i.SysCtl_A_disableNMISource              0x000016b0   Section        0  sysctl_a.o(i.SysCtl_A_disableNMISource)
    i.SysCtl_A_enableNMISource               0x000016c0   Section        0  sysctl_a.o(i.SysCtl_A_enableNMISource)
    i.SysCtl_A_getNMISourceStatus            0x000016d0   Section        0  sysctl_a.o(i.SysCtl_A_getNMISourceStatus)
    i.SysCtl_A_getTLVInfo                    0x000016e0   Section        0  sysctl_a.o(i.SysCtl_A_getTLVInfo)
    i.SysInit                                0x00001728   Section        0  sysinit.o(i.SysInit)
    i.SystemInit                             0x000017bc   Section        0  system_msp432p401r.o(i.SystemInit)
    i.T32_INT1_IRQHandler                    0x00001828   Section        0  tim32.o(i.T32_INT1_IRQHandler)
    i.T32_INT2_IRQHandler                    0x00001840   Section        0  tim32.o(i.T32_INT2_IRQHandler)
    i.TA0_0_IRQHandler                       0x00001858   Section        0  tima.o(i.TA0_0_IRQHandler)
    i.TA2_N_IRQHandler                       0x0000187c   Section        0  tima.o(i.TA2_N_IRQHandler)
    i.Timer_A_generatePWM                    0x00001968   Section        0  timer_a.o(i.Timer_A_generatePWM)
    i.Timer_A_getCaptureCompareCount         0x000019b4   Section        0  timer_a.o(i.Timer_A_getCaptureCompareCount)
    i.Timer_A_setCompareValue                0x000019c4   Section        0  timer_a.o(i.Timer_A_setCompareValue)
    i.UART_enableInterrupt                   0x000019d4   Section        0  uart.o(i.UART_enableInterrupt)
    i.UART_getEnabledInterruptStatus         0x000019ea   Section        0  uart.o(i.UART_getEnabledInterruptStatus)
    i.UART_initModule                        0x00001a10   Section        0  uart.o(i.UART_initModule)
    i.UART_transmitData                      0x00001aa2   Section        0  uart.o(i.UART_transmitData)
    i._CSComputeCLKFrequency                 0x00001ab8   Section        0  cs.o(i._CSComputeCLKFrequency)
    _CSComputeCLKFrequency                   0x00001ab9   Thumb Code   176  cs.o(i._CSComputeCLKFrequency)
    i._CSGetHFXTFrequency                    0x00001b78   Section        0  cs.o(i._CSGetHFXTFrequency)
    _CSGetHFXTFrequency                      0x00001b79   Thumb Code   106  cs.o(i._CSGetHFXTFrequency)
    i.__0printf                              0x00001c10   Section        0  printfa.o(i.__0printf)
    i.__free$realloc                         0x00001c30   Section        0  mallocr.o(i.__free$realloc)
    i.__hardfp_atof                          0x00001c90   Section        0  atof.o(i.__hardfp_atof)
    i.__malloc$realloc                       0x00001cc8   Section        0  mallocr.o(i.__malloc$realloc)
    i.__read_errno                           0x00001d18   Section        0  errno.o(i.__read_errno)
    i.__scatterload_copy                     0x00001d24   Section       14  handlers.o(i.__scatterload_copy)
    i.__scatterload_null                     0x00001d32   Section        2  handlers.o(i.__scatterload_null)
    i.__scatterload_zeroinit                 0x00001d34   Section       14  handlers.o(i.__scatterload_zeroinit)
    i.__set_errno                            0x00001d44   Section        0  errno.o(i.__set_errno)
    i._fp_digits                             0x00001d50   Section        0  printfa.o(i._fp_digits)
    _fp_digits                               0x00001d51   Thumb Code   366  printfa.o(i._fp_digits)
    i._is_digit                              0x00001ed4   Section        0  scanf_fp.o(i._is_digit)
    i._printf_core                           0x00001ee4   Section        0  printfa.o(i._printf_core)
    _printf_core                             0x00001ee5   Thumb Code  1744  printfa.o(i._printf_core)
    i._printf_post_padding                   0x000025c0   Section        0  printfa.o(i._printf_post_padding)
    _printf_post_padding                     0x000025c1   Thumb Code    36  printfa.o(i._printf_post_padding)
    i._printf_pre_padding                    0x000025e4   Section        0  printfa.o(i._printf_pre_padding)
    _printf_pre_padding                      0x000025e5   Thumb Code    46  printfa.o(i._printf_pre_padding)
    i.bitPosition                            0x00002612   Section        0  baudrate_calculate.o(i.bitPosition)
    i.cb                                     0x00002624   Section        0  main.o(i.cb)
    i.delay_init                             0x00002758   Section        0  delay.o(i.delay_init)
    i.delay_ms                               0x00002784   Section        0  delay.o(i.delay_ms)
    i.delay_us                               0x0000279c   Section        0  delay.o(i.delay_us)
    i.eusci_calcBaudDividers                 0x000027e8   Section        0  baudrate_calculate.o(i.eusci_calcBaudDividers)
    i.fputc                                  0x00002950   Section        0  usart.o(i.fputc)
    i.internal_alloc                         0x00002968   Section        0  mallocr.o(i.internal_alloc)
    internal_alloc                           0x00002969   Thumb Code    76  mallocr.o(i.internal_alloc)
    i.key_delay                              0x000029b8   Section        0  key.o(i.key_delay)
    key_delay                                0x000029b9   Thumb Code    42  key.o(i.key_delay)
    i.main                                   0x000029e4   Section        0  main.o(i.main)
    i.privateTimer_AProcessClockSourceDivider 0x00002a7c   Section        0  timer_a.o(i.privateTimer_AProcessClockSourceDivider)
    privateTimer_AProcessClockSourceDivider  0x00002a7d   Thumb Code   180  timer_a.o(i.privateTimer_AProcessClockSourceDivider)
    i.realloc                                0x00002b30   Section        0  mallocr.o(i.realloc)
    i.rxHandler                              0x00002b9c   Section        0  usart.o(i.rxHandler)
    i.rxReset                                0x00002c6c   Section        0  usart.o(i.rxReset)
    i.uart_A0_RxReload                       0x00002ca8   Section        0  usart.o(i.uart_A0_RxReload)
    i.uart_A0_RxToZero                       0x00002cbc   Section        0  usart.o(i.uart_A0_RxToZero)
    i.uart_init_IT                           0x00002cf0   Section        0  usart.o(i.uart_init_IT)
    .constdata                               0x00002d4c   Section       48  servo.o(.constdata)
    .constdata                               0x00002d7c   Section       80  usart.o(.constdata)
    .constdata                               0x00002dcc   Section       76  gpio.o(.constdata)
    GPIO_PORT_TO_INT                         0x00002dcc   Data          28  gpio.o(.constdata)
    GPIO_PORT_TO_BASE                        0x00002de8   Data          48  gpio.o(.constdata)
    .constdata                               0x00002e18   Section      144  interrupt.o(.constdata)
    g_pulEnRegs                              0x00002e18   Data           8  interrupt.o(.constdata)
    g_pulDisRegs                             0x00002e20   Data           8  interrupt.o(.constdata)
    g_pulPendRegs                            0x00002e28   Data           8  interrupt.o(.constdata)
    g_pulUnpendRegs                          0x00002e30   Data           8  interrupt.o(.constdata)
    g_pulPriority                            0x00002e38   Data          32  interrupt.o(.constdata)
    g_pulRegs                                0x00002e58   Data          80  interrupt.o(.constdata)
    .constdata                               0x00002ea8   Section       64  ctype_c.o(.constdata)
    .conststring                             0x00002ee8   Section      149  usart.o(.conststring)
    .data                                    0x20000000   Section        4  main.o(.data)
    .data                                    0x20000004   Section        4  adc.o(.data)
    resultsBuffer                            0x20000004   Data           4  adc.o(.data)
    .data                                    0x20000008   Section        4  tima.o(.data)
    .data                                    0x2000000c   Section        4  usart.o(.data)
    .data                                    0x20000010   Section        1  delay.o(.data)
    fac_us                                   0x20000010   Data           1  delay.o(.data)
    .data                                    0x20000014   Section        8  cs.o(.data)
    hfxtFreq                                 0x20000014   Data           4  cs.o(.data)
    lfxtFreq                                 0x20000018   Data           4  cs.o(.data)
    .data                                    0x2000001c   Section        4  mvars.o(.data)
    .data                                    0x20000020   Section        4  mvars.o(.data)
    .data                                    0x20000024   Section        4  errno.o(.data)
    _errno                                   0x20000024   Data           4  errno.o(.data)
    .bss                                     0x20000028   Section       32  main.o(.bss)
    .bss                                     0x20000048   Section       16  usart.o(.bss)
    HEAP                                     0x20000058   Section     2048  startup_msp432p401r_uvision.o(HEAP)
    STACK                                    0x20000858   Section      512  startup_msp432p401r_uvision.o(STACK)

    Global Symbols

    Symbol Name                              Value     Ov Type        Size  Object(Section)

    BuildAttributes$$THM_ISAv4$E$P$D$K$B$S$7EM$VFPi3$EXTD16$VFPS$VFMA$PE$A:L22UL41UL21$X:L11$S22US41US21$IEEE1$IW$USESV6$~STKCKD$USESV7$~SHL$OTIME$ROPI$IEEEJ$EBA8$MICROLIB$REQ8$PRES8$EABIv2 0x00000000   Number         0  anon$$obj.o ABSOLUTE
    __ARM_use_no_argv                        0x00000000   Number         0  main.o ABSOLUTE
    __Vectors                                0x00000000   Data           4  startup_msp432p401r_uvision.o(RESET)
    __use_no_errno                           0x00000000   Number         0  useno.o ABSOLUTE
    __use_no_exception_handling              0x00000000   Number         0  useno.o ABSOLUTE
    __use_no_fp                              0x00000000   Number         0  useno.o ABSOLUTE
    __use_no_heap                            0x00000000   Number         0  useno.o ABSOLUTE
    __use_no_heap_region                     0x00000000   Number         0  useno.o ABSOLUTE
    __use_no_semihosting                     0x00000000   Number         0  useno.o ABSOLUTE
    __use_no_semihosting_swi                 0x00000000   Number         0  useno.o ABSOLUTE
    __use_no_signal_handling                 0x00000000   Number         0  useno.o ABSOLUTE
    _printf_a                                0x00000000   Number         0  stubs.o ABSOLUTE
    _printf_c                                0x00000000   Number         0  stubs.o ABSOLUTE
    _printf_charcount                        0x00000000   Number         0  stubs.o ABSOLUTE
    _printf_d                                0x00000000   Number         0  stubs.o ABSOLUTE
    _printf_e                                0x00000000   Number         0  stubs.o ABSOLUTE
    _printf_f                                0x00000000   Number         0  stubs.o ABSOLUTE
    _printf_flags                            0x00000000   Number         0  stubs.o ABSOLUTE
    _printf_fp_dec                           0x00000000   Number         0  stubs.o ABSOLUTE
    _printf_fp_hex                           0x00000000   Number         0  stubs.o ABSOLUTE
    _printf_g                                0x00000000   Number         0  stubs.o ABSOLUTE
    _printf_i                                0x00000000   Number         0  stubs.o ABSOLUTE
    _printf_int_dec                          0x00000000   Number         0  stubs.o ABSOLUTE
    _printf_l                                0x00000000   Number         0  stubs.o ABSOLUTE
    _printf_lc                               0x00000000   Number         0  stubs.o ABSOLUTE
    _printf_ll                               0x00000000   Number         0  stubs.o ABSOLUTE
    _printf_lld                              0x00000000   Number         0  stubs.o ABSOLUTE
    _printf_lli                              0x00000000   Number         0  stubs.o ABSOLUTE
    _printf_llo                              0x00000000   Number         0  stubs.o ABSOLUTE
    _printf_llu                              0x00000000   Number         0  stubs.o ABSOLUTE
    _printf_llx                              0x00000000   Number         0  stubs.o ABSOLUTE
    _printf_longlong_dec                     0x00000000   Number         0  stubs.o ABSOLUTE
    _printf_longlong_hex                     0x00000000   Number         0  stubs.o ABSOLUTE
    _printf_longlong_oct                     0x00000000   Number         0  stubs.o ABSOLUTE
    _printf_ls                               0x00000000   Number         0  stubs.o ABSOLUTE
    _printf_mbtowc                           0x00000000   Number         0  stubs.o ABSOLUTE
    _printf_n                                0x00000000   Number         0  stubs.o ABSOLUTE
    _printf_o                                0x00000000   Number         0  stubs.o ABSOLUTE
    _printf_p                                0x00000000   Number         0  stubs.o ABSOLUTE
    _printf_percent                          0x00000000   Number         0  stubs.o ABSOLUTE
    _printf_pre_padding                      0x00000000   Number         0  stubs.o ABSOLUTE
    _printf_return_value                     0x00000000   Number         0  stubs.o ABSOLUTE
    _printf_s                                0x00000000   Number         0  stubs.o ABSOLUTE
    _printf_sizespec                         0x00000000   Number         0  stubs.o ABSOLUTE
    _printf_str                              0x00000000   Number         0  stubs.o ABSOLUTE
    _printf_truncate_signed                  0x00000000   Number         0  stubs.o ABSOLUTE
    _printf_truncate_unsigned                0x00000000   Number         0  stubs.o ABSOLUTE
    _printf_u                                0x00000000   Number         0  stubs.o ABSOLUTE
    _printf_wc                               0x00000000   Number         0  stubs.o ABSOLUTE
    _printf_wctomb                           0x00000000   Number         0  stubs.o ABSOLUTE
    _printf_widthprec                        0x00000000   Number         0  stubs.o ABSOLUTE
    _printf_x                                0x00000000   Number         0  stubs.o ABSOLUTE
    __cpp_initialize__aeabi_                  - Undefined Weak Reference
    __cxa_finalize                            - Undefined Weak Reference
    __decompress                              - Undefined Weak Reference
    _clock_init                               - Undefined Weak Reference
    _microlib_exit                            - Undefined Weak Reference
    __Vectors_End                            0x00000144   Data           0  startup_msp432p401r_uvision.o(RESET)
    __Vectors_Size                           0x00000144   Number         0  startup_msp432p401r_uvision.o ABSOLUTE
    __main                                   0x00000145   Thumb Code     0  entry.o(.ARM.Collect$$$$00000000)
    _main_stk                                0x00000145   Thumb Code     0  entry2.o(.ARM.Collect$$$$00000001)
    _main_scatterload                        0x00000149   Thumb Code     0  entry5.o(.ARM.Collect$$$$00000004)
    __main_after_scatterload                 0x0000014d   Thumb Code     0  entry5.o(.ARM.Collect$$$$00000004)
    _main_clock                              0x0000014d   Thumb Code     0  entry7b.o(.ARM.Collect$$$$00000008)
    _main_cpp_init                           0x0000014d   Thumb Code     0  entry8b.o(.ARM.Collect$$$$0000000A)
    _main_init                               0x0000014d   Thumb Code     0  entry9a.o(.ARM.Collect$$$$0000000B)
    __rt_final_cpp                           0x00000155   Thumb Code     0  entry10a.o(.ARM.Collect$$$$0000000D)
    __rt_final_exit                          0x00000155   Thumb Code     0  entry11a.o(.ARM.Collect$$$$0000000F)
    CPU_cpsid                                0x00000159   Thumb Code     8  cpu.o(.emb_text)
    CPU_primask                              0x00000161   Thumb Code     6  cpu.o(.emb_text)
    CPU_cpsie                                0x00000167   Thumb Code     8  cpu.o(.emb_text)
    CPU_wfi                                  0x0000016f   Thumb Code     4  cpu.o(.emb_text)
    CPU_basepriSet                           0x00000173   Thumb Code     6  cpu.o(.emb_text)
    CPU_basepriGet                           0x00000179   Thumb Code     6  cpu.o(.emb_text)
    Reset_Handler                            0x00000181   Thumb Code     8  startup_msp432p401r_uvision.o(.text)
    NMI_Handler                              0x00000189   Thumb Code     2  startup_msp432p401r_uvision.o(.text)
    HardFault_Handler                        0x0000018b   Thumb Code     2  startup_msp432p401r_uvision.o(.text)
    MemManage_Handler                        0x0000018d   Thumb Code     2  startup_msp432p401r_uvision.o(.text)
    BusFault_Handler                         0x0000018f   Thumb Code     2  startup_msp432p401r_uvision.o(.text)
    UsageFault_Handler                       0x00000191   Thumb Code     2  startup_msp432p401r_uvision.o(.text)
    SVC_Handler                              0x00000193   Thumb Code     2  startup_msp432p401r_uvision.o(.text)
    DebugMon_Handler                         0x00000195   Thumb Code     2  startup_msp432p401r_uvision.o(.text)
    PendSV_Handler                           0x00000197   Thumb Code     2  startup_msp432p401r_uvision.o(.text)
    SysTick_Handler                          0x00000199   Thumb Code     2  startup_msp432p401r_uvision.o(.text)
    AES256_IRQHandler                        0x0000019b   Thumb Code     0  startup_msp432p401r_uvision.o(.text)
    COMP_E0_IRQHandler                       0x0000019b   Thumb Code     0  startup_msp432p401r_uvision.o(.text)
    COMP_E1_IRQHandler                       0x0000019b   Thumb Code     0  startup_msp432p401r_uvision.o(.text)
    CS_IRQHandler                            0x0000019b   Thumb Code     0  startup_msp432p401r_uvision.o(.text)
    DMA_ERR_IRQHandler                       0x0000019b   Thumb Code     0  startup_msp432p401r_uvision.o(.text)
    DMA_INT0_IRQHandler                      0x0000019b   Thumb Code     0  startup_msp432p401r_uvision.o(.text)
    DMA_INT1_IRQHandler                      0x0000019b   Thumb Code     0  startup_msp432p401r_uvision.o(.text)
    DMA_INT2_IRQHandler                      0x0000019b   Thumb Code     0  startup_msp432p401r_uvision.o(.text)
    DMA_INT3_IRQHandler                      0x0000019b   Thumb Code     0  startup_msp432p401r_uvision.o(.text)
    EUSCIA1_IRQHandler                       0x0000019b   Thumb Code     0  startup_msp432p401r_uvision.o(.text)
    EUSCIA2_IRQHandler                       0x0000019b   Thumb Code     0  startup_msp432p401r_uvision.o(.text)
    EUSCIA3_IRQHandler                       0x0000019b   Thumb Code     0  startup_msp432p401r_uvision.o(.text)
    EUSCIB0_IRQHandler                       0x0000019b   Thumb Code     0  startup_msp432p401r_uvision.o(.text)
    EUSCIB1_IRQHandler                       0x0000019b   Thumb Code     0  startup_msp432p401r_uvision.o(.text)
    EUSCIB2_IRQHandler                       0x0000019b   Thumb Code     0  startup_msp432p401r_uvision.o(.text)
    EUSCIB3_IRQHandler                       0x0000019b   Thumb Code     0  startup_msp432p401r_uvision.o(.text)
    FLCTL_IRQHandler                         0x0000019b   Thumb Code     0  startup_msp432p401r_uvision.o(.text)
    FPU_IRQHandler                           0x0000019b   Thumb Code     0  startup_msp432p401r_uvision.o(.text)
    PCM_IRQHandler                           0x0000019b   Thumb Code     0  startup_msp432p401r_uvision.o(.text)
    PORT2_IRQHandler                         0x0000019b   Thumb Code     0  startup_msp432p401r_uvision.o(.text)
    PORT3_IRQHandler                         0x0000019b   Thumb Code     0  startup_msp432p401r_uvision.o(.text)
    PORT4_IRQHandler                         0x0000019b   Thumb Code     0  startup_msp432p401r_uvision.o(.text)
    PORT5_IRQHandler                         0x0000019b   Thumb Code     0  startup_msp432p401r_uvision.o(.text)
    PORT6_IRQHandler                         0x0000019b   Thumb Code     0  startup_msp432p401r_uvision.o(.text)
    PSS_IRQHandler                           0x0000019b   Thumb Code     0  startup_msp432p401r_uvision.o(.text)
    RTC_C_IRQHandler                         0x0000019b   Thumb Code     0  startup_msp432p401r_uvision.o(.text)
    T32_INTC_IRQHandler                      0x0000019b   Thumb Code     0  startup_msp432p401r_uvision.o(.text)
    TA0_N_IRQHandler                         0x0000019b   Thumb Code     0  startup_msp432p401r_uvision.o(.text)
    TA1_0_IRQHandler                         0x0000019b   Thumb Code     0  startup_msp432p401r_uvision.o(.text)
    TA1_N_IRQHandler                         0x0000019b   Thumb Code     0  startup_msp432p401r_uvision.o(.text)
    TA2_0_IRQHandler                         0x0000019b   Thumb Code     0  startup_msp432p401r_uvision.o(.text)
    TA3_0_IRQHandler                         0x0000019b   Thumb Code     0  startup_msp432p401r_uvision.o(.text)
    TA3_N_IRQHandler                         0x0000019b   Thumb Code     0  startup_msp432p401r_uvision.o(.text)
    WDT_A_IRQHandler                         0x0000019b   Thumb Code     0  startup_msp432p401r_uvision.o(.text)
    ___aeabi_memcpy8$move                    0x000001a5   Thumb Code     0  memmovea.o(.text)
    __aeabi_memcpy                           0x000001a5   Thumb Code    64  memmovea.o(.text)
    __aeabi_memcpy4                          0x000001a5   Thumb Code     0  memmovea.o(.text)
    __aeabi_memmove                          0x000001a5   Thumb Code     0  memmovea.o(.text)
    __aeabi_memmove4                         0x000001a5   Thumb Code     0  memmovea.o(.text)
    __aeabi_memmove8                         0x000001a5   Thumb Code     0  memmovea.o(.text)
    __aeabi_memset                           0x000001e5   Thumb Code    14  memseta.o(.text)
    __aeabi_memset4                          0x000001e5   Thumb Code     0  memseta.o(.text)
    __aeabi_memset8                          0x000001e5   Thumb Code     0  memseta.o(.text)
    __aeabi_memclr                           0x000001f3   Thumb Code     4  memseta.o(.text)
    __aeabi_memclr4                          0x000001f3   Thumb Code     0  memseta.o(.text)
    __aeabi_memclr8                          0x000001f3   Thumb Code     0  memseta.o(.text)
    _memset$wrapper                          0x000001f7   Thumb Code    18  memseta.o(.text)
    strcmp                                   0x00000209   Thumb Code    28  strcmp.o(.text)
    strncasecmp                              0x00000225   Thumb Code    50  strncasecmp.o(.text)
    __aeabi_ddiv                             0x00000257   Thumb Code   222  ddiv.o(.text)
    __aeabi_i2d                              0x00000335   Thumb Code    34  dflti.o(.text)
    __aeabi_ui2d                             0x00000357   Thumb Code    26  dfltui.o(.text)
    __aeabi_d2iz                             0x00000371   Thumb Code    62  dfixi.o(.text)
    __aeabi_f2d                              0x000003af   Thumb Code    38  f2d.o(.text)
    __aeabi_d2f                              0x000003d5   Thumb Code    56  d2f.o(.text)
    __aeabi_uidiv                            0x0000040d   Thumb Code     0  uidiv.o(.text)
    __aeabi_uidivmod                         0x0000040d   Thumb Code    44  uidiv.o(.text)
    __aeabi_uldivmod                         0x00000439   Thumb Code    98  uldiv.o(.text)
    __aeabi_llsr                             0x0000049b   Thumb Code    32  llushr.o(.text)
    _ll_ushift_r                             0x0000049b   Thumb Code     0  llushr.o(.text)
    tolower                                  0x000004bb   Thumb Code    12  tolower.o(.text)
    __strtod_int                             0x000004ff   Thumb Code    90  strtod.o(.text)
    __I$use$fp                               0x00000565   Thumb Code     0  iusefp.o(.text)
    _float_round                             0x00000565   Thumb Code    18  fepilogue.o(.text)
    _float_epilogue                          0x00000577   Thumb Code    92  fepilogue.o(.text)
    _double_round                            0x000005d3   Thumb Code    30  depilogue.o(.text)
    _double_epilogue                         0x000005f1   Thumb Code   156  depilogue.o(.text)
    __aeabi_dadd                             0x0000068d   Thumb Code   322  dadd.o(.text)
    __aeabi_dsub                             0x000007cf   Thumb Code     6  dadd.o(.text)
    __aeabi_drsub                            0x000007d5   Thumb Code     6  dadd.o(.text)
    __aeabi_dmul                             0x000007db   Thumb Code   228  dmul.o(.text)
    __aeabi_d2ulz                            0x000008bf   Thumb Code    48  dfixul.o(.text)
    __aeabi_cdrcmple                         0x000008f1   Thumb Code    48  cdrcmple.o(.text)
    __scatterload                            0x00000921   Thumb Code    28  init.o(.text)
    __scatterload_rt2                        0x00000921   Thumb Code     0  init.o(.text)
    __aeabi_llsl                             0x00000945   Thumb Code    30  llshl.o(.text)
    _ll_shift_l                              0x00000945   Thumb Code     0  llshl.o(.text)
    __aeabi_lasr                             0x00000963   Thumb Code    36  llsshr.o(.text)
    _ll_sshift_r                             0x00000963   Thumb Code     0  llsshr.o(.text)
    isspace                                  0x00000987   Thumb Code    10  isspace_c.o(.text)
    _scanf_real                              0x00000ab9   Thumb Code     0  scanf_fp.o(.text)
    _scanf_really_real                       0x00000ab9   Thumb Code   556  scanf_fp.o(.text)
    _sgetc                                   0x00000cf1   Thumb Code    30  _sgetc.o(.text)
    _sbackspace                              0x00000d0f   Thumb Code    34  _sgetc.o(.text)
    __ctype_lookup                           0x00000d31   Thumb Code    34  ctype_c.o(.text)
    __aeabi_ul2d                             0x00000d59   Thumb Code    24  dfltul.o(.text)
    ADC14_IRQHandler                         0x00000d71   Thumb Code    84  adc.o(i.ADC14_IRQHandler)
    ADC14_getMultiSequenceResult             0x00000ddd   Thumb Code    38  adc14.o(i.ADC14_getMultiSequenceResult)
    CS_clearInterruptFlag                    0x00000e09   Thumb Code    26  cs.o(i.CS_clearInterruptFlag)
    CS_getACLK                               0x00000e2d   Thumb Code    20  cs.o(i.CS_getACLK)
    CS_getDCOFrequency                       0x00000e45   Thumb Code   234  cs.o(i.CS_getDCOFrequency)
    CS_getMCLK                               0x00000f51   Thumb Code    20  cs.o(i.CS_getMCLK)
    CS_getSMCLK                              0x00000f69   Thumb Code    18  cs.o(i.CS_getSMCLK)
    CS_setExternalClockSourceFrequency       0x00000f81   Thumb Code     8  cs.o(i.CS_setExternalClockSourceFrequency)
    CS_startHFXT                             0x00000f8d   Thumb Code     6  cs.o(i.CS_startHFXT)
    CS_startHFXTWithTimeout                  0x00000f95   Thumb Code   144  cs.o(i.CS_startHFXTWithTimeout)
    CS_startLFXT                             0x00001035   Thumb Code     6  cs.o(i.CS_startLFXT)
    CS_startLFXTWithTimeout                  0x0000103d   Thumb Code   144  cs.o(i.CS_startLFXTWithTimeout)
    EUSCIA0_IRQHandler                       0x000010dd   Thumb Code    40  main.o(i.EUSCIA0_IRQHandler)
    GPIO_setAsOutputPin                      0x00001111   Thumb Code    26  gpio.o(i.GPIO_setAsOutputPin)
    GPIO_setAsPeripheralModuleFunctionOutputPin 0x00001131   Thumb Code    56  gpio.o(i.GPIO_setAsPeripheralModuleFunctionOutputPin)
    GPIO_setOutputHighOnPin                  0x0000116d   Thumb Code    14  gpio.o(i.GPIO_setOutputHighOnPin)
    GPIO_setOutputLowOnPin                   0x00001181   Thumb Code    14  gpio.o(i.GPIO_setOutputLowOnPin)
    GPIO_toggleOutputOnPin                   0x00001195   Thumb Code    14  gpio.o(i.GPIO_toggleOutputOnPin)
    Interrupt_enableInterrupt                0x000011a9   Thumb Code    84  interrupt.o(i.Interrupt_enableInterrupt)
    Interrupt_enableMaster                   0x00001205   Thumb Code    14  interrupt.o(i.Interrupt_enableMaster)
    KEY_Init                                 0x00001215   Thumb Code    92  key.o(i.KEY_Init)
    PORT1_IRQHandler                         0x00001275   Thumb Code    74  key.o(i.PORT1_IRQHandler)
    ServoControl2_calibrate0                 0x000012c5   Thumb Code    48  servo.o(i.ServoControl2_calibrate0)
    ServoControl2_calibrate90                0x00001359   Thumb Code   164  servo.o(i.ServoControl2_calibrate90)
    ServoControl2_init                       0x00001465   Thumb Code   262  servo.o(i.ServoControl2_init)
    ServoControl2_setAzimuth                 0x000015b9   Thumb Code    86  servo.o(i.ServoControl2_setAzimuth)
    ServoControl2_setElevation               0x00001635   Thumb Code    86  servo.o(i.ServoControl2_setElevation)
    SysCtl_A_disableNMISource                0x000016b1   Thumb Code    10  sysctl_a.o(i.SysCtl_A_disableNMISource)
    SysCtl_A_enableNMISource                 0x000016c1   Thumb Code    10  sysctl_a.o(i.SysCtl_A_enableNMISource)
    SysCtl_A_getNMISourceStatus              0x000016d1   Thumb Code    10  sysctl_a.o(i.SysCtl_A_getNMISourceStatus)
    SysCtl_A_getTLVInfo                      0x000016e1   Thumb Code    64  sysctl_a.o(i.SysCtl_A_getTLVInfo)
    SysInit                                  0x00001729   Thumb Code   134  sysinit.o(i.SysInit)
    SystemInit                               0x000017bd   Thumb Code    86  system_msp432p401r.o(i.SystemInit)
    T32_INT1_IRQHandler                      0x00001829   Thumb Code    14  tim32.o(i.T32_INT1_IRQHandler)
    T32_INT2_IRQHandler                      0x00001841   Thumb Code    14  tim32.o(i.T32_INT2_IRQHandler)
    TA0_0_IRQHandler                         0x00001859   Thumb Code    30  tima.o(i.TA0_0_IRQHandler)
    TA2_N_IRQHandler                         0x0000187d   Thumb Code   218  tima.o(i.TA2_N_IRQHandler)
    Timer_A_generatePWM                      0x00001969   Thumb Code    76  timer_a.o(i.Timer_A_generatePWM)
    Timer_A_getCaptureCompareCount           0x000019b5   Thumb Code    16  timer_a.o(i.Timer_A_getCaptureCompareCount)
    Timer_A_setCompareValue                  0x000019c5   Thumb Code    16  timer_a.o(i.Timer_A_setCompareValue)
    UART_enableInterrupt                     0x000019d5   Thumb Code    22  uart.o(i.UART_enableInterrupt)
    UART_getEnabledInterruptStatus           0x000019eb   Thumb Code    38  uart.o(i.UART_getEnabledInterruptStatus)
    UART_initModule                          0x00001a11   Thumb Code   146  uart.o(i.UART_initModule)
    UART_transmitData                        0x00001aa3   Thumb Code    22  uart.o(i.UART_transmitData)
    __0printf                                0x00001c11   Thumb Code    22  printfa.o(i.__0printf)
    __1printf                                0x00001c11   Thumb Code     0  printfa.o(i.__0printf)
    __2printf                                0x00001c11   Thumb Code     0  printfa.o(i.__0printf)
    __c89printf                              0x00001c11   Thumb Code     0  printfa.o(i.__0printf)
    printf                                   0x00001c11   Thumb Code     0  printfa.o(i.__0printf)
    free                                     0x00001c31   Thumb Code    88  mallocr.o(i.__free$realloc)
    __hardfp_atof                            0x00001c91   Thumb Code    44  atof.o(i.__hardfp_atof)
    malloc                                   0x00001cc9   Thumb Code    64  mallocr.o(i.__malloc$realloc)
    __read_errno                             0x00001d19   Thumb Code     6  errno.o(i.__read_errno)
    __scatterload_copy                       0x00001d25   Thumb Code    14  handlers.o(i.__scatterload_copy)
    __scatterload_null                       0x00001d33   Thumb Code     2  handlers.o(i.__scatterload_null)
    __scatterload_zeroinit                   0x00001d35   Thumb Code    14  handlers.o(i.__scatterload_zeroinit)
    __set_errno                              0x00001d45   Thumb Code     6  errno.o(i.__set_errno)
    _is_digit                                0x00001ed5   Thumb Code    14  scanf_fp.o(i._is_digit)
    bitPosition                              0x00002613   Thumb Code    18  baudrate_calculate.o(i.bitPosition)
    cb                                       0x00002625   Thumb Code   232  main.o(i.cb)
    delay_init                               0x00002759   Thumb Code    34  delay.o(i.delay_init)
    delay_ms                                 0x00002785   Thumb Code    22  delay.o(i.delay_ms)
    delay_us                                 0x0000279d   Thumb Code    72  delay.o(i.delay_us)
    eusci_calcBaudDividers                   0x000027e9   Thumb Code   348  baudrate_calculate.o(i.eusci_calcBaudDividers)
    fputc                                    0x00002951   Thumb Code    18  usart.o(i.fputc)
    main                                     0x000029e5   Thumb Code   122  main.o(i.main)
    realloc                                  0x00002b31   Thumb Code   102  mallocr.o(i.realloc)
    rxHandler                                0x00002b9d   Thumb Code   198  usart.o(i.rxHandler)
    rxReset                                  0x00002c6d   Thumb Code    60  usart.o(i.rxReset)
    uart_A0_RxReload                         0x00002ca9   Thumb Code    16  usart.o(i.uart_A0_RxReload)
    uart_A0_RxToZero                         0x00002cbd   Thumb Code    48  usart.o(i.uart_A0_RxToZero)
    uart_init_IT                             0x00002cf1   Thumb Code    80  usart.o(i.uart_init_IT)
    __ctype_categories                       0x00002ea8   Data          64  ctype_c.o(.constdata)
    Region$$Table$$Base                      0x00002f80   Number         0  anon$$obj.o(Region$$Table)
    Region$$Table$$Limit                     0x00002fa0   Number         0  anon$$obj.o(Region$$Table)
    sc                                       0x20000000   Data           4  main.o(.data)
    TIMA2_CAP_STA                            0x20000008   Data           1  tima.o(.data)
    TIMA2_CAP_VAL                            0x2000000a   Data           2  tima.o(.data)
    __stdout                                 0x2000000c   Data           4  usart.o(.data)
    __microlib_freelist                      0x2000001c   Data           4  mvars.o(.data)
    __microlib_freelist_initialised          0x20000020   Data           4  mvars.o(.data)
    cmd                                      0x20000028   Data          32  main.o(.bss)
    rc_a0                                    0x20000048   Data          16  usart.o(.bss)
    __heap_base                              0x20000058   Data           0  startup_msp432p401r_uvision.o(HEAP)
    __heap_limit                             0x20000858   Data           0  startup_msp432p401r_uvision.o(HEAP)
    __initial_sp                             0x20000a58   Data           0  startup_msp432p401r_uvision.o(STACK)



==============================================================================

Memory Map of the image

  Image Entry point : 0x00000145

  Load Region LR_IROM1 (Base: 0x00000000, Size: 0x00002fc8, Max: 0x00040000, ABSOLUTE)

    Execution Region ER_IROM1 (Exec base: 0x00000000, Load base: 0x00000000, Size: 0x00002fa0, Max: 0x00040000, ABSOLUTE)

    Exec Addr    Load Addr    Size         Type   Attr      Idx    E Section Name        Object

    0x00000000   0x00000000   0x00000144   Data   RO           73    RESET               startup_msp432p401r_uvision.o
    0x00000144   0x00000144   0x00000000   Code   RO         2503  * .ARM.Collect$$$$00000000  mc_w.l(entry.o)
    0x00000144   0x00000144   0x00000004   Code   RO         2821    .ARM.Collect$$$$00000001  mc_w.l(entry2.o)
    0x00000148   0x00000148   0x00000004   Code   RO         2824    .ARM.Collect$$$$00000004  mc_w.l(entry5.o)
    0x0000014c   0x0000014c   0x00000000   Code   RO         2826    .ARM.Collect$$$$00000008  mc_w.l(entry7b.o)
    0x0000014c   0x0000014c   0x00000000   Code   RO         2828    .ARM.Collect$$$$0000000A  mc_w.l(entry8b.o)
    0x0000014c   0x0000014c   0x00000008   Code   RO         2829    .ARM.Collect$$$$0000000B  mc_w.l(entry9a.o)
    0x00000154   0x00000154   0x00000000   Code   RO         2831    .ARM.Collect$$$$0000000D  mc_w.l(entry10a.o)
    0x00000154   0x00000154   0x00000000   Code   RO         2833    .ARM.Collect$$$$0000000F  mc_w.l(entry11a.o)
    0x00000154   0x00000154   0x00000004   Code   RO         2822    .ARM.Collect$$$$00002712  mc_w.l(entry2.o)
    0x00000158   0x00000158   0x00000026   Code   RO         2346    .emb_text           msp432p4xx_driverlib.lib(cpu.o)
    0x0000017e   0x0000017e   0x00000002   PAD
    0x00000180   0x00000180   0x00000024   Code   RO           74    .text               startup_msp432p401r_uvision.o
    0x000001a4   0x000001a4   0x00000040   Code   RO         2508    .text               mc_w.l(memmovea.o)
    0x000001e4   0x000001e4   0x00000024   Code   RO         2510    .text               mc_w.l(memseta.o)
    0x00000208   0x00000208   0x0000001c   Code   RO         2512    .text               mc_w.l(strcmp.o)
    0x00000224   0x00000224   0x00000032   Code   RO         2518    .text               mc_w.l(strncasecmp.o)
    0x00000256   0x00000256   0x000000de   Code   RO         2809    .text               mf_w.l(ddiv.o)
    0x00000334   0x00000334   0x00000022   Code   RO         2811    .text               mf_w.l(dflti.o)
    0x00000356   0x00000356   0x0000001a   Code   RO         2813    .text               mf_w.l(dfltui.o)
    0x00000370   0x00000370   0x0000003e   Code   RO         2815    .text               mf_w.l(dfixi.o)
    0x000003ae   0x000003ae   0x00000026   Code   RO         2817    .text               mf_w.l(f2d.o)
    0x000003d4   0x000003d4   0x00000038   Code   RO         2819    .text               mf_w.l(d2f.o)
    0x0000040c   0x0000040c   0x0000002c   Code   RO         2835    .text               mc_w.l(uidiv.o)
    0x00000438   0x00000438   0x00000062   Code   RO         2837    .text               mc_w.l(uldiv.o)
    0x0000049a   0x0000049a   0x00000020   Code   RO         2839    .text               mc_w.l(llushr.o)
    0x000004ba   0x000004ba   0x0000000c   Code   RO         2841    .text               mc_w.l(tolower.o)
    0x000004c6   0x000004c6   0x00000002   PAD
    0x000004c8   0x000004c8   0x0000009c   Code   RO         2852    .text               mc_w.l(strtod.o)
    0x00000564   0x00000564   0x00000000   Code   RO         2854    .text               mc_w.l(iusefp.o)
    0x00000564   0x00000564   0x0000006e   Code   RO         2855    .text               mf_w.l(fepilogue.o)
    0x000005d2   0x000005d2   0x000000ba   Code   RO         2857    .text               mf_w.l(depilogue.o)
    0x0000068c   0x0000068c   0x0000014e   Code   RO         2859    .text               mf_w.l(dadd.o)
    0x000007da   0x000007da   0x000000e4   Code   RO         2861    .text               mf_w.l(dmul.o)
    0x000008be   0x000008be   0x00000030   Code   RO         2863    .text               mf_w.l(dfixul.o)
    0x000008ee   0x000008ee   0x00000002   PAD
    0x000008f0   0x000008f0   0x00000030   Code   RO         2865    .text               mf_w.l(cdrcmple.o)
    0x00000920   0x00000920   0x00000024   Code   RO         2867    .text               mc_w.l(init.o)
    0x00000944   0x00000944   0x0000001e   Code   RO         2869    .text               mc_w.l(llshl.o)
    0x00000962   0x00000962   0x00000024   Code   RO         2871    .text               mc_w.l(llsshr.o)
    0x00000986   0x00000986   0x0000000a   Code   RO         2873    .text               mc_w.l(isspace_c.o)
    0x00000990   0x00000990   0x00000360   Code   RO         2875    .text               mc_w.l(scanf_fp.o)
    0x00000cf0   0x00000cf0   0x00000040   Code   RO         2879    .text               mc_w.l(_sgetc.o)
    0x00000d30   0x00000d30   0x00000028   Code   RO         2881    .text               mc_w.l(ctype_c.o)
    0x00000d58   0x00000d58   0x00000018   Code   RO         2884    .text               mf_w.l(dfltul.o)
    0x00000d70   0x00000d70   0x0000006c   Code   RO          254    i.ADC14_IRQHandler  adc.o
    0x00000ddc   0x00000ddc   0x0000002c   Code   RO          970    i.ADC14_getMultiSequenceResult  msp432p4xx_driverlib.lib(adc14.o)
    0x00000e08   0x00000e08   0x00000024   Code   RO         1224    i.CS_clearInterruptFlag  msp432p4xx_driverlib.lib(cs.o)
    0x00000e2c   0x00000e2c   0x00000018   Code   RO         1233    i.CS_getACLK        msp432p4xx_driverlib.lib(cs.o)
    0x00000e44   0x00000e44   0x0000010c   Code   RO         1235    i.CS_getDCOFrequency  msp432p4xx_driverlib.lib(cs.o)
    0x00000f50   0x00000f50   0x00000018   Code   RO         1239    i.CS_getMCLK        msp432p4xx_driverlib.lib(cs.o)
    0x00000f68   0x00000f68   0x00000018   Code   RO         1240    i.CS_getSMCLK       msp432p4xx_driverlib.lib(cs.o)
    0x00000f80   0x00000f80   0x0000000c   Code   RO         1247    i.CS_setExternalClockSourceFrequency  msp432p4xx_driverlib.lib(cs.o)
    0x00000f8c   0x00000f8c   0x00000006   Code   RO         1250    i.CS_startHFXT      msp432p4xx_driverlib.lib(cs.o)
    0x00000f92   0x00000f92   0x00000002   PAD
    0x00000f94   0x00000f94   0x000000a0   Code   RO         1251    i.CS_startHFXTWithTimeout  msp432p4xx_driverlib.lib(cs.o)
    0x00001034   0x00001034   0x00000006   Code   RO         1252    i.CS_startLFXT      msp432p4xx_driverlib.lib(cs.o)
    0x0000103a   0x0000103a   0x00000002   PAD
    0x0000103c   0x0000103c   0x000000a0   Code   RO         1253    i.CS_startLFXTWithTimeout  msp432p4xx_driverlib.lib(cs.o)
    0x000010dc   0x000010dc   0x00000034   Code   RO           81    i.EUSCIA0_IRQHandler  main.o
    0x00001110   0x00001110   0x00000020   Code   RO         1461    i.GPIO_setAsOutputPin  msp432p4xx_driverlib.lib(gpio.o)
    0x00001130   0x00001130   0x0000003c   Code   RO         1463    i.GPIO_setAsPeripheralModuleFunctionOutputPin  msp432p4xx_driverlib.lib(gpio.o)
    0x0000116c   0x0000116c   0x00000014   Code   RO         1466    i.GPIO_setOutputHighOnPin  msp432p4xx_driverlib.lib(gpio.o)
    0x00001180   0x00001180   0x00000014   Code   RO         1467    i.GPIO_setOutputLowOnPin  msp432p4xx_driverlib.lib(gpio.o)
    0x00001194   0x00001194   0x00000014   Code   RO         1468    i.GPIO_toggleOutputOnPin  msp432p4xx_driverlib.lib(gpio.o)
    0x000011a8   0x000011a8   0x0000005c   Code   RO         1879    i.Interrupt_enableInterrupt  msp432p4xx_driverlib.lib(interrupt.o)
    0x00001204   0x00001204   0x0000000e   Code   RO         1880    i.Interrupt_enableMaster  msp432p4xx_driverlib.lib(interrupt.o)
    0x00001212   0x00001212   0x00000002   PAD
    0x00001214   0x00001214   0x00000060   Code   RO          289    i.KEY_Init          key.o
    0x00001274   0x00001274   0x00000050   Code   RO          291    i.PORT1_IRQHandler  key.o
    0x000012c4   0x000012c4   0x00000094   Code   RO          716    i.ServoControl2_calibrate0  servo.o
    0x00001358   0x00001358   0x0000010c   Code   RO          717    i.ServoControl2_calibrate90  servo.o
    0x00001464   0x00001464   0x00000154   Code   RO          718    i.ServoControl2_init  servo.o
    0x000015b8   0x000015b8   0x0000007c   Code   RO          719    i.ServoControl2_setAzimuth  servo.o
    0x00001634   0x00001634   0x0000007c   Code   RO          720    i.ServoControl2_setElevation  servo.o
    0x000016b0   0x000016b0   0x00000010   Code   RO         2369    i.SysCtl_A_disableNMISource  msp432p4xx_driverlib.lib(sysctl_a.o)
    0x000016c0   0x000016c0   0x00000010   Code   RO         2374    i.SysCtl_A_enableNMISource  msp432p4xx_driverlib.lib(sysctl_a.o)
    0x000016d0   0x000016d0   0x00000010   Code   RO         2380    i.SysCtl_A_getNMISourceStatus  msp432p4xx_driverlib.lib(sysctl_a.o)
    0x000016e0   0x000016e0   0x00000048   Code   RO         2382    i.SysCtl_A_getTLVInfo  msp432p4xx_driverlib.lib(sysctl_a.o)
    0x00001728   0x00001728   0x00000094   Code   RO          860    i.SysInit           sysinit.o
    0x000017bc   0x000017bc   0x0000006c   Code   RO            5    i.SystemInit        system_msp432p401r.o
    0x00001828   0x00001828   0x00000018   Code   RO          619    i.T32_INT1_IRQHandler  tim32.o
    0x00001840   0x00001840   0x00000018   Code   RO          620    i.T32_INT2_IRQHandler  tim32.o
    0x00001858   0x00001858   0x00000024   Code   RO          661    i.TA0_0_IRQHandler  tima.o
    0x0000187c   0x0000187c   0x000000ec   Code   RO          662    i.TA2_N_IRQHandler  tima.o
    0x00001968   0x00001968   0x0000004c   Code   RO         2028    i.Timer_A_generatePWM  msp432p4xx_driverlib.lib(timer_a.o)
    0x000019b4   0x000019b4   0x00000010   Code   RO         2029    i.Timer_A_getCaptureCompareCount  msp432p4xx_driverlib.lib(timer_a.o)
    0x000019c4   0x000019c4   0x00000010   Code   RO         2040    i.Timer_A_setCompareValue  msp432p4xx_driverlib.lib(timer_a.o)
    0x000019d4   0x000019d4   0x00000016   Code   RO         2208    i.UART_enableInterrupt  msp432p4xx_driverlib.lib(uart.o)
    0x000019ea   0x000019ea   0x00000026   Code   RO         2210    i.UART_getEnabledInterruptStatus  msp432p4xx_driverlib.lib(uart.o)
    0x00001a10   0x00001a10   0x00000092   Code   RO         2214    i.UART_initModule   msp432p4xx_driverlib.lib(uart.o)
    0x00001aa2   0x00001aa2   0x00000016   Code   RO         2223    i.UART_transmitData  msp432p4xx_driverlib.lib(uart.o)
    0x00001ab8   0x00001ab8   0x000000c0   Code   RO         1256    i._CSComputeCLKFrequency  msp432p4xx_driverlib.lib(cs.o)
    0x00001b78   0x00001b78   0x00000098   Code   RO         1257    i._CSGetHFXTFrequency  msp432p4xx_driverlib.lib(cs.o)
    0x00001c10   0x00001c10   0x00000020   Code   RO         2753    i.__0printf         mc_w.l(printfa.o)
    0x00001c30   0x00001c30   0x0000005c   Code   RO         2785    i.__free$realloc    mc_w.l(mallocr.o)
    0x00001c8c   0x00001c8c   0x00000004   PAD
    0x00001c90   0x00001c90   0x00000038   Code   RO         2497    i.__hardfp_atof     m_wm.l(atof.o)
    0x00001cc8   0x00001cc8   0x00000050   Code   RO         2786    i.__malloc$realloc  mc_w.l(mallocr.o)
    0x00001d18   0x00001d18   0x0000000c   Code   RO         2846    i.__read_errno      mc_w.l(errno.o)
    0x00001d24   0x00001d24   0x0000000e   Code   RO         2888    i.__scatterload_copy  mc_w.l(handlers.o)
    0x00001d32   0x00001d32   0x00000002   Code   RO         2889    i.__scatterload_null  mc_w.l(handlers.o)
    0x00001d34   0x00001d34   0x0000000e   Code   RO         2890    i.__scatterload_zeroinit  mc_w.l(handlers.o)
    0x00001d42   0x00001d42   0x00000002   PAD
    0x00001d44   0x00001d44   0x0000000c   Code   RO         2847    i.__set_errno       mc_w.l(errno.o)
    0x00001d50   0x00001d50   0x00000184   Code   RO         2760    i._fp_digits        mc_w.l(printfa.o)
    0x00001ed4   0x00001ed4   0x0000000e   Code   RO         2877    i._is_digit         mc_w.l(scanf_fp.o)
    0x00001ee2   0x00001ee2   0x00000002   PAD
    0x00001ee4   0x00001ee4   0x000006dc   Code   RO         2761    i._printf_core      mc_w.l(printfa.o)
    0x000025c0   0x000025c0   0x00000024   Code   RO         2762    i._printf_post_padding  mc_w.l(printfa.o)
    0x000025e4   0x000025e4   0x0000002e   Code   RO         2763    i._printf_pre_padding  mc_w.l(printfa.o)
    0x00002612   0x00002612   0x00000012   Code   RO          922    i.bitPosition       baudrate_calculate.o
    0x00002624   0x00002624   0x00000134   Code   RO           82    i.cb                main.o
    0x00002758   0x00002758   0x0000002c   Code   RO          884    i.delay_init        delay.o
    0x00002784   0x00002784   0x00000016   Code   RO          885    i.delay_ms          delay.o
    0x0000279a   0x0000279a   0x00000002   PAD
    0x0000279c   0x0000279c   0x0000004c   Code   RO          886    i.delay_us          delay.o
    0x000027e8   0x000027e8   0x00000168   Code   RO          923    i.eusci_calcBaudDividers  baudrate_calculate.o
    0x00002950   0x00002950   0x00000018   Code   RO          782    i.fputc             usart.o
    0x00002968   0x00002968   0x00000050   Code   RO         2787    i.internal_alloc    mc_w.l(mallocr.o)
    0x000029b8   0x000029b8   0x0000002a   Code   RO          292    i.key_delay         key.o
    0x000029e2   0x000029e2   0x00000002   PAD
    0x000029e4   0x000029e4   0x00000098   Code   RO           83    i.main              main.o
    0x00002a7c   0x00002a7c   0x000000b4   Code   RO         2045    i.privateTimer_AProcessClockSourceDivider  msp432p4xx_driverlib.lib(timer_a.o)
    0x00002b30   0x00002b30   0x0000006c   Code   RO         2788    i.realloc           mc_w.l(mallocr.o)
    0x00002b9c   0x00002b9c   0x000000d0   Code   RO          835    i.rxHandler         usart.o
    0x00002c6c   0x00002c6c   0x0000003c   Code   RO          783    i.rxReset           usart.o
    0x00002ca8   0x00002ca8   0x00000014   Code   RO          841    i.uart_A0_RxReload  usart.o
    0x00002cbc   0x00002cbc   0x00000034   Code   RO          784    i.uart_A0_RxToZero  usart.o
    0x00002cf0   0x00002cf0   0x0000005c   Code   RO          786    i.uart_init_IT      usart.o
    0x00002d4c   0x00002d4c   0x00000030   Data   RO          722    .constdata          servo.o
    0x00002d7c   0x00002d7c   0x00000050   Data   RO          788    .constdata          usart.o
    0x00002dcc   0x00002dcc   0x0000004c   Data   RO         1470    .constdata          msp432p4xx_driverlib.lib(gpio.o)
    0x00002e18   0x00002e18   0x00000090   Data   RO         1895    .constdata          msp432p4xx_driverlib.lib(interrupt.o)
    0x00002ea8   0x00002ea8   0x00000040   Data   RO         2882    .constdata          mc_w.l(ctype_c.o)
    0x00002ee8   0x00002ee8   0x00000095   Data   RO          789    .conststring        usart.o
    0x00002f7d   0x00002f7d   0x00000003   PAD
    0x00002f80   0x00002f80   0x00000020   Data   RO         2886    Region$$Table       anon$$obj.o


    Execution Region RW_IRAM1 (Exec base: 0x20000000, Load base: 0x00002fa0, Size: 0x00000a58, Max: 0x00010000, ABSOLUTE)

    Exec Addr    Load Addr    Size         Type   Attr      Idx    E Section Name        Object

    0x20000000   0x00002fa0   0x00000004   Data   RW           85    .data               main.o
    0x20000004   0x00002fa4   0x00000004   Data   RW          256    .data               adc.o
    0x20000008   0x00002fa8   0x00000004   Data   RW          667    .data               tima.o
    0x2000000c   0x00002fac   0x00000004   Data   RW          790    .data               usart.o
    0x20000010   0x00002fb0   0x00000001   Data   RW          887    .data               delay.o
    0x20000011   0x00002fb1   0x00000003   PAD
    0x20000014   0x00002fb4   0x00000008   Data   RW         1258    .data               msp432p4xx_driverlib.lib(cs.o)
    0x2000001c   0x00002fbc   0x00000004   Data   RW         2843    .data               mc_w.l(mvars.o)
    0x20000020   0x00002fc0   0x00000004   Data   RW         2844    .data               mc_w.l(mvars.o)
    0x20000024   0x00002fc4   0x00000004   Data   RW         2848    .data               mc_w.l(errno.o)
    0x20000028        -       0x00000020   Zero   RW           84    .bss                main.o
    0x20000048        -       0x00000010   Zero   RW          787    .bss                usart.o
    0x20000058        -       0x00000800   Zero   RW           72    HEAP                startup_msp432p401r_uvision.o
    0x20000858        -       0x00000200   Zero   RW           71    STACK               startup_msp432p401r_uvision.o


==============================================================================

Image component sizes


      Code (inc. data)   RO Data    RW Data    ZI Data      Debug   Object Name

       108         24          0          4          0       1143   adc.o
       378         12          0          0          0       2231   baudrate_calculate.o
       142         14          0          1          0       1755   delay.o
       218         10          0          0          0       1942   key.o
       512        118          0          4         32       7330   main.o
      1004        358         48          0          0       9684   servo.o
        36          8        324          0       2560        836   startup_msp432p401r_uvision.o
       148         14          0          0          0        514   sysinit.o
       108         22          0          0          0       5053   system_msp432p401r.o
        48         20          0          0          0       1012   tim32.o
       272         24          0          4          0       1368   tima.o
       456         36        229          4         16       5523   usart.o

    ----------------------------------------------------------------------
      3434        660        636         20       2608      38391   Object Totals
         0          0         32          0          0          0   (incl. Generated)
         4          0          3          3          0          0   (incl. Padding)

    ----------------------------------------------------------------------

      Code (inc. data)   RO Data    RW Data    ZI Data      Debug   Library Member Name

        56         12          0          0          0        132   atof.o
        64          0          0          0          0         84   _sgetc.o
        40          6         64          0          0         68   ctype_c.o
         0          0          0          0          0          0   entry.o
         0          0          0          0          0          0   entry10a.o
         0          0          0          0          0          0   entry11a.o
         8          4          0          0          0          0   entry2.o
         4          0          0          0          0          0   entry5.o
         0          0          0          0          0          0   entry7b.o
         0          0          0          0          0          0   entry8b.o
         8          4          0          0          0          0   entry9a.o
        24         12          0          4          0        136   errno.o
        30          0          0          0          0          0   handlers.o
        36          8          0          0          0         68   init.o
        10          0          0          0          0         68   isspace_c.o
         0          0          0          0          0          0   iusefp.o
        30          0          0          0          0         68   llshl.o
        36          0          0          0          0         68   llsshr.o
        32          0          0          0          0         68   llushr.o
       360         30          0          0          0        356   mallocr.o
        64          0          0          0          0         76   memmovea.o
        36          0          0          0          0        108   memseta.o
         0          0          0          8          0          0   mvars.o
      2258         90          0          0          0        452   printfa.o
       878         12          0          0          0        216   scanf_fp.o
        28          0          0          0          0         76   strcmp.o
        50          0          0          0          0         84   strncasecmp.o
       156         12          0          0          0        120   strtod.o
        12          0          0          0          0         68   tolower.o
        44          0          0          0          0         80   uidiv.o
        98          0          0          0          0         92   uldiv.o
        48          0          0          0          0         68   cdrcmple.o
        56          0          0          0          0         88   d2f.o
       334          0          0          0          0        148   dadd.o
       222          0          0          0          0        100   ddiv.o
       186          0          0          0          0        176   depilogue.o
        62          0          0          0          0         80   dfixi.o
        48          0          0          0          0         68   dfixul.o
        34          0          0          0          0         76   dflti.o
        26          0          0          0          0         76   dfltui.o
        24          0          0          0          0         76   dfltul.o
       228          0          0          0          0         96   dmul.o
        38          0          0          0          0         68   f2d.o
       110          0          0          0          0        168   fepilogue.o
        44          6          0          0          0       4582   adc14.o
        38          0          0          0          0        676   cpu.o
      1064        170          0          8          0      13545   cs.o
       152         28         76          0          0       4582   gpio.o
       106          8        144          0          0       2381   interrupt.o
       120         26          0          0          0       3378   sysctl_a.o
       288         28          0          0          0       9479   timer_a.o
       228          0          0          0          0       7376   uart.o

    ----------------------------------------------------------------------
      7838        460        284         20          0      49775   Library Totals
        20          4          0          0          0          0   (incl. Padding)

    ----------------------------------------------------------------------

      Code (inc. data)   RO Data    RW Data    ZI Data      Debug   Library Name

        56         12          0          0          0        132   m_wm.l
      4306        178         64         12          0       2356   mc_w.l
      1416          0          0          0          0       1288   mf_w.l
      2040        266        220          8          0      45999   msp432p4xx_driverlib.lib

    ----------------------------------------------------------------------
      7838        460        284         20          0      49775   Library Totals

    ----------------------------------------------------------------------

==============================================================================


      Code (inc. data)   RO Data    RW Data    ZI Data      Debug   

     11272       1120        920         40       2608      80846   Grand Totals
     11272       1120        920         40       2608      80846   ELF Image Totals
     11272       1120        920         40          0          0   ROM Totals

==============================================================================

    Total RO  Size (Code + RO Data)                12192 (  11.91kB)
    Total RW  Size (RW Data + ZI Data)              2648 (   2.59kB)
    Total ROM Size (Code + RO Data + RW Data)      12232 (  11.95kB)

==============================================================================

