Component: ARM Compiler 5.06 update 6 (build 750) Tool: armlink [4d35ed]

==============================================================================

Section Cross References

    system_msp432p401r.o(i.SystemCoreClockUpdate) refers to system_msp432p401r.o(.data) for SystemCoreClock
    startup_msp432p401r_uvision.o(RESET) refers to startup_msp432p401r_uvision.o(STACK) for __initial_sp
    startup_msp432p401r_uvision.o(RESET) refers to startup_msp432p401r_uvision.o(.text) for Reset_Handler
    startup_msp432p401r_uvision.o(RESET) refers to tima.o(i.TA0_0_IRQHandler) for TA0_0_IRQHandler
    startup_msp432p401r_uvision.o(RESET) refers to tima.o(i.TA2_N_IRQHandler) for TA2_N_IRQHandler
    startup_msp432p401r_uvision.o(RESET) refers to main.o(i.EUSCIA0_IRQHandler) for EUSCIA0_IRQHandler
    startup_msp432p401r_uvision.o(RESET) refers to adc.o(i.ADC14_IRQHandler) for ADC14_IRQHandler
    startup_msp432p401r_uvision.o(RESET) refers to tim32.o(i.T32_INT1_IRQHandler) for T32_INT1_IRQHandler
    startup_msp432p401r_uvision.o(RESET) refers to tim32.o(i.T32_INT2_IRQHandler) for T32_INT2_IRQHandler
    startup_msp432p401r_uvision.o(RESET) refers to key.o(i.PORT1_IRQHandler) for PORT1_IRQHandler
    startup_msp432p401r_uvision.o(.text) refers to system_msp432p401r.o(i.SystemInit) for SystemInit
    startup_msp432p401r_uvision.o(.text) refers to entry.o(.ARM.Collect$$$$00000000) for __main
    main.o(i.EUSCIA0_IRQHandler) refers to uart.o(i.UART_getEnabledInterruptStatus) for UART_getEnabledInterruptStatus
    main.o(i.EUSCIA0_IRQHandler) refers to main.o(.data) for UCA0_RxCnt
    main.o(i.EUSCIA0_IRQHandler) refers to main.o(.bss) for UCA0_RxBuf
    main.o(i.cb) refers to strcmp.o(.text) for strcmp
    main.o(i.cb) refers to memseta.o(.text) for __aeabi_memclr4
    main.o(i.cb) refers to usart.o(i.uart_RxReload) for uart_RxReload
    main.o(i.cb) refers to printfa.o(i.__0printf) for __2printf
    main.o(i.cb) refers to main.o(.bss) for cmd
    main.o(i.cb) refers to usart.o(.bss) for rc_a0
    main.o(i.debug_puts) refers to usart.o(i.uart_Tx) for uart_Tx
    main.o(i.main) refers to sysinit.o(i.SysInit) for SysInit
    main.o(i.main) refers to usart.o(i.uart_init_IT) for uart_init_IT
    main.o(i.main) refers to delay.o(i.delay_init) for delay_init
    main.o(i.main) refers to gpio.o(i.GPIO_setAsOutputPin) for GPIO_setAsOutputPin
    main.o(i.main) refers to gpio.o(i.GPIO_setOutputHighOnPin) for GPIO_setOutputHighOnPin
    main.o(i.main) refers to gpio.o(i.GPIO_setOutputLowOnPin) for GPIO_setOutputLowOnPin
    main.o(i.main) refers to key.o(i.KEY_Init) for KEY_Init
    main.o(i.main) refers to gpio.o(i.GPIO_setAsPeripheralModuleFunctionOutputPin) for GPIO_setAsPeripheralModuleFunctionOutputPin
    main.o(i.main) refers to servo.o(i.ServoControl2_init) for ServoControl2_init
    main.o(i.main) refers to printfa.o(i.__0printf) for __2printf
    main.o(i.main) refers to shell.o(i.shell_init) for shell_init
    main.o(i.main) refers to shell.o(i.shell_input_init) for shell_input_init
    main.o(i.main) refers to shell.o(i._shell_register) for _shell_register
    main.o(i.main) refers to gpio.o(i.GPIO_toggleOutputOnPin) for GPIO_toggleOutputOnPin
    main.o(i.main) refers to main.o(.data) for sc
    main.o(i.main) refers to main.o(i.debug_puts) for debug_puts
    main.o(i.main) refers to main.o(.bss) for UCA0_ShInput
    main.o(i.main) refers to main.o(i.__NVIC_SystemReset) for __NVIC_SystemReset
    main.o(i.main) refers to ustdio.o(.data) for current_puts
    adc.o(i.ADC14_IRQHandler) refers to adc14.o(i.ADC14_getMultiSequenceResult) for ADC14_getMultiSequenceResult
    adc.o(i.ADC14_IRQHandler) refers to printfa.o(i.__0printf) for __2printf
    adc.o(i.ADC14_IRQHandler) refers to adc.o(.data) for resultsBuffer
    adc.o(i.ADC_Config) refers to adc14.o(i.ADC14_configureMultiSequenceMode) for ADC14_configureMultiSequenceMode
    adc.o(i.ADC_Config) refers to adc14.o(i.ADC14_configureConversionMemory) for ADC14_configureConversionMemory
    key.o(i.KEY_Scan) refers to key.o(i.key_delay) for key_delay
    key.o(i.KEY_Scan) refers to key.o(.data) for key_up
    key.o(i.PORT1_IRQHandler) refers to key.o(i.key_delay) for key_delay
    key4x4.o(i.KEY4x4_Scan) refers to key4x4.o(i.key_delay) for key_delay
    key4x4.o(i.KEY4x4_Scan) refers to key4x4.o(.data) for key_up
    led.o(i.LED_C_On) refers to led.o(i.LED_R_Off) for LED_R_Off
    led.o(i.LED_C_On) refers to led.o(i.LED_G_On) for LED_G_On
    led.o(i.LED_C_On) refers to led.o(i.LED_B_On) for LED_B_On
    led.o(i.LED_Init) refers to led.o(i.LED_RED_Off) for LED_RED_Off
    led.o(i.LED_Init) refers to led.o(i.LED_R_Off) for LED_R_Off
    led.o(i.LED_Init) refers to led.o(i.LED_G_Off) for LED_G_Off
    led.o(i.LED_Init) refers to led.o(i.LED_B_Off) for LED_B_Off
    led.o(i.LED_P_On) refers to led.o(i.LED_R_On) for LED_R_On
    led.o(i.LED_P_On) refers to led.o(i.LED_G_Off) for LED_G_Off
    led.o(i.LED_P_On) refers to led.o(i.LED_B_On) for LED_B_On
[...]
    Removing i2c.o(i.I2C_getMode), (8 bytes).
    Removing i2c.o(i.I2C_getReceiveBufferAddressForDMA), (4 bytes).
    Removing i2c.o(i.I2C_getTransmitBufferAddressForDMA), (4 bytes).
    Removing i2c.o(i.I2C_initMaster), (58 bytes).
    Removing i2c.o(i.I2C_initSlave), (32 bytes).
    Removing i2c.o(i.I2C_isBusBusy), (12 bytes).
    Removing i2c.o(i.I2C_masterIsStartSent), (16 bytes).
    Removing i2c.o(i.I2C_masterIsStopSent), (10 bytes).
    Removing i2c.o(i.I2C_masterReceiveMultiByteFinish), (32 bytes).
    Removing i2c.o(i.I2C_masterReceiveMultiByteFinishWithTimeout), (50 bytes).
    Removing i2c.o(i.I2C_masterReceiveMultiByteNext), (6 bytes).
    Removing i2c.o(i.I2C_masterReceiveMultiByteStop), (12 bytes).
    Removing i2c.o(i.I2C_masterReceiveSingle), (24 bytes).
    Removing i2c.o(i.I2C_masterReceiveSingleByte), (56 bytes).
    Removing i2c.o(i.I2C_masterReceiveStart), (14 bytes).
    Removing i2c.o(i.I2C_masterSendMultiByteFinish), (52 bytes).
    Removing i2c.o(i.I2C_masterSendMultiByteFinishWithTimeout), (64 bytes).
    Removing i2c.o(i.I2C_masterSendMultiByteNext), (22 bytes).
    Removing i2c.o(i.I2C_masterSendMultiByteNextWithTimeout), (36 bytes).
    Removing i2c.o(i.I2C_masterSendMultiByteStart), (52 bytes).
    Removing i2c.o(i.I2C_masterSendMultiByteStartWithTimeout), (60 bytes).
    Removing i2c.o(i.I2C_masterSendMultiByteStop), (24 bytes).
    Removing i2c.o(i.I2C_masterSendMultiByteStopWithTimeout), (36 bytes).
    Removing i2c.o(i.I2C_masterSendSingleByte), (74 bytes).
    Removing i2c.o(i.I2C_masterSendSingleByteWithTimeout), (80 bytes).
    Removing i2c.o(i.I2C_masterSendStart), (12 bytes).
    Removing i2c.o(i.I2C_registerInterrupt), (80 bytes).
    Removing i2c.o(i.I2C_setMode), (12 bytes).
    Removing i2c.o(i.I2C_setSlaveAddress), (4 bytes).
    Removing i2c.o(i.I2C_setTimeout), (28 bytes).
    Removing i2c.o(i.I2C_slaveGetData), (6 bytes).
    Removing i2c.o(i.I2C_slavePutData), (4 bytes).
    Removing i2c.o(i.I2C_slaveSendNAK), (12 bytes).
    Removing i2c.o(i.I2C_unregisterInterrupt), (80 bytes).
    Removing interrupt.o(.rev16_text), (4 bytes).
    Removing interrupt.o(.revsh_text), (4 bytes).
    Removing interrupt.o(.rrx_text), (6 bytes).
    Removing interrupt.o(i.IntDefaultHandler), (2 bytes).
    Removing interrupt.o(i.Interrupt_disableInterrupt), (92 bytes).
    Removing interrupt.o(i.Interrupt_disableMaster), (14 bytes).
    Removing interrupt.o(i.Interrupt_disableSleepOnIsrExit), (16 bytes).
    Removing interrupt.o(i.Interrupt_enableSleepOnIsrExit), (16 bytes).
    Removing interrupt.o(i.Interrupt_getPriority), (24 bytes).
    Removing interrupt.o(i.Interrupt_getPriorityGrouping), (36 bytes).
    Removing interrupt.o(i.Interrupt_getPriorityMask), (10 bytes).
    Removing interrupt.o(i.Interrupt_getVectorTableAddress), (12 bytes).
    Removing interrupt.o(i.Interrupt_isEnabled), (100 bytes).
    Removing interrupt.o(i.Interrupt_pendInterrupt), (76 bytes).
    Removing interrupt.o(i.Interrupt_registerInterrupt), (48 bytes).
    Removing interrupt.o(i.Interrupt_setPriority), (36 bytes).
    Removing interrupt.o(i.Interrupt_setPriorityGrouping), (40 bytes).
    Removing interrupt.o(i.Interrupt_setPriorityMask), (4 bytes).
    Removing interrupt.o(i.Interrupt_setVectorTableAddress), (12 bytes).
    Removing interrupt.o(i.Interrupt_unpendInterrupt), (64 bytes).
    Removing interrupt.o(i.Interrupt_unregisterInterrupt), (20 bytes).
    Removing interrupt.o(vtable), (232 bytes).
    Removing timer_a.o(.rev16_text), (4 bytes).
    Removing timer_a.o(.revsh_text), (4 bytes).
    Removing timer_a.o(.rrx_text), (6 bytes).
    Removing timer_a.o(i.Timer_A_clearCaptureCompareInterrupt), (26 bytes).
    Removing timer_a.o(i.Timer_A_clearInterruptFlag), (12 bytes).
    Removing timer_a.o(i.Timer_A_clearTimer), (12 bytes).
    Removing timer_a.o(i.Timer_A_configureContinuousMode), (40 bytes).
    Removing timer_a.o(i.Timer_A_configureUpDownMode), (70 bytes).
    Removing timer_a.o(i.Timer_A_configureUpMode), (70 bytes).
    Removing timer_a.o(i.Timer_A_disableCaptureCompareInterrupt), (26 bytes).
    Removing timer_a.o(i.Timer_A_disableInterrupt), (12 bytes).
    Removing timer_a.o(i.Timer_A_enableCaptureCompareInterrupt), (26 bytes).
    Removing timer_a.o(i.Timer_A_enableInterrupt), (12 bytes).
    Removing timer_a.o(i.Timer_A_getCaptureCompareEnabledInterruptStatus), (34 bytes).
    Removing timer_a.o(i.Timer_A_getCaptureCompareInterruptStatus), (18 bytes).
    Removing timer_a.o(i.Timer_A_getCounterValue), (28 bytes).
    Removing timer_a.o(i.Timer_A_getEnabledInterruptStatus), (18 bytes).
    Removing timer_a.o(i.Timer_A_getInterruptStatus), (8 bytes).
    Removing timer_a.o(i.Timer_A_getOutputForOutputModeOutBitValue), (30 bytes).
    Removing timer_a.o(i.Timer_A_getSynchronizedCaptureCompareInput), (22 bytes).
    Removing timer_a.o(i.Timer_A_initCapture), (52 bytes).
    Removing timer_a.o(i.Timer_A_initCompare), (38 bytes).
    Removing timer_a.o(i.Timer_A_registerInterrupt), (164 bytes).
    Removing timer_a.o(i.Timer_A_setCompareValue), (16 bytes).
    Removing timer_a.o(i.Timer_A_setOutputForOutputModeOutBitValue), (24 bytes).
    Removing timer_a.o(i.Timer_A_startCounter), (8 bytes).
    Removing timer_a.o(i.Timer_A_stopTimer), (10 bytes).
    Removing timer_a.o(i.Timer_A_unregisterInterrupt), (140 bytes).
    Removing uart.o(.rev16_text), (4 bytes).
    Removing uart.o(.revsh_text), (4 bytes).
    Removing uart.o(.rrx_text), (6 bytes).
    Removing uart.o(i.UART_clearInterruptFlag), (8 bytes).
    Removing uart.o(i.UART_disableInterrupt), (22 bytes).
    Removing uart.o(i.UART_disableModule), (12 bytes).
    Removing uart.o(i.UART_enableModule), (12 bytes).
    Removing uart.o(i.UART_getInterruptStatus), (6 bytes).
    Removing uart.o(i.UART_getReceiveBufferAddressForDMA), (4 bytes).
    Removing uart.o(i.UART_getTransmitBufferAddressForDMA), (4 bytes).
    Removing uart.o(i.UART_queryStatusFlags), (6 bytes).
    Removing uart.o(i.UART_receiveData), (24 bytes).
    Removing uart.o(i.UART_registerInterrupt), (80 bytes).
    Removing uart.o(i.UART_resetDormant), (12 bytes).
    Removing uart.o(i.UART_selectDeglitchTime), (12 bytes).
    Removing uart.o(i.UART_setDormant), (12 bytes).
    Removing uart.o(i.UART_transmitAddress), (14 bytes).
    Removing uart.o(i.UART_transmitBreak), (44 bytes).
    Removing uart.o(i.UART_unregisterInterrupt), (80 bytes).
    Removing cpu.o(.rev16_text), (4 bytes).
    Removing cpu.o(.revsh_text), (4 bytes).
    Removing cpu.o(.rrx_text), (6 bytes).
    Removing sysctl_a.o(.rev16_text), (4 bytes).
    Removing sysctl_a.o(.revsh_text), (4 bytes).
    Removing sysctl_a.o(.rrx_text), (6 bytes).
    Removing sysctl_a.o(i.SysCtl_A_disableGlitchFilter), (16 bytes).
    Removing sysctl_a.o(i.SysCtl_A_disablePeripheralAtCPUHalt), (16 bytes).
    Removing sysctl_a.o(i.SysCtl_A_disableSRAM), (96 bytes).
    Removing sysctl_a.o(i.SysCtl_A_disableSRAMRetention), (272 bytes).
    Removing sysctl_a.o(i.SysCtl_A_enableGlitchFilter), (16 bytes).
    Removing sysctl_a.o(i.SysCtl_A_enablePeripheralAtCPUHalt), (16 bytes).
    Removing sysctl_a.o(i.SysCtl_A_enableSRAM), (96 bytes).
    Removing sysctl_a.o(i.SysCtl_A_enableSRAMRetention), (284 bytes).
    Removing sysctl_a.o(i.SysCtl_A_getFlashSize), (12 bytes).
    Removing sysctl_a.o(i.SysCtl_A_getInfoFlashSize), (12 bytes).
    Removing sysctl_a.o(i.SysCtl_A_getSRAMSize), (12 bytes).
    Removing sysctl_a.o(i.SysCtl_A_getTempCalibrationConstant), (12 bytes).
    Removing sysctl_a.o(i.SysCtl_A_rebootDevice), (16 bytes).
    Removing sysctl_a.o(i.SysCtl_A_setWDTPasswordViolationResetType), (28 bytes).
    Removing sysctl_a.o(i.SysCtl_A_setWDTTimeoutResetType), (28 bytes).
    Removing dflti.o(.text), (34 bytes).
    Removing f2d.o(.text), (38 bytes).
    Removing pid.o(i.PIDController_Init), (148 bytes).
    Removing pid.o(i.PIDController_SetTgt), (52 bytes).
    Removing pid.o(i.PIDController_AssumeControl), (6 bytes).
    Removing pid.o(i.PIDController_ReleaseControl), (8 bytes).
    Removing dma.o(i.DMA_Init), (192 bytes).
    Removing arrutils.o(i.ExpArr_GetElem), (12 bytes).
    Removing arrutils.o(i.ExpArr_SetElem), (26 bytes).
    Removing usart.o(i.rxHandler), (208 bytes).
    Removing usart.o(i.uart_RxReload), (16 bytes).

650 unused section(s) (total 95793 bytes) removed from the image.

==============================================================================

Image Symbol Table

    Local Symbols

    Symbol Name                              Value     Ov Type        Size  Object(Section)

    RESET                                    0x00000000   Section      324  startup_msp432p401r_uvision.o(RESET)
    ../clib/microlib/ctype/ctype.c           0x00000000   Number         0  iscntrl_o.o ABSOLUTE
    ../clib/microlib/ctype/ctype.c           0x00000000   Number         0  isupper_o.o ABSOLUTE
    ../clib/microlib/ctype/ctype.c           0x00000000   Number         0  isspace_o.o ABSOLUTE
    ../clib/microlib/ctype/ctype.c           0x00000000   Number         0  ispunct_o.o ABSOLUTE
    ../clib/microlib/ctype/ctype.c           0x00000000   Number         0  ctype_o.o ABSOLUTE
    ../clib/microlib/ctype/ctype.c           0x00000000   Number         0  isprint_o.o ABSOLUTE
    ../clib/microlib/ctype/ctype.c           0x00000000   Number         0  islower_o.o ABSOLUTE
    ../clib/microlib/ctype/ctype.c           0x00000000   Number         0  isgraph_o.o ABSOLUTE
    ../clib/microlib/ctype/ctype.c           0x00000000   Number         0  isblank_o.o ABSOLUTE
    ../clib/microlib/ctype/ctype.c           0x00000000   Number         0  isalpha_o.o ABSOLUTE
    ../clib/microlib/ctype/ctype.c           0x00000000   Number         0  isalnum_o.o ABSOLUTE
    ../clib/microlib/ctype/ctype.c           0x00000000   Number         0  isdigit_o.o ABSOLUTE
    ../clib/microlib/ctype/ctype.c           0x00000000   Number         0  isxdigit_o.o ABSOLUTE
    ../clib/microlib/division.c              0x00000000   Number         0  uidiv.o ABSOLUTE
    ../clib/microlib/division.c              0x00000000   Number         0  uldiv.o ABSOLUTE
    ../clib/microlib/division.c              0x00000000   Number         0  ldiv.o ABSOLUTE
    ../clib/microlib/errno.c                 0x00000000   Number         0  errno.o ABSOLUTE
    ../clib/microlib/init/entry.s            0x00000000   Number         0  entry11b.o ABSOLUTE
    ../clib/microlib/init/entry.s            0x00000000   Number         0  entry11a.o ABSOLUTE
    ../clib/microlib/init/entry.s            0x00000000   Number         0  entry10b.o ABSOLUTE
    ../clib/microlib/init/entry.s            0x00000000   Number         0  entry10a.o ABSOLUTE
    ../clib/microlib/init/entry.s            0x00000000   Number         0  entry9b.o ABSOLUTE
    ../clib/microlib/init/entry.s            0x00000000   Number         0  entry9a.o ABSOLUTE
    ../clib/microlib/init/entry.s            0x00000000   Number         0  entry8b.o ABSOLUTE
    ../clib/microlib/init/entry.s            0x00000000   Number         0  entry8a.o ABSOLUTE
    ../clib/microlib/init/entry.s            0x00000000   Number         0  entry7b.o ABSOLUTE
    ../clib/microlib/init/entry.s            0x00000000   Number         0  entry7a.o ABSOLUTE
    ../clib/microlib/init/entry.s            0x00000000   Number         0  entry2.o ABSOLUTE
    ../clib/microlib/init/entry.s            0x00000000   Number         0  entry.o ABSOLUTE
    ../clib/microlib/init/entry.s            0x00000000   Number         0  entry5.o ABSOLUTE
    ../clib/microlib/longlong.c              0x00000000   Number         0  llshl.o ABSOLUTE
    ../clib/microlib/longlong.c              0x00000000   Number         0  llsshr.o ABSOLUTE
    ../clib/microlib/longlong.c              0x00000000   Number         0  llushr.o ABSOLUTE
    ../clib/microlib/malloc/malloc.c         0x00000000   Number         0  mallocra.o ABSOLUTE
    ../clib/microlib/malloc/malloc.c         0x00000000   Number         0  malloca.o ABSOLUTE
    ../clib/microlib/malloc/malloc.c         0x00000000   Number         0  mallocr.o ABSOLUTE
    ../clib/microlib/malloc/malloc.c         0x00000000   Number         0  malloc.o ABSOLUTE
    ../clib/microlib/malloc/mvars.c          0x00000000   Number         0  mvars.o ABSOLUTE
    ../clib/microlib/printf/printf.c         0x00000000   Number         0  printfa.o ABSOLUTE
    ../clib/microlib/printf/printf.c         0x00000000   Number         0  printf8.o ABSOLUTE
    ../clib/microlib/printf/printf.c         0x00000000   Number         0  printf7.o ABSOLUTE
    ../clib/microlib/printf/printf.c         0x00000000   Number         0  printf6.o ABSOLUTE
    ../clib/microlib/printf/printf.c         0x00000000   Number         0  printf5.o ABSOLUTE
    ../clib/microlib/printf/printf.c         0x00000000   Number         0  printf4.o ABSOLUTE
    ../clib/microlib/printf/printf.c         0x00000000   Number         0  printf3.o ABSOLUTE
    ../clib/microlib/printf/printf.c         0x00000000   Number         0  printfb.o ABSOLUTE
    ../clib/microlib/printf/printf.c         0x00000000   Number         0  printf0.o ABSOLUTE
    ../clib/microlib/printf/printf.c         0x00000000   Number         0  printf1.o ABSOLUTE
    ../clib/microlib/printf/printf.c         0x00000000   Number         0  printf2.o ABSOLUTE
    ../clib/microlib/printf/stubs.s          0x00000000   Number         0  stubs.o ABSOLUTE
    ../clib/microlib/stdio/streams.c         0x00000000   Number         0  stderr.o ABSOLUTE
    ../clib/microlib/stdlib/getenv.c         0x00000000   Number         0  getenv.o ABSOLUTE
    ../clib/microlib/string/memcmp.c         0x00000000   Number         0  memcmp.o ABSOLUTE
    ../clib/microlib/string/memcpy.c         0x00000000   Number         0  memcpya.o ABSOLUTE
    ../clib/microlib/string/memcpy.c         0x00000000   Number         0  memmovea.o ABSOLUTE
    ../clib/microlib/string/memcpy.c         0x00000000   Number         0  memcpyb.o ABSOLUTE
    ../clib/microlib/string/memcpy.c         0x00000000   Number         0  memmoveb.o ABSOLUTE
    ../clib/microlib/string/memset.c         0x00000000   Number         0  memseta.o ABSOLUTE
    ../clib/microlib/string/strcat.c         0x00000000   Number         0  strcat.o ABSOLUTE
    ../clib/microlib/string/strcmp.c         0x00000000   Number         0  strcmp.o ABSOLUTE
    ../clib/microlib/string/strcpy.c         0x00000000   Number         0  strcpy.o ABSOLUTE
    ../clib/microlib/string/strlen.c         0x00000000   Number         0  strlen.o ABSOLUTE
    ../clib/microlib/string/strncmp.c        0x00000000   Number         0  strncmp.o ABSOLUTE
    ../clib/microlib/string/strncpy.c        0x00000000   Number         0  strncpy.o ABSOLUTE
    ../clib/microlib/stubs.s                 0x00000000   Number         0  iusefp.o ABSOLUTE
    ../clib/microlib/stubs.s                 0x00000000   Number         0  useno.o ABSOLUTE
    ../fplib/microlib/d2f.c                  0x00000000   Number         0  d2f.o ABSOLUTE
    ../fplib/microlib/f2d.c                  0x00000000   Number         0  f2d.o ABSOLUTE
    ../fplib/microlib/fpadd.c                0x00000000   Number         0  dadd.o ABSOLUTE
    ../fplib/microlib/fpdiv.c                0x00000000   Number         0  ddiv.o ABSOLUTE
    ../fplib/microlib/fpepilogue.c           0x00000000   Number         0  depilogue.o ABSOLUTE
    ../fplib/microlib/fpepilogue.c           0x00000000   Number         0  fepilogue.o ABSOLUTE
    ../fplib/microlib/fpfix.c                0x00000000   Number         0  dfixul.o ABSOLUTE
    ../fplib/microlib/fpfix.c                0x00000000   Number         0  dfixi.o ABSOLUTE
    ../fplib/microlib/fpflt.c                0x00000000   Number         0  dflti.o ABSOLUTE
    ../fplib/microlib/fpflt.c                0x00000000   Number         0  dfltui.o ABSOLUTE
    ../fplib/microlib/fpmul.c                0x00000000   Number         0  dmul.o ABSOLUTE
    ../mathlib/asinf.c                       0x00000000   Number         0  asinf.o ABSOLUTE
    ../mathlib/asinf.c                       0x00000000   Number         0  asinf_x.o ABSOLUTE
    ../mathlib/atan2f.c                      0x00000000   Number         0  atan2f_x.o ABSOLUTE
    ../mathlib/atan2f.c                      0x00000000   Number         0  atan2f.o ABSOLUTE
    ../mathlib/fabs.c                        0x00000000   Number         0  fabs.o ABSOLUTE
    ../mathlib/fpclassifyf.c                 0x00000000   Number         0  fpclassifyf.o ABSOLUTE
    ../mathlib/funder.c                      0x00000000   Number         0  funder.o ABSOLUTE
    ../mathlib/sqrtf.c                       0x00000000   Number         0  sqrtf_x.o ABSOLUTE
    ../mathlib/sqrtf.c                       0x00000000   Number         0  sqrtf.o ABSOLUTE
    ..\..\hardware\ArrUtils.c                0x00000000   Number         0  arrutils.o ABSOLUTE
    ..\..\hardware\HAL_I2C.c                 0x00000000   Number         0  hal_i2c.o ABSOLUTE
    ..\..\hardware\PID.c                     0x00000000   Number         0  pid.o ABSOLUTE
    ..\..\hardware\UART_Screen.c             0x00000000   Number         0  uart_screen.o ABSOLUTE
    ..\..\hardware\adc.c                     0x00000000   Number         0  adc.o ABSOLUTE
    ..\..\hardware\avltree.c                 0x00000000   Number         0  avltree.o ABSOLUTE
    ..\..\hardware\dma.c                     0x00000000   Number         0  dma.o ABSOLUTE
    ..\..\hardware\driver_mpu6050.c          0x00000000   Number         0  driver_mpu6050.o ABSOLUTE
    ..\..\hardware\driver_mpu6050_basic.c    0x00000000   Number         0  driver_mpu6050_basic.o ABSOLUTE
    ..\..\hardware\driver_mpu6050_dmp.c      0x00000000   Number         0  driver_mpu6050_dmp.o ABSOLUTE
    ..\..\hardware\driver_mpu6050_fifo.c     0x00000000   Number         0  driver_mpu6050_fifo.o ABSOLUTE
    ..\..\hardware\driver_mpu6050_interface.c 0x00000000   Number         0  driver_mpu6050_interface.o ABSOLUTE
    ..\..\hardware\getopt.c                  0x00000000   Number         0  getopt.o ABSOLUTE
    ..\..\hardware\heaplib.c                 0x00000000   Number         0  heaplib.o ABSOLUTE
    ..\..\hardware\key.c                     0x00000000   Number         0  key.o ABSOLUTE
    ..\..\hardware\key4x4.c                  0x00000000   Number         0  key4x4.o ABSOLUTE
    ..\..\hardware\led.c                     0x00000000   Number         0  led.o ABSOLUTE
    ..\..\hardware\oled.c                    0x00000000   Number         0  oled.o ABSOLUTE
    ..\..\hardware\servo.c                   0x00000000   Number         0  servo.o ABSOLUTE
    ..\..\hardware\shell.c                   0x00000000   Number         0  shell.o ABSOLUTE
    ..\..\hardware\tasklib.c                 0x00000000   Number         0  tasklib.o ABSOLUTE
    ..\..\hardware\tim32.c                   0x00000000   Number         0  tim32.o ABSOLUTE
    ..\..\hardware\timA.c                    0x00000000   Number         0  tima.o ABSOLUTE
    ..\..\hardware\ustdio.c                  0x00000000   Number         0  ustdio.o ABSOLUTE
    ..\..\main.c                             0x00000000   Number         0  main.o ABSOLUTE
    ..\..\sys\baudrate_calculate.c           0x00000000   Number         0  baudrate_calculate.o ABSOLUTE
    ..\..\sys\delay.c                        0x00000000   Number         0  delay.o ABSOLUTE
    ..\..\sys\sysinit.c                      0x00000000   Number         0  sysinit.o ABSOLUTE
    ..\..\sys\usart.c                        0x00000000   Number         0  usart.o ABSOLUTE
    ..\..\system_msp432p401r.c               0x00000000   Number         0  system_msp432p401r.o ABSOLUTE
    ..\\..\\hardware\\HAL_I2C.c              0x00000000   Number         0  hal_i2c.o ABSOLUTE
    ..\\..\\hardware\\UART_Screen.c          0x00000000   Number         0  uart_screen.o ABSOLUTE
    ..\\..\\hardware\\adc.c                  0x00000000   Number         0  adc.o ABSOLUTE
    ..\\..\\hardware\\dma.c                  0x00000000   Number         0  dma.o ABSOLUTE
    ..\\..\\hardware\\driver_mpu6050_basic.c 0x00000000   Number         0  driver_mpu6050_basic.o ABSOLUTE
    ..\\..\\hardware\\driver_mpu6050_dmp.c   0x00000000   Number         0  driver_mpu6050_dmp.o ABSOLUTE
    ..\\..\\hardware\\driver_mpu6050_fifo.c  0x00000000   Number         0  driver_mpu6050_fifo.o ABSOLUTE
    ..\\..\\hardware\\driver_mpu6050_interface.c 0x00000000   Number         0  driver_mpu6050_interface.o ABSOLUTE
    ..\\..\\hardware\\key.c                  0x00000000   Number         0  key.o ABSOLUTE
    ..\\..\\hardware\\key4x4.c               0x00000000   Number         0  key4x4.o ABSOLUTE
    ..\\..\\hardware\\led.c                  0x00000000   Number         0  led.o ABSOLUTE
    ..\\..\\hardware\\oled.c                 0x00000000   Number         0  oled.o ABSOLUTE
    ..\\..\\hardware\\servo.c                0x00000000   Number         0  servo.o ABSOLUTE
    ..\\..\\hardware\\tim32.c                0x00000000   Number         0  tim32.o ABSOLUTE
    ..\\..\\hardware\\timA.c                 0x00000000   Number         0  tima.o ABSOLUTE
    ..\\..\\main.c                           0x00000000   Number         0  main.o ABSOLUTE
    ..\\..\\sys\\baudrate_calculate.c        0x00000000   Number         0  baudrate_calculate.o ABSOLUTE
    ..\\..\\sys\\delay.c                     0x00000000   Number         0  delay.o ABSOLUTE
    ..\\..\\sys\\sysinit.c                   0x00000000   Number         0  sysinit.o ABSOLUTE
    ..\\..\\sys\\usart.c                     0x00000000   Number         0  usart.o ABSOLUTE
    ..\\..\\system_msp432p401r.c             0x00000000   Number         0  system_msp432p401r.o ABSOLUTE
    cdrcmple.s                               0x00000000   Number         0  cdrcmple.o ABSOLUTE
    dc.s                                     0x00000000   Number         0  dc.o ABSOLUTE
    handlers.s                               0x00000000   Number         0  handlers.o ABSOLUTE
    init.s                                   0x00000000   Number         0  init.o ABSOLUTE
    source/ti/devices/msp432p4xx/driverlib/adc14.c 0x00000000   Number         0  adc14.o ABSOLUTE
    source/ti/devices/msp432p4xx/driverlib/adc14.c 0x00000000   Number         0  adc14.o ABSOLUTE
    source/ti/devices/msp432p4xx/driverlib/cpu.c 0x00000000   Number         0  cpu.o ABSOLUTE
    source/ti/devices/msp432p4xx/driverlib/cpu.c 0x00000000   Number         0  cpu.o ABSOLUTE
    source/ti/devices/msp432p4xx/driverlib/cs.c 0x00000000   Number         0  cs.o ABSOLUTE
    source/ti/devices/msp432p4xx/driverlib/cs.c 0x00000000   Number         0  cs.o ABSOLUTE
    source/ti/devices/msp432p4xx/driverlib/dma.c 0x00000000   Number         0  dma.o ABSOLUTE
    source/ti/devices/msp432p4xx/driverlib/dma.c 0x00000000   Number         0  dma.o ABSOLUTE
    source/ti/devices/msp432p4xx/driverlib/gpio.c 0x00000000   Number         0  gpio.o ABSOLUTE
    source/ti/devices/msp432p4xx/driverlib/gpio.c 0x00000000   Number         0  gpio.o ABSOLUTE
    source/ti/devices/msp432p4xx/driverlib/i2c.c 0x00000000   Number         0  i2c.o ABSOLUTE
    source/ti/devices/msp432p4xx/driverlib/i2c.c 0x00000000   Number         0  i2c.o ABSOLUTE
    source/ti/devices/msp432p4xx/driverlib/interrupt.c 0x00000000   Number         0  interrupt.o ABSOLUTE
    source/ti/devices/msp432p4xx/driverlib/interrupt.c 0x00000000   Number         0  interrupt.o ABSOLUTE
    source/ti/devices/msp432p4xx/driverlib/sysctl_a.c 0x00000000   Number         0  sysctl_a.o ABSOLUTE
    source/ti/devices/msp432p4xx/driverlib/sysctl_a.c 0x00000000   Number         0  sysctl_a.o ABSOLUTE
    source/ti/devices/msp432p4xx/driverlib/timer_a.c 0x00000000   Number         0  timer_a.o ABSOLUTE
    source/ti/devices/msp432p4xx/driverlib/timer_a.c 0x00000000   Number         0  timer_a.o ABSOLUTE
    source/ti/devices/msp432p4xx/driverlib/uart.c 0x00000000   Number         0  uart.o ABSOLUTE
    source/ti/devices/msp432p4xx/driverlib/uart.c 0x00000000   Number         0  uart.o ABSOLUTE
    startup_msp432p401r_uvision.s            0x00000000   Number         0  startup_msp432p401r_uvision.o ABSOLUTE
    .ARM.Collect$$$$00000000                 0x00000144   Section        0  entry.o(.ARM.Collect$$$$00000000)
    .ARM.Collect$$$$00000001                 0x00000144   Section        4  entry2.o(.ARM.Collect$$$$00000001)
    .ARM.Collect$$$$00000004                 0x00000148   Section        4  entry5.o(.ARM.Collect$$$$00000004)
    .ARM.Collect$$$$00000008                 0x0000014c   Section        0  entry7b.o(.ARM.Collect$$$$00000008)
    .ARM.Collect$$$$0000000A                 0x0000014c   Section        0  entry8b.o(.ARM.Collect$$$$0000000A)
    .ARM.Collect$$$$0000000B                 0x0000014c   Section        8  entry9a.o(.ARM.Collect$$$$0000000B)
    .ARM.Collect$$$$0000000D                 0x00000154   Section        0  entry10a.o(.ARM.Collect$$$$0000000D)
    .ARM.Collect$$$$0000000F                 0x00000154   Section        0  entry11a.o(.ARM.Collect$$$$0000000F)
    .ARM.Collect$$$$00002712                 0x00000154   Section        4  entry2.o(.ARM.Collect$$$$00002712)
    __lit__00000000                          0x00000154   Data           4  entry2.o(.ARM.Collect$$$$00002712)
    .emb_text                                0x00000158   Section       38  cpu.o(.emb_text)
    $v0                                      0x00000158   Number         0  cpu.o(.emb_text)
    .text                                    0x00000180   Section       36  startup_msp432p401r_uvision.o(.text)
    $v0                                      0x00000180   Number         0  startup_msp432p401r_uvision.o(.text)
    .text                                    0x000001a4   Section        0  ctype_o.o(.text)
    .text                                    0x000001ac   Section        0  memmovea.o(.text)
    .text                                    0x000001ec   Section        0  memseta.o(.text)
    .text                                    0x00000210   Section        0  strncpy.o(.text)
    .text                                    0x00000228   Section        0  memcmp.o(.text)
    .text                                    0x00000242   Section        0  strcpy.o(.text)
    .text                                    0x00000254   Section        0  ddiv.o(.text)
    .text                                    0x00000332   Section        0  dfltui.o(.text)
    .text                                    0x0000034c   Section        0  dfixi.o(.text)
    .text                                    0x0000038c   Section       48  cdrcmple.o(.text)
    .text                                    0x000003bc   Section        0  d2f.o(.text)
    .text                                    0x000003f4   Section        0  uidiv.o(.text)
    .text                                    0x00000420   Section        0  uldiv.o(.text)
    .text                                    0x00000482   Section        0  llushr.o(.text)
    .text                                    0x000004a2   Section        0  fepilogue.o(.text)
    .text                                    0x000004a2   Section        0  iusefp.o(.text)
    .text                                    0x00000510   Section        0  depilogue.o(.text)
    .text                                    0x000005ca   Section        0  dadd.o(.text)
    .text                                    0x00000718   Section        0  dmul.o(.text)
    .text                                    0x000007fc   Section        0  dfixul.o(.text)
    .text                                    0x0000082c   Section       36  init.o(.text)
    .text                                    0x00000850   Section        0  llshl.o(.text)
    .text                                    0x0000086e   Section        0  llsshr.o(.text)
    i.ADC14_IRQHandler                       0x00000894   Section        0  adc.o(i.ADC14_IRQHandler)
    i.ADC14_getMultiSequenceResult           0x00000900   Section        0  adc14.o(i.ADC14_getMultiSequenceResult)
    i.CS_clearInterruptFlag                  0x0000092c   Section        0  cs.o(i.CS_clearInterruptFlag)
    i.CS_getACLK                             0x00000950   Section        0  cs.o(i.CS_getACLK)
    i.CS_getDCOFrequency                     0x00000968   Section        0  cs.o(i.CS_getDCOFrequency)
    i.CS_getMCLK                             0x00000a74   Section        0  cs.o(i.CS_getMCLK)
    i.CS_getSMCLK                            0x00000a8c   Section        0  cs.o(i.CS_getSMCLK)
    i.CS_setExternalClockSourceFrequency     0x00000aa4   Section        0  cs.o(i.CS_setExternalClockSourceFrequency)
    i.CS_startHFXT                           0x00000ab0   Section        0  cs.o(i.CS_startHFXT)
    i.CS_startHFXTWithTimeout                0x00000ab8   Section        0  cs.o(i.CS_startHFXTWithTimeout)
    i.CS_startLFXT                           0x00000b58   Section        0  cs.o(i.CS_startLFXT)
    i.CS_startLFXTWithTimeout                0x00000b60   Section        0  cs.o(i.CS_startLFXTWithTimeout)
    i.EUSCIA0_IRQHandler                     0x00000c00   Section        0  main.o(i.EUSCIA0_IRQHandler)
    i.GPIO_setAsOutputPin                    0x00000c3c   Section        0  gpio.o(i.GPIO_setAsOutputPin)
    i.GPIO_setAsPeripheralModuleFunctionOutputPin 0x00000c5c   Section        0  gpio.o(i.GPIO_setAsPeripheralModuleFunctionOutputPin)
    i.GPIO_setOutputHighOnPin                0x00000c98   Section        0  gpio.o(i.GPIO_setOutputHighOnPin)
    i.GPIO_setOutputLowOnPin                 0x00000cac   Section        0  gpio.o(i.GPIO_setOutputLowOnPin)
    i.GPIO_toggleOutputOnPin                 0x00000cc0   Section        0  gpio.o(i.GPIO_toggleOutputOnPin)
    i.Interrupt_enableInterrupt              0x00000cd4   Section        0  interrupt.o(i.Interrupt_enableInterrupt)
    i.Interrupt_enableMaster                 0x00000d30   Section        0  interrupt.o(i.Interrupt_enableMaster)
    i.KEY_Init                               0x00000d40   Section        0  key.o(i.KEY_Init)
    i.PORT1_IRQHandler                       0x00000da0   Section        0  key.o(i.PORT1_IRQHandler)
    i.ServoControl2_init                     0x00000df0   Section        0  servo.o(i.ServoControl2_init)
    i.SysCtl_A_disableNMISource              0x00000f44   Section        0  sysctl_a.o(i.SysCtl_A_disableNMISource)
    i.SysCtl_A_enableNMISource               0x00000f54   Section        0  sysctl_a.o(i.SysCtl_A_enableNMISource)
    i.SysCtl_A_getNMISourceStatus            0x00000f64   Section        0  sysctl_a.o(i.SysCtl_A_getNMISourceStatus)
    i.SysCtl_A_getTLVInfo                    0x00000f74   Section        0  sysctl_a.o(i.SysCtl_A_getTLVInfo)
    i.SysInit                                0x00000fbc   Section        0  sysinit.o(i.SysInit)
    i.SystemInit                             0x00001050   Section        0  system_msp432p401r.o(i.SystemInit)
    i.T32_INT1_IRQHandler                    0x000010bc   Section        0  tim32.o(i.T32_INT1_IRQHandler)
    i.T32_INT2_IRQHandler                    0x000010d4   Section        0  tim32.o(i.T32_INT2_IRQHandler)
    i.TA0_0_IRQHandler                       0x000010ec   Section        0  tima.o(i.TA0_0_IRQHandler)
    i.TA2_N_IRQHandler                       0x00001110   Section        0  tima.o(i.TA2_N_IRQHandler)
    i.Timer_A_generatePWM                    0x000011fc   Section        0  timer_a.o(i.Timer_A_generatePWM)
    i.Timer_A_getCaptureCompareCount         0x00001248   Section        0  timer_a.o(i.Timer_A_getCaptureCompareCount)
    i.UART_enableInterrupt                   0x00001258   Section        0  uart.o(i.UART_enableInterrupt)
    i.UART_getEnabledInterruptStatus         0x0000126e   Section        0  uart.o(i.UART_getEnabledInterruptStatus)
    i.UART_initModule                        0x00001294   Section        0  uart.o(i.UART_initModule)
    i.UART_transmitData                      0x00001326   Section        0  uart.o(i.UART_transmitData)
    i._CSComputeCLKFrequency                 0x0000133c   Section        0  cs.o(i._CSComputeCLKFrequency)
    _CSComputeCLKFrequency                   0x0000133d   Thumb Code   176  cs.o(i._CSComputeCLKFrequency)
    i._CSGetHFXTFrequency                    0x000013fc   Section        0  cs.o(i._CSGetHFXTFrequency)
    _CSGetHFXTFrequency                      0x000013fd   Thumb Code   106  cs.o(i._CSGetHFXTFrequency)
    i.__0printf                              0x00001494   Section        0  printfa.o(i.__0printf)
    i.__NVIC_SystemReset                     0x000014b4   Section        0  main.o(i.__NVIC_SystemReset)
    __NVIC_SystemReset                       0x000014b5   Thumb Code    56  main.o(i.__NVIC_SystemReset)
    i.__malloc$realloc                       0x000014f4   Section        0  mallocr.o(i.__malloc$realloc)
    i.__scatterload_copy                     0x00001544   Section       14  handlers.o(i.__scatterload_copy)
    i.__scatterload_null                     0x00001552   Section        2  handlers.o(i.__scatterload_null)
    i.__scatterload_zeroinit                 0x00001554   Section       14  handlers.o(i.__scatterload_zeroinit)
    i._fp_digits                             0x00001564   Section        0  printfa.o(i._fp_digits)
    _fp_digits                               0x00001565   Thumb Code   366  printfa.o(i._fp_digits)
    i._printf_core                           0x000016e8   Section        0  printfa.o(i._printf_core)
    _printf_core                             0x000016e9   Thumb Code  1744  printfa.o(i._printf_core)
    i._printf_post_padding                   0x00001dc4   Section        0  printfa.o(i._printf_post_padding)
    _printf_post_padding                     0x00001dc5   Thumb Code    36  printfa.o(i._printf_post_padding)
    i._printf_pre_padding                    0x00001de8   Section        0  printfa.o(i._printf_pre_padding)
    _printf_pre_padding                      0x00001de9   Thumb Code    46  printfa.o(i._printf_pre_padding)
    i._shell_register                        0x00001e18   Section        0  shell.o(i._shell_register)
    i.bitPosition                            0x00001ea4   Section        0  baudrate_calculate.o(i.bitPosition)
    i.checkout                               0x00001eb8   Section        0  shell.o(i.checkout)
    checkout                                 0x00001eb9   Thumb Code   116  shell.o(i.checkout)
    i.cmdline_gets                           0x00001f30   Section        0  shell.o(i.cmdline_gets)
    i.cmdline_param                          0x000020a0   Section        0  shell.o(i.cmdline_param)
    i.confirm_gets                           0x00002194   Section        0  shell.o(i.confirm_gets)
    confirm_gets                             0x00002195   Thumb Code   176  shell.o(i.confirm_gets)
    i.debug_puts                             0x0000226c   Section        0  main.o(i.debug_puts)
    i.delay_init                             0x00002284   Section        0  delay.o(i.delay_init)
    i.eusci_calcBaudDividers                 0x000022b0   Section        0  baudrate_calculate.o(i.eusci_calcBaudDividers)
    i.float2string                           0x00002418   Section        0  ustdio.o(i.float2string)
    float2string                             0x00002419   Thumb Code   310  ustdio.o(i.float2string)
    i.fputc                                  0x00002554   Section        0  usart.o(i.fputc)
    i.internal_alloc                         0x0000256c   Section        0  mallocr.o(i.internal_alloc)
    internal_alloc                           0x0000256d   Thumb Code    76  mallocr.o(i.internal_alloc)
    i.key_delay                              0x000025bc   Section        0  key.o(i.key_delay)
    key_delay                                0x000025bd   Thumb Code    42  key.o(i.key_delay)
    i.main                                   0x000025e8   Section        0  main.o(i.main)
    i.number                                 0x00002704   Section        0  ustdio.o(i.number)
    number                                   0x00002705   Thumb Code   346  ustdio.o(i.number)
    i.printk                                 0x00002864   Section        0  ustdio.o(i.printk)
    i.privateTimer_AProcessClockSourceDivider 0x00002bc8   Section        0  timer_a.o(i.privateTimer_AProcessClockSourceDivider)
    privateTimer_AProcessClockSourceDivider  0x00002bc9   Thumb Code   180  timer_a.o(i.privateTimer_AProcessClockSourceDivider)
    i.shell_backspace                        0x00002c7c   Section        0  shell.o(i.shell_backspace)
    shell_backspace                          0x00002c7d   Thumb Code   152  shell.o(i.shell_backspace)
    i.shell_clean_screen                     0x00002d18   Section        0  shell.o(i.shell_clean_screen)
    shell_clean_screen                       0x00002d19   Thumb Code    24  shell.o(i.shell_clean_screen)
    i.shell_confirm                          0x00002d40   Section        0  shell.o(i.shell_confirm)
    i.shell_debug_stream                     0x00002d70   Section        0  shell.o(i.shell_debug_stream)
    shell_debug_stream                       0x00002d71   Thumb Code    62  shell.o(i.shell_debug_stream)
    i.shell_getchar                          0x00002dc0   Section        0  shell.o(i.shell_getchar)
    shell_getchar                            0x00002dc1   Thumb Code   236  shell.o(i.shell_getchar)
    i.shell_init                             0x00002eb0   Section        0  shell.o(i.shell_init)
    i.shell_input_init                       0x00002f60   Section        0  shell.o(i.shell_input_init)
    i.shell_insert_cmd                       0x00002fe0   Section        0  shell.o(i.shell_insert_cmd)
    shell_insert_cmd                         0x00002fe1   Thumb Code    56  shell.o(i.shell_insert_cmd)
    i.shell_list_cmd                         0x00003018   Section        0  shell.o(i.shell_list_cmd)
    shell_list_cmd                           0x00003019   Thumb Code    78  shell.o(i.shell_list_cmd)
    i.shell_parse                            0x0000308c   Section        0  shell.o(i.shell_parse)
    shell_parse                              0x0000308d   Thumb Code   196  shell.o(i.shell_parse)
    i.shell_record                           0x00003170   Section        0  shell.o(i.shell_record)
    shell_record                             0x00003171   Thumb Code    70  shell.o(i.shell_record)
    i.shell_search_cmd                       0x000031b6   Section        0  shell.o(i.shell_search_cmd)
    shell_search_cmd                         0x000031b7   Thumb Code    42  shell.o(i.shell_search_cmd)
    i.shell_show_history                     0x000031e0   Section        0  shell.o(i.shell_show_history)
    shell_show_history                       0x000031e1   Thumb Code   166  shell.o(i.shell_show_history)
    i.shell_tab                              0x00003294   Section        0  shell.o(i.shell_tab)
    shell_tab                                0x00003295   Thumb Code   254  shell.o(i.shell_tab)
    i.shell_version                          0x000033a8   Section        0  shell.o(i.shell_version)
    shell_version                            0x000033a9   Thumb Code    14  shell.o(i.shell_version)
    i.uart_Tx                                0x000033c8   Section        0  usart.o(i.uart_Tx)
    i.uart_init_IT                           0x000033e8   Section        0  usart.o(i.uart_init_IT)
    i.welcome_gets                           0x00003438   Section        0  shell.o(i.welcome_gets)
    .constdata                               0x00003474   Section       48  servo.o(.constdata)
    .constdata                               0x000034a4   Section      930  shell.o(.constdata)
    F_CRC8_Table                             0x000034a4   Data         256  shell.o(.constdata)
    B_CRC8_Table                             0x000035a4   Data         256  shell.o(.constdata)
    closemsg                                 0x000036a4   Data          38  shell.o(.constdata)
    openmsg                                  0x000036ca   Data          29  shell.o(.constdata)
    consolologo                              0x000036e7   Data         351  shell.o(.constdata)
    .constdata                               0x00003848   Section      180  ustdio.o(.constdata)
    digits                                   0x000038cd   Data          16  ustdio.o(.constdata)
    mulf                                     0x000038e0   Data          28  ustdio.o(.constdata)
    .constdata                               0x000038fc   Section       80  usart.o(.constdata)
    .constdata                               0x0000394c   Section       76  gpio.o(.constdata)
    GPIO_PORT_TO_INT                         0x0000394c   Data          28  gpio.o(.constdata)
    GPIO_PORT_TO_BASE                        0x00003968   Data          48  gpio.o(.constdata)
    .constdata                               0x00003998   Section      144  interrupt.o(.constdata)
    g_pulEnRegs                              0x00003998   Data           8  interrupt.o(.constdata)
    g_pulDisRegs                             0x000039a0   Data           8  interrupt.o(.constdata)
    g_pulPendRegs                            0x000039a8   Data           8  interrupt.o(.constdata)
    g_pulUnpendRegs                          0x000039b0   Data           8  interrupt.o(.constdata)
    g_pulPriority                            0x000039b8   Data          32  interrupt.o(.constdata)
    g_pulRegs                                0x000039d8   Data          80  interrupt.o(.constdata)
    .constdata                               0x00003a28   Section      129  ctype_o.o(.constdata)
    .constdata                               0x00003aac   Section        4  ctype_o.o(.constdata)
    table                                    0x00003aac   Data           4  ctype_o.o(.constdata)
    .data                                    0x20000000   Section       30  main.o(.data)
    .data                                    0x2000001e   Section        4  adc.o(.data)
    resultsBuffer                            0x2000001e   Data           4  adc.o(.data)
    .data                                    0x20000022   Section        4  tima.o(.data)
    .data                                    0x20000028   Section       40  shell.o(.data)
    shellcmdroot                             0x20000028   Data           4  shell.o(.data)
    .data                                    0x20000050   Section       16  ustdio.o(.data)
    .data                                    0x20000060   Section        1  delay.o(.data)
    fac_us                                   0x20000060   Data           1  delay.o(.data)
    .data                                    0x20000064   Section        8  cs.o(.data)
    hfxtFreq                                 0x20000064   Data           4  cs.o(.data)
    lfxtFreq                                 0x20000068   Data           4  cs.o(.data)
    .data                                    0x2000006c   Section        4  mvars.o(.data)
    .data                                    0x20000070   Section        4  mvars.o(.data)
    .bss                                     0x20000074   Section      408  main.o(.bss)
    newcmd                                   0x200001fc   Data          16  main.o(.bss)
    .bss                                     0x2000020c   Section       64  shell.o(.bss)
    newcmd                                   0x2000020c   Data          16  shell.o(.bss)
    newcmd                                   0x2000021c   Data          16  shell.o(.bss)
    newcmd                                   0x2000022c   Data          16  shell.o(.bss)
    newcmd                                   0x2000023c   Data          16  shell.o(.bss)
    HEAP                                     0x20000250   Section     2048  startup_msp432p401r_uvision.o(HEAP)
    STACK                                    0x20000a50   Section      512  startup_msp432p401r_uvision.o(STACK)

    Global Symbols

    Symbol Name                              Value     Ov Type        Size  Object(Section)

    BuildAttributes$$THM_ISAv4$E$P$D$K$B$S$7EM$VFPi3$EXTD16$VFPS$VFMA$PE$A:L22UL41UL21$X:L11$S22US41US21$IEEE1$IW$USESV6$~STKCKD$USESV7$~SHL$OTIME$ROPI$IEEEX$EBA8$MICROLIB$REQ8$PRES8$EABIv2 0x00000000   Number         0  anon$$obj.o ABSOLUTE
    __ARM_use_no_argv                        0x00000000   Number         0  main.o ABSOLUTE
    __Vectors                                0x00000000   Data           4  startup_msp432p401r_uvision.o(RESET)
    __use_no_errno                           0x00000000   Number         0  useno.o ABSOLUTE
    __use_no_exception_handling              0x00000000   Number         0  useno.o ABSOLUTE
    __use_no_fp                              0x00000000   Number         0  useno.o ABSOLUTE
    __use_no_heap                            0x00000000   Number         0  useno.o ABSOLUTE
    __use_no_heap_region                     0x00000000   Number         0  useno.o ABSOLUTE
    __use_no_semihosting                     0x00000000   Number         0  useno.o ABSOLUTE
    __use_no_semihosting_swi                 0x00000000   Number         0  useno.o ABSOLUTE
    __use_no_signal_handling                 0x00000000   Number         0  useno.o ABSOLUTE
    _printf_a                                0x00000000   Number         0  stubs.o ABSOLUTE
    _printf_c                                0x00000000   Number         0  stubs.o ABSOLUTE
    _printf_charcount                        0x00000000   Number         0  stubs.o ABSOLUTE
    _printf_d                                0x00000000   Number         0  stubs.o ABSOLUTE
    _printf_e                                0x00000000   Number         0  stubs.o ABSOLUTE
    _printf_f                                0x00000000   Number         0  stubs.o ABSOLUTE
    _printf_flags                            0x00000000   Number         0  stubs.o ABSOLUTE
    _printf_fp_dec                           0x00000000   Number         0  stubs.o ABSOLUTE
    _printf_fp_hex                           0x00000000   Number         0  stubs.o ABSOLUTE
    _printf_g                                0x00000000   Number         0  stubs.o ABSOLUTE
    _printf_i                                0x00000000   Number         0  stubs.o ABSOLUTE
    _printf_int_dec                          0x00000000   Number         0  stubs.o ABSOLUTE
    _printf_l                                0x00000000   Number         0  stubs.o ABSOLUTE
    _printf_lc                               0x00000000   Number         0  stubs.o ABSOLUTE
    _printf_ll                               0x00000000   Number         0  stubs.o ABSOLUTE
    _printf_lld                              0x00000000   Number         0  stubs.o ABSOLUTE
    _printf_lli                              0x00000000   Number         0  stubs.o ABSOLUTE
    _printf_llo                              0x00000000   Number         0  stubs.o ABSOLUTE
    _printf_llu                              0x00000000   Number         0  stubs.o ABSOLUTE
    _printf_llx                              0x00000000   Number         0  stubs.o ABSOLUTE
    _printf_longlong_dec                     0x00000000   Number         0  stubs.o ABSOLUTE
    _printf_longlong_hex                     0x00000000   Number         0  stubs.o ABSOLUTE
    _printf_longlong_oct                     0x00000000   Number         0  stubs.o ABSOLUTE
    _printf_ls                               0x00000000   Number         0  stubs.o ABSOLUTE
    _printf_mbtowc                           0x00000000   Number         0  stubs.o ABSOLUTE
    _printf_n                                0x00000000   Number         0  stubs.o ABSOLUTE
    _printf_o                                0x00000000   Number         0  stubs.o ABSOLUTE
    _printf_p                                0x00000000   Number         0  stubs.o ABSOLUTE
    _printf_percent                          0x00000000   Number         0  stubs.o ABSOLUTE
    _printf_pre_padding                      0x00000000   Number         0  stubs.o ABSOLUTE
    _printf_return_value                     0x00000000   Number         0  stubs.o ABSOLUTE
    _printf_s                                0x00000000   Number         0  stubs.o ABSOLUTE
    _printf_sizespec                         0x00000000   Number         0  stubs.o ABSOLUTE
    _printf_str                              0x00000000   Number         0  stubs.o ABSOLUTE
    _printf_truncate_signed                  0x00000000   Number         0  stubs.o ABSOLUTE
    _printf_truncate_unsigned                0x00000000   Number         0  stubs.o ABSOLUTE
    _printf_u                                0x00000000   Number         0  stubs.o ABSOLUTE
    _printf_wc                               0x00000000   Number         0  stubs.o ABSOLUTE
    _printf_wctomb                           0x00000000   Number         0  stubs.o ABSOLUTE
    _printf_widthprec                        0x00000000   Number         0  stubs.o ABSOLUTE
    _printf_x                                0x00000000   Number         0  stubs.o ABSOLUTE
    __cpp_initialize__aeabi_                  - Undefined Weak Reference
    __cxa_finalize                            - Undefined Weak Reference
    __decompress                              - Undefined Weak Reference
    _clock_init                               - Undefined Weak Reference
    _microlib_exit                            - Undefined Weak Reference
    __Vectors_End                            0x00000144   Data           0  startup_msp432p401r_uvision.o(RESET)
    __Vectors_Size                           0x00000144   Number         0  startup_msp432p401r_uvision.o ABSOLUTE
    __main                                   0x00000145   Thumb Code     0  entry.o(.ARM.Collect$$$$00000000)
    _main_stk                                0x00000145   Thumb Code     0  entry2.o(.ARM.Collect$$$$00000001)
    _main_scatterload                        0x00000149   Thumb Code     0  entry5.o(.ARM.Collect$$$$00000004)
    __main_after_scatterload                 0x0000014d   Thumb Code     0  entry5.o(.ARM.Collect$$$$00000004)
    _main_clock                              0x0000014d   Thumb Code     0  entry7b.o(.ARM.Collect$$$$00000008)
    _main_cpp_init                           0x0000014d   Thumb Code     0  entry8b.o(.ARM.Collect$$$$0000000A)
    _main_init                               0x0000014d   Thumb Code     0  entry9a.o(.ARM.Collect$$$$0000000B)
    __rt_final_cpp                           0x00000155   Thumb Code     0  entry10a.o(.ARM.Collect$$$$0000000D)
    __rt_final_exit                          0x00000155   Thumb Code     0  entry11a.o(.ARM.Collect$$$$0000000F)
    CPU_cpsid                                0x00000159   Thumb Code     8  cpu.o(.emb_text)
    CPU_primask                              0x00000161   Thumb Code     6  cpu.o(.emb_text)
    CPU_cpsie                                0x00000167   Thumb Code     8  cpu.o(.emb_text)
    CPU_wfi                                  0x0000016f   Thumb Code     4  cpu.o(.emb_text)
    CPU_basepriSet                           0x00000173   Thumb Code     6  cpu.o(.emb_text)
    CPU_basepriGet                           0x00000179   Thumb Code     6  cpu.o(.emb_text)
    Reset_Handler                            0x00000181   Thumb Code     8  startup_msp432p401r_uvision.o(.text)
    NMI_Handler                              0x00000189   Thumb Code     2  startup_msp432p401r_uvision.o(.text)
    HardFault_Handler                        0x0000018b   Thumb Code     2  startup_msp432p401r_uvision.o(.text)
    MemManage_Handler                        0x0000018d   Thumb Code     2  startup_msp432p401r_uvision.o(.text)
    BusFault_Handler                         0x0000018f   Thumb Code     2  startup_msp432p401r_uvision.o(.text)
    UsageFault_Handler                       0x00000191   Thumb Code     2  startup_msp432p401r_uvision.o(.text)
    SVC_Handler                              0x00000193   Thumb Code     2  startup_msp432p401r_uvision.o(.text)
    DebugMon_Handler                         0x00000195   Thumb Code     2  startup_msp432p401r_uvision.o(.text)
    PendSV_Handler                           0x00000197   Thumb Code     2  startup_msp432p401r_uvision.o(.text)
    SysTick_Handler                          0x00000199   Thumb Code     2  startup_msp432p401r_uvision.o(.text)
    AES256_IRQHandler                        0x0000019b   Thumb Code     0  startup_msp432p401r_uvision.o(.text)
    COMP_E0_IRQHandler                       0x0000019b   Thumb Code     0  startup_msp432p401r_uvision.o(.text)
    COMP_E1_IRQHandler                       0x0000019b   Thumb Code     0  startup_msp432p401r_uvision.o(.text)
    CS_IRQHandler                            0x0000019b   Thumb Code     0  startup_msp432p401r_uvision.o(.text)
    DMA_ERR_IRQHandler                       0x0000019b   Thumb Code     0  startup_msp432p401r_uvision.o(.text)
    DMA_INT0_IRQHandler                      0x0000019b   Thumb Code     0  startup_msp432p401r_uvision.o(.text)
    DMA_INT1_IRQHandler                      0x0000019b   Thumb Code     0  startup_msp432p401r_uvision.o(.text)
    DMA_INT2_IRQHandler                      0x0000019b   Thumb Code     0  startup_msp432p401r_uvision.o(.text)
    DMA_INT3_IRQHandler                      0x0000019b   Thumb Code     0  startup_msp432p401r_uvision.o(.text)
    EUSCIA1_IRQHandler                       0x0000019b   Thumb Code     0  startup_msp432p401r_uvision.o(.text)
    EUSCIA2_IRQHandler                       0x0000019b   Thumb Code     0  startup_msp432p401r_uvision.o(.text)
    EUSCIA3_IRQHandler                       0x0000019b   Thumb Code     0  startup_msp432p401r_uvision.o(.text)
    EUSCIB0_IRQHandler                       0x0000019b   Thumb Code     0  startup_msp432p401r_uvision.o(.text)
    EUSCIB1_IRQHandler                       0x0000019b   Thumb Code     0  startup_msp432p401r_uvision.o(.text)
    EUSCIB2_IRQHandler                       0x0000019b   Thumb Code     0  startup_msp432p401r_uvision.o(.text)
    EUSCIB3_IRQHandler                       0x0000019b   Thumb Code     0  startup_msp432p401r_uvision.o(.text)
    FLCTL_IRQHandler                         0x0000019b   Thumb Code     0  startup_msp432p401r_uvision.o(.text)
    FPU_IRQHandler                           0x0000019b   Thumb Code     0  startup_msp432p401r_uvision.o(.text)
    PCM_IRQHandler                           0x0000019b   Thumb Code     0  startup_msp432p401r_uvision.o(.text)
    PORT2_IRQHandler                         0x0000019b   Thumb Code     0  startup_msp432p401r_uvision.o(.text)
    PORT3_IRQHandler                         0x0000019b   Thumb Code     0  startup_msp432p401r_uvision.o(.text)
    PORT4_IRQHandler                         0x0000019b   Thumb Code     0  startup_msp432p401r_uvision.o(.text)
    PORT5_IRQHandler                         0x0000019b   Thumb Code     0  startup_msp432p401r_uvision.o(.text)
    PORT6_IRQHandler                         0x0000019b   Thumb Code     0  startup_msp432p401r_uvision.o(.text)
    PSS_IRQHandler                           0x0000019b   Thumb Code     0  startup_msp432p401r_uvision.o(.text)
    RTC_C_IRQHandler                         0x0000019b   Thumb Code     0  startup_msp432p401r_uvision.o(.text)
    T32_INTC_IRQHandler                      0x0000019b   Thumb Code     0  startup_msp432p401r_uvision.o(.text)
    TA0_N_IRQHandler                         0x0000019b   Thumb Code     0  startup_msp432p401r_uvision.o(.text)
    TA1_0_IRQHandler                         0x0000019b   Thumb Code     0  startup_msp432p401r_uvision.o(.text)
    TA1_N_IRQHandler                         0x0000019b   Thumb Code     0  startup_msp432p401r_uvision.o(.text)
    TA2_0_IRQHandler                         0x0000019b   Thumb Code     0  startup_msp432p401r_uvision.o(.text)
    TA3_0_IRQHandler                         0x0000019b   Thumb Code     0  startup_msp432p401r_uvision.o(.text)
    TA3_N_IRQHandler                         0x0000019b   Thumb Code     0  startup_msp432p401r_uvision.o(.text)
    WDT_A_IRQHandler                         0x0000019b   Thumb Code     0  startup_msp432p401r_uvision.o(.text)
    __rt_ctype_table                         0x000001a5   Thumb Code     4  ctype_o.o(.text)
    ___aeabi_memcpy8$move                    0x000001ad   Thumb Code     0  memmovea.o(.text)
    __aeabi_memcpy                           0x000001ad   Thumb Code    64  memmovea.o(.text)
    __aeabi_memcpy4                          0x000001ad   Thumb Code     0  memmovea.o(.text)
    __aeabi_memmove                          0x000001ad   Thumb Code     0  memmovea.o(.text)
    __aeabi_memmove4                         0x000001ad   Thumb Code     0  memmovea.o(.text)
    __aeabi_memmove8                         0x000001ad   Thumb Code     0  memmovea.o(.text)
    __aeabi_memset                           0x000001ed   Thumb Code    14  memseta.o(.text)
    __aeabi_memset4                          0x000001ed   Thumb Code     0  memseta.o(.text)
    __aeabi_memset8                          0x000001ed   Thumb Code     0  memseta.o(.text)
    __aeabi_memclr                           0x000001fb   Thumb Code     4  memseta.o(.text)
    __aeabi_memclr4                          0x000001fb   Thumb Code     0  memseta.o(.text)
    __aeabi_memclr8                          0x000001fb   Thumb Code     0  memseta.o(.text)
    _memset$wrapper                          0x000001ff   Thumb Code    18  memseta.o(.text)
    strncpy                                  0x00000211   Thumb Code    24  strncpy.o(.text)
    memcmp                                   0x00000229   Thumb Code    26  memcmp.o(.text)
    strcpy                                   0x00000243   Thumb Code    18  strcpy.o(.text)
    __aeabi_ddiv                             0x00000255   Thumb Code   222  ddiv.o(.text)
    __aeabi_ui2d                             0x00000333   Thumb Code    26  dfltui.o(.text)
    __aeabi_d2iz                             0x0000034d   Thumb Code    62  dfixi.o(.text)
    __aeabi_cdrcmple                         0x0000038d   Thumb Code    48  cdrcmple.o(.text)
    __aeabi_d2f                              0x000003bd   Thumb Code    56  d2f.o(.text)
    __aeabi_uidiv                            0x000003f5   Thumb Code     0  uidiv.o(.text)
    __aeabi_uidivmod                         0x000003f5   Thumb Code    44  uidiv.o(.text)
    __aeabi_uldivmod                         0x00000421   Thumb Code    98  uldiv.o(.text)
    __aeabi_llsr                             0x00000483   Thumb Code    32  llushr.o(.text)
    _ll_ushift_r                             0x00000483   Thumb Code     0  llushr.o(.text)
    __I$use$fp                               0x000004a3   Thumb Code     0  iusefp.o(.text)
    _float_round                             0x000004a3   Thumb Code    18  fepilogue.o(.text)
    _float_epilogue                          0x000004b5   Thumb Code    92  fepilogue.o(.text)
    _double_round                            0x00000511   Thumb Code    30  depilogue.o(.text)
    _double_epilogue                         0x0000052f   Thumb Code   156  depilogue.o(.text)
    __aeabi_dadd                             0x000005cb   Thumb Code   322  dadd.o(.text)
    __aeabi_dsub                             0x0000070d   Thumb Code     6  dadd.o(.text)
    __aeabi_drsub                            0x00000713   Thumb Code     6  dadd.o(.text)
    __aeabi_dmul                             0x00000719   Thumb Code   228  dmul.o(.text)
    __aeabi_d2ulz                            0x000007fd   Thumb Code    48  dfixul.o(.text)
    __scatterload                            0x0000082d   Thumb Code    28  init.o(.text)
    __scatterload_rt2                        0x0000082d   Thumb Code     0  init.o(.text)
    __aeabi_llsl                             0x00000851   Thumb Code    30  llshl.o(.text)
    _ll_shift_l                              0x00000851   Thumb Code     0  llshl.o(.text)
    __aeabi_lasr                             0x0000086f   Thumb Code    36  llsshr.o(.text)
    _ll_sshift_r                             0x0000086f   Thumb Code     0  llsshr.o(.text)
    ADC14_IRQHandler                         0x00000895   Thumb Code    84  adc.o(i.ADC14_IRQHandler)
    ADC14_getMultiSequenceResult             0x00000901   Thumb Code    38  adc14.o(i.ADC14_getMultiSequenceResult)
    CS_clearInterruptFlag                    0x0000092d   Thumb Code    26  cs.o(i.CS_clearInterruptFlag)
    CS_getACLK                               0x00000951   Thumb Code    20  cs.o(i.CS_getACLK)
    CS_getDCOFrequency                       0x00000969   Thumb Code   234  cs.o(i.CS_getDCOFrequency)
    CS_getMCLK                               0x00000a75   Thumb Code    20  cs.o(i.CS_getMCLK)
    CS_getSMCLK                              0x00000a8d   Thumb Code    18  cs.o(i.CS_getSMCLK)
    CS_setExternalClockSourceFrequency       0x00000aa5   Thumb Code     8  cs.o(i.CS_setExternalClockSourceFrequency)
    CS_startHFXT                             0x00000ab1   Thumb Code     6  cs.o(i.CS_startHFXT)
    CS_startHFXTWithTimeout                  0x00000ab9   Thumb Code   144  cs.o(i.CS_startHFXTWithTimeout)
    CS_startLFXT                             0x00000b59   Thumb Code     6  cs.o(i.CS_startLFXT)
    CS_startLFXTWithTimeout                  0x00000b61   Thumb Code   144  cs.o(i.CS_startLFXTWithTimeout)
    EUSCIA0_IRQHandler                       0x00000c01   Thumb Code    44  main.o(i.EUSCIA0_IRQHandler)
    GPIO_setAsOutputPin                      0x00000c3d   Thumb Code    26  gpio.o(i.GPIO_setAsOutputPin)
    GPIO_setAsPeripheralModuleFunctionOutputPin 0x00000c5d   Thumb Code    56  gpio.o(i.GPIO_setAsPeripheralModuleFunctionOutputPin)
    GPIO_setOutputHighOnPin                  0x00000c99   Thumb Code    14  gpio.o(i.GPIO_setOutputHighOnPin)
    GPIO_setOutputLowOnPin                   0x00000cad   Thumb Code    14  gpio.o(i.GPIO_setOutputLowOnPin)
    GPIO_toggleOutputOnPin                   0x00000cc1   Thumb Code    14  gpio.o(i.GPIO_toggleOutputOnPin)
    Interrupt_enableInterrupt                0x00000cd5   Thumb Code    84  interrupt.o(i.Interrupt_enableInterrupt)
    Interrupt_enableMaster                   0x00000d31   Thumb Code    14  interrupt.o(i.Interrupt_enableMaster)
    KEY_Init                                 0x00000d41   Thumb Code    92  key.o(i.KEY_Init)
    PORT1_IRQHandler                         0x00000da1   Thumb Code    74  key.o(i.PORT1_IRQHandler)
    ServoControl2_init                       0x00000df1   Thumb Code   262  servo.o(i.ServoControl2_init)
    SysCtl_A_disableNMISource                0x00000f45   Thumb Code    10  sysctl_a.o(i.SysCtl_A_disableNMISource)
    SysCtl_A_enableNMISource                 0x00000f55   Thumb Code    10  sysctl_a.o(i.SysCtl_A_enableNMISource)
    SysCtl_A_getNMISourceStatus              0x00000f65   Thumb Code    10  sysctl_a.o(i.SysCtl_A_getNMISourceStatus)
    SysCtl_A_getTLVInfo                      0x00000f75   Thumb Code    64  sysctl_a.o(i.SysCtl_A_getTLVInfo)
    SysInit                                  0x00000fbd   Thumb Code   134  sysinit.o(i.SysInit)
    SystemInit                               0x00001051   Thumb Code    86  system_msp432p401r.o(i.SystemInit)
    T32_INT1_IRQHandler                      0x000010bd   Thumb Code    14  tim32.o(i.T32_INT1_IRQHandler)
    T32_INT2_IRQHandler                      0x000010d5   Thumb Code    14  tim32.o(i.T32_INT2_IRQHandler)
    TA0_0_IRQHandler                         0x000010ed   Thumb Code    30  tima.o(i.TA0_0_IRQHandler)
    TA2_N_IRQHandler                         0x00001111   Thumb Code   218  tima.o(i.TA2_N_IRQHandler)
    Timer_A_generatePWM                      0x000011fd   Thumb Code    76  timer_a.o(i.Timer_A_generatePWM)
    Timer_A_getCaptureCompareCount           0x00001249   Thumb Code    16  timer_a.o(i.Timer_A_getCaptureCompareCount)
    UART_enableInterrupt                     0x00001259   Thumb Code    22  uart.o(i.UART_enableInterrupt)
    UART_getEnabledInterruptStatus           0x0000126f   Thumb Code    38  uart.o(i.UART_getEnabledInterruptStatus)
    UART_initModule                          0x00001295   Thumb Code   146  uart.o(i.UART_initModule)
    UART_transmitData                        0x00001327   Thumb Code    22  uart.o(i.UART_transmitData)
    __0printf                                0x00001495   Thumb Code    22  printfa.o(i.__0printf)
    __1printf                                0x00001495   Thumb Code     0  printfa.o(i.__0printf)
    __2printf                                0x00001495   Thumb Code     0  printfa.o(i.__0printf)
    __c89printf                              0x00001495   Thumb Code     0  printfa.o(i.__0printf)
    printf                                   0x00001495   Thumb Code     0  printfa.o(i.__0printf)
    malloc                                   0x000014f5   Thumb Code    64  mallocr.o(i.__malloc$realloc)
    __scatterload_copy                       0x00001545   Thumb Code    14  handlers.o(i.__scatterload_copy)
    __scatterload_null                       0x00001553   Thumb Code     2  handlers.o(i.__scatterload_null)
    __scatterload_zeroinit                   0x00001555   Thumb Code    14  handlers.o(i.__scatterload_zeroinit)
    _shell_register                          0x00001e19   Thumb Code   126  shell.o(i._shell_register)
    bitPosition                              0x00001ea5   Thumb Code    18  baudrate_calculate.o(i.bitPosition)
    cmdline_gets                             0x00001f31   Thumb Code   334  shell.o(i.cmdline_gets)
    cmdline_param                            0x000020a1   Thumb Code   242  shell.o(i.cmdline_param)
    debug_puts                               0x0000226d   Thumb Code    18  main.o(i.debug_puts)
    delay_init                               0x00002285   Thumb Code    34  delay.o(i.delay_init)
    eusci_calcBaudDividers                   0x000022b1   Thumb Code   348  baudrate_calculate.o(i.eusci_calcBaudDividers)
    fputc                                    0x00002555   Thumb Code    18  usart.o(i.fputc)
    main                                     0x000025e9   Thumb Code   206  main.o(i.main)
    printk                                   0x00002865   Thumb Code   854  ustdio.o(i.printk)
    shell_confirm                            0x00002d41   Thumb Code    30  shell.o(i.shell_confirm)
    shell_init                               0x00002eb1   Thumb Code    84  shell.o(i.shell_init)
    shell_input_init                         0x00002f61   Thumb Code   114  shell.o(i.shell_input_init)
    uart_Tx                                  0x000033c9   Thumb Code    32  usart.o(i.uart_Tx)
    uart_init_IT                             0x000033e9   Thumb Code    66  usart.o(i.uart_init_IT)
    welcome_gets                             0x00003439   Thumb Code    46  shell.o(i.welcome_gets)
    none                                     0x00003848   Data           5  ustdio.o(.constdata)
    black                                    0x0000384d   Data           8  ustdio.o(.constdata)
    dark_gray                                0x00003855   Data           8  ustdio.o(.constdata)
    blue                                     0x0000385d   Data           8  ustdio.o(.constdata)
    light_blue                               0x00003865   Data           8  ustdio.o(.constdata)
    green                                    0x0000386d   Data           8  ustdio.o(.constdata)
    light_green                              0x00003875   Data           8  ustdio.o(.constdata)
    cyan                                     0x0000387d   Data           8  ustdio.o(.constdata)
    light_cyan                               0x00003885   Data           8  ustdio.o(.constdata)
    red                                      0x0000388d   Data           8  ustdio.o(.constdata)
    light_red                                0x00003895   Data           8  ustdio.o(.constdata)
    purple                                   0x0000389d   Data           8  ustdio.o(.constdata)
    light_purple                             0x000038a5   Data           8  ustdio.o(.constdata)
    brown                                    0x000038ad   Data           8  ustdio.o(.constdata)
    yellow                                   0x000038b5   Data           8  ustdio.o(.constdata)
    light_gray                               0x000038bd   Data           8  ustdio.o(.constdata)
    white                                    0x000038c5   Data           8  ustdio.o(.constdata)
    __ctype_table                            0x00003a28   Data         129  ctype_o.o(.constdata)
    Region$$Table$$Base                      0x00003ab0   Number         0  anon$$obj.o(Region$$Table)
    Region$$Table$$Limit                     0x00003ad0   Number         0  anon$$obj.o(Region$$Table)
    sc                                       0x20000000   Data           4  main.o(.data)
    pidx                                     0x20000004   Data           4  main.o(.data)
    pidy                                     0x20000008   Data           4  main.o(.data)
    pidxv                                    0x2000000c   Data           4  main.o(.data)
    pidyv                                    0x20000010   Data           4  main.o(.data)
    I2C_DebugBase                            0x20000014   Data           4  main.o(.data)
    I2C_DebugInt                             0x20000018   Data           4  main.o(.data)
    UCA0_RxCnt                               0x2000001c   Data           2  main.o(.data)
    TIMA2_CAP_STA                            0x20000022   Data           1  tima.o(.data)
    TIMA2_CAP_VAL                            0x20000024   Data           2  tima.o(.data)
    DEFAULT_INPUTSIGN                        0x2000002c   Data          36  shell.o(.data)
    current_puts                             0x20000050   Data           4  ustdio.o(.data)
    default_puts                             0x20000054   Data           4  ustdio.o(.data)
    default_color                            0x20000058   Data           4  ustdio.o(.data)
    __stdout                                 0x2000005c   Data           4  ustdio.o(.data)
    __microlib_freelist                      0x2000006c   Data           4  mvars.o(.data)
    __microlib_freelist_initialised          0x20000070   Data           4  mvars.o(.data)
    cmd                                      0x20000074   Data          32  main.o(.bss)
    UCA0_RxBuf                               0x20000094   Data         128  main.o(.bss)
    UCA0_ShInput                             0x20000114   Data         232  main.o(.bss)
    __heap_base                              0x20000250   Data           0  startup_msp432p401r_uvision.o(HEAP)
    __heap_limit                             0x20000a50   Data           0  startup_msp432p401r_uvision.o(HEAP)
    __initial_sp                             0x20000c50   Data           0  startup_msp432p401r_uvision.o(STACK)



==============================================================================

Memory Map of the image

  Image Entry point : 0x00000145

  Load Region LR_IROM1 (Base: 0x00000000, Size: 0x00003b44, Max: 0x00040000, ABSOLUTE)

    Execution Region ER_IROM1 (Exec base: 0x00000000, Load base: 0x00000000, Size: 0x00003ad0, Max: 0x00040000, ABSOLUTE)

    Exec Addr    Load Addr    Size         Type   Attr      Idx    E Section Name        Object

    0x00000000   0x00000000   0x00000144   Data   RO           73    RESET               startup_msp432p401r_uvision.o
    0x00000144   0x00000144   0x00000000   Code   RO         4713  * .ARM.Collect$$$$00000000  mc_w.l(entry.o)
    0x00000144   0x00000144   0x00000004   Code   RO         5104    .ARM.Collect$$$$00000001  mc_w.l(entry2.o)
    0x00000148   0x00000148   0x00000004   Code   RO         5107    .ARM.Collect$$$$00000004  mc_w.l(entry5.o)
    0x0000014c   0x0000014c   0x00000000   Code   RO         5109    .ARM.Collect$$$$00000008  mc_w.l(entry7b.o)
    0x0000014c   0x0000014c   0x00000000   Code   RO         5111    .ARM.Collect$$$$0000000A  mc_w.l(entry8b.o)
    0x0000014c   0x0000014c   0x00000008   Code   RO         5112    .ARM.Collect$$$$0000000B  mc_w.l(entry9a.o)
    0x00000154   0x00000154   0x00000000   Code   RO         5114    .ARM.Collect$$$$0000000D  mc_w.l(entry10a.o)
    0x00000154   0x00000154   0x00000000   Code   RO         5116    .ARM.Collect$$$$0000000F  mc_w.l(entry11a.o)
    0x00000154   0x00000154   0x00000004   Code   RO         5105    .ARM.Collect$$$$00002712  mc_w.l(entry2.o)
    0x00000158   0x00000158   0x00000026   Code   RO         4532    .emb_text           msp432p4xx_driverlib.lib(cpu.o)
    0x0000017e   0x0000017e   0x00000002   PAD
    0x00000180   0x00000180   0x00000024   Code   RO           74    .text               startup_msp432p401r_uvision.o
    0x000001a4   0x000001a4   0x00000008   Code   RO         4719    .text               mc_w.l(ctype_o.o)
    0x000001ac   0x000001ac   0x00000040   Code   RO         4751    .text               mc_w.l(memmovea.o)
    0x000001ec   0x000001ec   0x00000024   Code   RO         4753    .text               mc_w.l(memseta.o)
    0x00000210   0x00000210   0x00000018   Code   RO         4757    .text               mc_w.l(strncpy.o)
    0x00000228   0x00000228   0x0000001a   Code   RO         4763    .text               mc_w.l(memcmp.o)
    0x00000242   0x00000242   0x00000012   Code   RO         4765    .text               mc_w.l(strcpy.o)
    0x00000254   0x00000254   0x000000de   Code   RO         5062    .text               mf_w.l(ddiv.o)
    0x00000332   0x00000332   0x0000001a   Code   RO         5066    .text               mf_w.l(dfltui.o)
    0x0000034c   0x0000034c   0x0000003e   Code   RO         5068    .text               mf_w.l(dfixi.o)
    0x0000038a   0x0000038a   0x00000002   PAD
    0x0000038c   0x0000038c   0x00000030   Code   RO         5072    .text               mf_w.l(cdrcmple.o)
    0x000003bc   0x000003bc   0x00000038   Code   RO         5074    .text               mf_w.l(d2f.o)
    0x000003f4   0x000003f4   0x0000002c   Code   RO         5118    .text               mc_w.l(uidiv.o)
    0x00000420   0x00000420   0x00000062   Code   RO         5120    .text               mc_w.l(uldiv.o)
    0x00000482   0x00000482   0x00000020   Code   RO         5122    .text               mc_w.l(llushr.o)
    0x000004a2   0x000004a2   0x00000000   Code   RO         5133    .text               mc_w.l(iusefp.o)
    0x000004a2   0x000004a2   0x0000006e   Code   RO         5134    .text               mf_w.l(fepilogue.o)
    0x00000510   0x00000510   0x000000ba   Code   RO         5136    .text               mf_w.l(depilogue.o)
    0x000005ca   0x000005ca   0x0000014e   Code   RO         5138    .text               mf_w.l(dadd.o)
    0x00000718   0x00000718   0x000000e4   Code   RO         5140    .text               mf_w.l(dmul.o)
    0x000007fc   0x000007fc   0x00000030   Code   RO         5142    .text               mf_w.l(dfixul.o)
    0x0000082c   0x0000082c   0x00000024   Code   RO         5144    .text               mc_w.l(init.o)
    0x00000850   0x00000850   0x0000001e   Code   RO         5146    .text               mc_w.l(llshl.o)
    0x0000086e   0x0000086e   0x00000024   Code   RO         5148    .text               mc_w.l(llsshr.o)
    0x00000892   0x00000892   0x00000002   PAD
    0x00000894   0x00000894   0x0000006c   Code   RO          283    i.ADC14_IRQHandler  adc.o
    0x00000900   0x00000900   0x0000002c   Code   RO         2967    i.ADC14_getMultiSequenceResult  msp432p4xx_driverlib.lib(adc14.o)
    0x0000092c   0x0000092c   0x00000024   Code   RO         3221    i.CS_clearInterruptFlag  msp432p4xx_driverlib.lib(cs.o)
    0x00000950   0x00000950   0x00000018   Code   RO         3230    i.CS_getACLK        msp432p4xx_driverlib.lib(cs.o)
    0x00000968   0x00000968   0x0000010c   Code   RO         3232    i.CS_getDCOFrequency  msp432p4xx_driverlib.lib(cs.o)
    0x00000a74   0x00000a74   0x00000018   Code   RO         3236    i.CS_getMCLK        msp432p4xx_driverlib.lib(cs.o)
    0x00000a8c   0x00000a8c   0x00000018   Code   RO         3237    i.CS_getSMCLK       msp432p4xx_driverlib.lib(cs.o)
    0x00000aa4   0x00000aa4   0x0000000c   Code   RO         3244    i.CS_setExternalClockSourceFrequency  msp432p4xx_driverlib.lib(cs.o)
    0x00000ab0   0x00000ab0   0x00000006   Code   RO         3247    i.CS_startHFXT      msp432p4xx_driverlib.lib(cs.o)
    0x00000ab6   0x00000ab6   0x00000002   PAD
    0x00000ab8   0x00000ab8   0x000000a0   Code   RO         3248    i.CS_startHFXTWithTimeout  msp432p4xx_driverlib.lib(cs.o)
    0x00000b58   0x00000b58   0x00000006   Code   RO         3249    i.CS_startLFXT      msp432p4xx_driverlib.lib(cs.o)
    0x00000b5e   0x00000b5e   0x00000002   PAD
    0x00000b60   0x00000b60   0x000000a0   Code   RO         3250    i.CS_startLFXTWithTimeout  msp432p4xx_driverlib.lib(cs.o)
    0x00000c00   0x00000c00   0x0000003c   Code   RO           81    i.EUSCIA0_IRQHandler  main.o
    0x00000c3c   0x00000c3c   0x00000020   Code   RO         3647    i.GPIO_setAsOutputPin  msp432p4xx_driverlib.lib(gpio.o)
    0x00000c5c   0x00000c5c   0x0000003c   Code   RO         3649    i.GPIO_setAsPeripheralModuleFunctionOutputPin  msp432p4xx_driverlib.lib(gpio.o)
    0x00000c98   0x00000c98   0x00000014   Code   RO         3652    i.GPIO_setOutputHighOnPin  msp432p4xx_driverlib.lib(gpio.o)
    0x00000cac   0x00000cac   0x00000014   Code   RO         3653    i.GPIO_setOutputLowOnPin  msp432p4xx_driverlib.lib(gpio.o)
    0x00000cc0   0x00000cc0   0x00000014   Code   RO         3654    i.GPIO_toggleOutputOnPin  msp432p4xx_driverlib.lib(gpio.o)
    0x00000cd4   0x00000cd4   0x0000005c   Code   RO         4065    i.Interrupt_enableInterrupt  msp432p4xx_driverlib.lib(interrupt.o)
    0x00000d30   0x00000d30   0x0000000e   Code   RO         4066    i.Interrupt_enableMaster  msp432p4xx_driverlib.lib(interrupt.o)
    0x00000d3e   0x00000d3e   0x00000002   PAD
    0x00000d40   0x00000d40   0x00000060   Code   RO          318    i.KEY_Init          key.o
    0x00000da0   0x00000da0   0x00000050   Code   RO          320    i.PORT1_IRQHandler  key.o
    0x00000df0   0x00000df0   0x00000154   Code   RO          747    i.ServoControl2_init  servo.o
    0x00000f44   0x00000f44   0x00000010   Code   RO         4555    i.SysCtl_A_disableNMISource  msp432p4xx_driverlib.lib(sysctl_a.o)
    0x00000f54   0x00000f54   0x00000010   Code   RO         4560    i.SysCtl_A_enableNMISource  msp432p4xx_driverlib.lib(sysctl_a.o)
    0x00000f64   0x00000f64   0x00000010   Code   RO         4566    i.SysCtl_A_getNMISourceStatus  msp432p4xx_driverlib.lib(sysctl_a.o)
    0x00000f74   0x00000f74   0x00000048   Code   RO         4568    i.SysCtl_A_getTLVInfo  msp432p4xx_driverlib.lib(sysctl_a.o)
    0x00000fbc   0x00000fbc   0x00000094   Code   RO         2857    i.SysInit           sysinit.o
    0x00001050   0x00001050   0x0000006c   Code   RO            5    i.SystemInit        system_msp432p401r.o
    0x000010bc   0x000010bc   0x00000018   Code   RO          648    i.T32_INT1_IRQHandler  tim32.o
    0x000010d4   0x000010d4   0x00000018   Code   RO          649    i.T32_INT2_IRQHandler  tim32.o
    0x000010ec   0x000010ec   0x00000024   Code   RO          690    i.TA0_0_IRQHandler  tima.o
    0x00001110   0x00001110   0x000000ec   Code   RO          691    i.TA2_N_IRQHandler  tima.o
    0x000011fc   0x000011fc   0x0000004c   Code   RO         4214    i.Timer_A_generatePWM  msp432p4xx_driverlib.lib(timer_a.o)
    0x00001248   0x00001248   0x00000010   Code   RO         4215    i.Timer_A_getCaptureCompareCount  msp432p4xx_driverlib.lib(timer_a.o)
    0x00001258   0x00001258   0x00000016   Code   RO         4394    i.UART_enableInterrupt  msp432p4xx_driverlib.lib(uart.o)
    0x0000126e   0x0000126e   0x00000026   Code   RO         4396    i.UART_getEnabledInterruptStatus  msp432p4xx_driverlib.lib(uart.o)
    0x00001294   0x00001294   0x00000092   Code   RO         4400    i.UART_initModule   msp432p4xx_driverlib.lib(uart.o)
    0x00001326   0x00001326   0x00000016   Code   RO         4409    i.UART_transmitData  msp432p4xx_driverlib.lib(uart.o)
    0x0000133c   0x0000133c   0x000000c0   Code   RO         3253    i._CSComputeCLKFrequency  msp432p4xx_driverlib.lib(cs.o)
    0x000013fc   0x000013fc   0x00000098   Code   RO         3254    i._CSGetHFXTFrequency  msp432p4xx_driverlib.lib(cs.o)
    0x00001494   0x00001494   0x00000020   Code   RO         5006    i.__0printf         mc_w.l(printfa.o)
    0x000014b4   0x000014b4   0x00000040   Code   RO           82    i.__NVIC_SystemReset  main.o
    0x000014f4   0x000014f4   0x00000050   Code   RO         5039    i.__malloc$realloc  mc_w.l(mallocr.o)
    0x00001544   0x00001544   0x0000000e   Code   RO         5152    i.__scatterload_copy  mc_w.l(handlers.o)
    0x00001552   0x00001552   0x00000002   Code   RO         5153    i.__scatterload_null  mc_w.l(handlers.o)
    0x00001554   0x00001554   0x0000000e   Code   RO         5154    i.__scatterload_zeroinit  mc_w.l(handlers.o)
    0x00001562   0x00001562   0x00000002   PAD
    0x00001564   0x00001564   0x00000184   Code   RO         5013    i._fp_digits        mc_w.l(printfa.o)
    0x000016e8   0x000016e8   0x000006dc   Code   RO         5014    i._printf_core      mc_w.l(printfa.o)
    0x00001dc4   0x00001dc4   0x00000024   Code   RO         5015    i._printf_post_padding  mc_w.l(printfa.o)
    0x00001de8   0x00001de8   0x0000002e   Code   RO         5016    i._printf_pre_padding  mc_w.l(printfa.o)
    0x00001e16   0x00001e16   0x00000002   PAD
    0x00001e18   0x00001e18   0x0000008c   Code   RO         2543    i._shell_register   shell.o
    0x00001ea4   0x00001ea4   0x00000012   Code   RO         2919    i.bitPosition       baudrate_calculate.o
    0x00001eb6   0x00001eb6   0x00000002   PAD
    0x00001eb8   0x00001eb8   0x00000078   Code   RO         2544    i.checkout          shell.o
    0x00001f30   0x00001f30   0x00000170   Code   RO         2545    i.cmdline_gets      shell.o
    0x000020a0   0x000020a0   0x000000f2   Code   RO         2546    i.cmdline_param     shell.o
    0x00002192   0x00002192   0x00000002   PAD
    0x00002194   0x00002194   0x000000d8   Code   RO         2548    i.confirm_gets      shell.o
    0x0000226c   0x0000226c   0x00000018   Code   RO           84    i.debug_puts        main.o
    0x00002284   0x00002284   0x0000002c   Code   RO         2881    i.delay_init        delay.o
    0x000022b0   0x000022b0   0x00000168   Code   RO         2920    i.eusci_calcBaudDividers  baudrate_calculate.o
    0x00002418   0x00002418   0x0000013c   Code   RO         2729    i.float2string      ustdio.o
    0x00002554   0x00002554   0x00000018   Code   RO         2767    i.fputc             usart.o
    0x0000256c   0x0000256c   0x00000050   Code   RO         5040    i.internal_alloc    mc_w.l(mallocr.o)
    0x000025bc   0x000025bc   0x0000002a   Code   RO          321    i.key_delay         key.o
    0x000025e6   0x000025e6   0x00000002   PAD
    0x000025e8   0x000025e8   0x0000011c   Code   RO           85    i.main              main.o
    0x00002704   0x00002704   0x00000160   Code   RO         2730    i.number            ustdio.o
    0x00002864   0x00002864   0x00000364   Code   RO         2731    i.printk            ustdio.o
    0x00002bc8   0x00002bc8   0x000000b4   Code   RO         4231    i.privateTimer_AProcessClockSourceDivider  msp432p4xx_driverlib.lib(timer_a.o)
    0x00002c7c   0x00002c7c   0x0000009c   Code   RO         2549    i.shell_backspace   shell.o
    0x00002d18   0x00002d18   0x00000028   Code   RO         2550    i.shell_clean_screen  shell.o
    0x00002d40   0x00002d40   0x00000030   Code   RO         2551    i.shell_confirm     shell.o
    0x00002d70   0x00002d70   0x00000050   Code   RO         2552    i.shell_debug_stream  shell.o
    0x00002dc0   0x00002dc0   0x000000f0   Code   RO         2553    i.shell_getchar     shell.o
    0x00002eb0   0x00002eb0   0x000000b0   Code   RO         2554    i.shell_init        shell.o
    0x00002f60   0x00002f60   0x00000080   Code   RO         2555    i.shell_input_init  shell.o
    0x00002fe0   0x00002fe0   0x00000038   Code   RO         2556    i.shell_insert_cmd  shell.o
    0x00003018   0x00003018   0x00000074   Code   RO         2557    i.shell_list_cmd    shell.o
    0x0000308c   0x0000308c   0x000000e4   Code   RO         2558    i.shell_parse       shell.o
    0x00003170   0x00003170   0x00000046   Code   RO         2559    i.shell_record      shell.o
    0x000031b6   0x000031b6   0x0000002a   Code   RO         2560    i.shell_search_cmd  shell.o
    0x000031e0   0x000031e0   0x000000b4   Code   RO         2561    i.shell_show_history  shell.o
    0x00003294   0x00003294   0x00000114   Code   RO         2562    i.shell_tab         shell.o
    0x000033a8   0x000033a8   0x00000020   Code   RO         2563    i.shell_version     shell.o
    0x000033c8   0x000033c8   0x00000020   Code   RO         2770    i.uart_Tx           usart.o
    0x000033e8   0x000033e8   0x00000050   Code   RO         2773    i.uart_init_IT      usart.o
    0x00003438   0x00003438   0x0000003c   Code   RO         2564    i.welcome_gets      shell.o
    0x00003474   0x00003474   0x00000030   Data   RO          752    .constdata          servo.o
    0x000034a4   0x000034a4   0x000003a2   Data   RO         2566    .constdata          shell.o
    0x00003846   0x00003846   0x00000002   PAD
    0x00003848   0x00003848   0x000000b4   Data   RO         2732    .constdata          ustdio.o
    0x000038fc   0x000038fc   0x00000050   Data   RO         2775    .constdata          usart.o
    0x0000394c   0x0000394c   0x0000004c   Data   RO         3656    .constdata          msp432p4xx_driverlib.lib(gpio.o)
    0x00003998   0x00003998   0x00000090   Data   RO         4081    .constdata          msp432p4xx_driverlib.lib(interrupt.o)
    0x00003a28   0x00003a28   0x00000081   Data   RO         4720    .constdata          mc_w.l(ctype_o.o)
    0x00003aa9   0x00003aa9   0x00000003   PAD
    0x00003aac   0x00003aac   0x00000004   Data   RO         4721    .constdata          mc_w.l(ctype_o.o)
    0x00003ab0   0x00003ab0   0x00000020   Data   RO         5150    Region$$Table       anon$$obj.o


    Execution Region RW_IRAM1 (Exec base: 0x20000000, Load base: 0x00003ad0, Size: 0x00000c50, Max: 0x00010000, ABSOLUTE)

    Exec Addr    Load Addr    Size         Type   Attr      Idx    E Section Name        Object

    0x20000000   0x00003ad0   0x0000001e   Data   RW           87    .data               main.o
    0x2000001e   0x00003aee   0x00000004   Data   RW          285    .data               adc.o
    0x20000022   0x00003af2   0x00000004   Data   RW          696    .data               tima.o
    0x20000026   0x00003af6   0x00000002   PAD
    0x20000028   0x00003af8   0x00000028   Data   RW         2567    .data               shell.o
    0x20000050   0x00003b20   0x00000010   Data   RW         2733    .data               ustdio.o
    0x20000060   0x00003b30   0x00000001   Data   RW         2884    .data               delay.o
    0x20000061   0x00003b31   0x00000003   PAD
    0x20000064   0x00003b34   0x00000008   Data   RW         3255    .data               msp432p4xx_driverlib.lib(cs.o)
    0x2000006c   0x00003b3c   0x00000004   Data   RW         5124    .data               mc_w.l(mvars.o)
    0x20000070   0x00003b40   0x00000004   Data   RW         5125    .data               mc_w.l(mvars.o)
    0x20000074        -       0x00000198   Zero   RW           86    .bss                main.o
    0x2000020c        -       0x00000040   Zero   RW         2565    .bss                shell.o
    0x2000024c   0x00003b44   0x00000004   PAD
    0x20000250        -       0x00000800   Zero   RW           72    HEAP                startup_msp432p401r_uvision.o
    0x20000a50        -       0x00000200   Zero   RW           71    STACK               startup_msp432p401r_uvision.o


==============================================================================

Image component sizes


      Code (inc. data)   RO Data    RW Data    ZI Data      Debug   Object Name

       108         24          0          4          0       1143   adc.o
       378         12          0          0          0       2231   baudrate_calculate.o
        44         10          0          1          0        665   delay.o
         0          0          0          0          0       1784   driver_mpu6050_interface.o
       218         10          0          0          0       1942   key.o
       432        108          0         30        408      18677   main.o
       340         78         48          0          0       7049   servo.o
      3014        396        930         40         64      19848   shell.o
        36          8        324          0       2560        836   startup_msp432p401r_uvision.o
       148         14          0          0          0        514   sysinit.o
       108         22          0          0          0       5053   system_msp432p401r.o
        48         20          0          0          0       1012   tim32.o
       272         24          0          4          0       1368   tima.o
       136         20         80          0          0       2317   usart.o
      1536         26        180         16          0       7898   ustdio.o

    ----------------------------------------------------------------------
      6824        772       1596        100       3036      72337   Object Totals
         0          0         32          0          0          0   (incl. Generated)
         6          0          2          5          4          0   (incl. Padding)

    ----------------------------------------------------------------------

      Code (inc. data)   RO Data    RW Data    ZI Data      Debug   Library Member Name

         8          4        133          0          0         68   ctype_o.o
         0          0          0          0          0          0   entry.o
         0          0          0          0          0          0   entry10a.o
         0          0          0          0          0          0   entry11a.o
         8          4          0          0          0          0   entry2.o
         4          0          0          0          0          0   entry5.o
         0          0          0          0          0          0   entry7b.o
         0          0          0          0          0          0   entry8b.o
         8          4          0          0          0          0   entry9a.o
        30          0          0          0          0          0   handlers.o
        36          8          0          0          0         68   init.o
         0          0          0          0          0          0   iusefp.o
        30          0          0          0          0         68   llshl.o
        36          0          0          0          0         68   llsshr.o
        32          0          0          0          0         68   llushr.o
       160         20          0          0          0        172   mallocr.o
        26          0          0          0          0         80   memcmp.o
        64          0          0          0          0         76   memmovea.o
        36          0          0          0          0        108   memseta.o
         0          0          0          8          0          0   mvars.o
      2258         90          0          0          0        452   printfa.o
        18          0          0          0          0         68   strcpy.o
        24          0          0          0          0         76   strncpy.o
        44          0          0          0          0         80   uidiv.o
        98          0          0          0          0         92   uldiv.o
        48          0          0          0          0         68   cdrcmple.o
        56          0          0          0          0         88   d2f.o
       334          0          0          0          0        148   dadd.o
       222          0          0          0          0        100   ddiv.o
       186          0          0          0          0        176   depilogue.o
        62          0          0          0          0         80   dfixi.o
        48          0          0          0          0         68   dfixul.o
        26          0          0          0          0         76   dfltui.o
       228          0          0          0          0         96   dmul.o
       110          0          0          0          0        168   fepilogue.o
        44          6          0          0          0       4582   adc14.o
        38          0          0          0          0        676   cpu.o
      1064        170          0          8          0      13545   cs.o
       152         28         76          0          0       4582   gpio.o
       106          8        144          0          0       2381   interrupt.o
       120         26          0          0          0       3378   sysctl_a.o
       272         28          0          0          0       8757   timer_a.o
       228          0          0          0          0       7376   uart.o

    ----------------------------------------------------------------------
      6280        396        356         16          0      47889   Library Totals
        16          0          3          0          0          0   (incl. Padding)

    ----------------------------------------------------------------------

      Code (inc. data)   RO Data    RW Data    ZI Data      Debug   Library Name

      2920        130        133          8          0       1544   mc_w.l
      1320          0          0          0          0       1068   mf_w.l
      2024        266        220          8          0      45277   msp432p4xx_driverlib.lib

    ----------------------------------------------------------------------
      6280        396        356         16          0      47889   Library Totals

    ----------------------------------------------------------------------

==============================================================================


      Code (inc. data)   RO Data    RW Data    ZI Data      Debug   

     13104       1168       1952        116       3036     112078   Grand Totals
     13104       1168       1952        116       3036     112078   ELF Image Totals
     13104       1168       1952        116          0          0   ROM Totals

==============================================================================

    Total RO  Size (Code + RO Data)                15056 (  14.70kB)
    Total RW  Size (RW Data + ZI Data)              3152 (   3.08kB)
    Total ROM Size (Code + RO Data + RW Data)      15172 (  14.82kB)

==============================================================================

